[2026-03-29 01:37:22,038][__main__][INFO] - Used config: n_samples_to_attack: 1500
data_split_to_attack: test
save_attack_artifacts: true
perform_training: true
perform_training_grid_search_hparams: true
perform_constraints_mining: false
perform_constraints_ranking: false
perform_constraints_soundness_evaluation: false
perform_attack: true
perform_projection: true
data:
  name: bank
  params:
    dataset_name: ${data.name}
    data_file_path: ${data.paths.data_file_path}
    metadata_file_path: ${data.paths.metadata_file_path}
    encoding_method: one_hot_encoding
    random_seed: 42
    train_proportion: 0.87
  paths:
    data_dir_path: data/${data.name}/raw-data
    data_file_path: ${data.paths.data_dir_path}/bank-full.csv
    metadata_file_path: ${data.paths.data_dir_path}/bank.metadata.csv
    constraints_dir_path: data/${data.name}/mined-constraints
    raw_dcs_out_path: ${data.paths.constraints_dir_path}/bank-11cols__DC_threshold=0.01__fastadc_dcs.txt
    evaluated_dcs_out_path: ${data.paths.constraints_dir_path}/bank-11cols__DC_threshold=0.01__fastadc_dcs__eval.csv
ml_model:
  model_type: kernel
  model_artifact_path: trained-models/kernel/${data.name}-${ml_model.model_type}.pt
  perform_training: ${perform_training}
  perform_grid_search_hparams: ${perform_training_grid_search_hparams}
  default_hparams:
    kernel: laplacian
    L: 0.5
    reg: 0.001
    version: kernel
    iters: 0
    egop_samples: 20000
    egop_batch_size: 2500
attack:
  attack_name: cafa
  random_init: true
  random_seed: null
  max_iter: 250
  max_iter_tabpgd: 100
  eps: 0.03333333333333333
  step_size: 0.0003333333333333333
  perturb_categorical_each_steps: 10
constraints:
  constrainer_params:
    evaluated_dcs_out_path: ${data.paths.evaluated_dcs_out_path}
    n_dcs: 5000
    n_tuples: 1
    limit_cost_ball: true
    cost_ball_eps: 0.03333333333333333
  projector_params:
    upper_projection_budget_bound: 0.5
  mining_params:
    perform_constraints_mining: ${perform_constraints_mining}
    perform_constraints_ranking: ${perform_constraints_ranking}
    raw_dcs_out_path: ${data.paths.raw_dcs_out_path}
    evaluated_dcs_out_path: ${data.paths.evaluated_dcs_out_path}
    approx_violation_threshold: 0.01
    path_to_fastadc_miner_jar: src/constraints/mining/resources/FastADC-1.0-SNAPSHOT.jar
    n_dcs_to_eval: 10000
    n_tuples_to_eval: 1000
    n_other_tuples_to_eval: 8000

[2026-03-29 01:37:23,502][src.models.kernel][INFO] - Training kernel model: kernel=laplacian, L=0.05, reg=0.01, iters=0, n_train=33434, n_test=5899
[2026-03-29 01:38:04,392][src.models.kernel][INFO] - Final Acc: 87.88
[2026-03-29 01:38:04,845][src.models.kernel][INFO] - Saved kernel artifact to outputs/tmp_kernel_bank_lap.pt
[2026-03-29 01:38:04,845][src.models.kernel][INFO] - kernel=laplacian L=0.05 reg=0.01 => score=87.8793
[2026-03-29 01:38:05,075][src.models.kernel][INFO] - Training kernel model: kernel=laplacian, L=0.05, reg=0.001, iters=0, n_train=33434, n_test=5899
[2026-03-29 01:38:51,630][src.models.kernel][INFO] - Final Acc: 87.66
[2026-03-29 01:38:52,063][src.models.kernel][INFO] - Saved kernel artifact to outputs/tmp_kernel_bank_lap.pt
[2026-03-29 01:38:52,063][src.models.kernel][INFO] - kernel=laplacian L=0.05 reg=0.001 => score=87.6589
[2026-03-29 01:38:52,331][src.models.kernel][INFO] - Training kernel model: kernel=laplacian, L=0.05, reg=0.0001, iters=0, n_train=33434, n_test=5899
[2026-03-29 01:39:32,415][src.models.kernel][INFO] - Final Acc: 87.64
[2026-03-29 01:39:32,811][src.models.kernel][INFO] - Saved kernel artifact to outputs/tmp_kernel_bank_lap.pt
[2026-03-29 01:39:32,811][src.models.kernel][INFO] - kernel=laplacian L=0.05 reg=0.0001 => score=87.6420
[2026-03-29 01:39:33,080][src.models.kernel][INFO] - Training kernel model: kernel=laplacian, L=0.125, reg=0.01, iters=0, n_train=33434, n_test=5899
[2026-03-29 01:40:23,177][src.models.kernel][INFO] - Final Acc: 88.08
[2026-03-29 01:40:23,853][src.models.kernel][INFO] - Saved kernel artifact to outputs/tmp_kernel_bank_lap.pt
[2026-03-29 01:40:23,853][src.models.kernel][INFO] - kernel=laplacian L=0.125 reg=0.01 => score=88.0827
[2026-03-29 01:40:24,114][src.models.kernel][INFO] - Training kernel model: kernel=laplacian, L=0.125, reg=0.001, iters=0, n_train=33434, n_test=5899
[2026-03-29 01:41:19,527][src.models.kernel][INFO] - Final Acc: 87.76
[2026-03-29 01:41:19,914][src.models.kernel][INFO] - Saved kernel artifact to outputs/tmp_kernel_bank_lap.pt
[2026-03-29 01:41:19,915][src.models.kernel][INFO] - kernel=laplacian L=0.125 reg=0.001 => score=87.7606
[2026-03-29 01:41:20,079][src.models.kernel][INFO] - Training kernel model: kernel=laplacian, L=0.125, reg=0.0001, iters=0, n_train=33434, n_test=5899
[2026-03-29 01:42:14,419][src.models.kernel][INFO] - Final Acc: 87.68
[2026-03-29 01:42:14,827][src.models.kernel][INFO] - Saved kernel artifact to outputs/tmp_kernel_bank_lap.pt
[2026-03-29 01:42:14,827][src.models.kernel][INFO] - kernel=laplacian L=0.125 reg=0.0001 => score=87.6759
[2026-03-29 01:42:15,092][src.models.kernel][INFO] - Training kernel model: kernel=laplacian, L=0.25, reg=0.01, iters=0, n_train=33434, n_test=5899
[2026-03-29 01:43:09,522][src.models.kernel][INFO] - Final Acc: 88.49
[2026-03-29 01:43:09,929][src.models.kernel][INFO] - Saved kernel artifact to outputs/tmp_kernel_bank_lap.pt
[2026-03-29 01:43:09,929][src.models.kernel][INFO] - kernel=laplacian L=0.25 reg=0.01 => score=88.4896
[2026-03-29 01:43:10,204][src.models.kernel][INFO] - Training kernel model: kernel=laplacian, L=0.25, reg=0.001, iters=0, n_train=33434, n_test=5899
[2026-03-29 01:44:04,913][src.models.kernel][INFO] - Final Acc: 87.81
[2026-03-29 01:44:05,299][src.models.kernel][INFO] - Saved kernel artifact to outputs/tmp_kernel_bank_lap.pt
[2026-03-29 01:44:05,299][src.models.kernel][INFO] - kernel=laplacian L=0.25 reg=0.001 => score=87.8115
[2026-03-29 01:44:05,464][src.models.kernel][INFO] - Training kernel model: kernel=laplacian, L=0.25, reg=0.0001, iters=0, n_train=33434, n_test=5899
[2026-03-29 01:44:59,617][src.models.kernel][INFO] - Final Acc: 87.71
[2026-03-29 01:45:00,030][src.models.kernel][INFO] - Saved kernel artifact to outputs/tmp_kernel_bank_lap.pt
[2026-03-29 01:45:00,031][src.models.kernel][INFO] - kernel=laplacian L=0.25 reg=0.0001 => score=87.7098
[2026-03-29 01:45:00,295][src.models.kernel][INFO] - Training kernel model: kernel=laplacian, L=0.5, reg=0.01, iters=0, n_train=33434, n_test=5899
[2026-03-29 01:45:54,597][src.models.kernel][INFO] - Final Acc: 89.00
[2026-03-29 01:45:54,988][src.models.kernel][INFO] - Saved kernel artifact to outputs/tmp_kernel_bank_lap.pt
[2026-03-29 01:45:54,988][src.models.kernel][INFO] - kernel=laplacian L=0.5 reg=0.01 => score=88.9981
[2026-03-29 01:45:55,259][src.models.kernel][INFO] - Training kernel model: kernel=laplacian, L=0.5, reg=0.001, iters=0, n_train=33434, n_test=5899
[2026-03-29 01:46:49,535][src.models.kernel][INFO] - Final Acc: 87.93
[2026-03-29 01:46:49,933][src.models.kernel][INFO] - Saved kernel artifact to outputs/tmp_kernel_bank_lap.pt
[2026-03-29 01:46:49,934][src.models.kernel][INFO] - kernel=laplacian L=0.5 reg=0.001 => score=87.9302
[2026-03-29 01:46:50,215][src.models.kernel][INFO] - Training kernel model: kernel=laplacian, L=0.5, reg=0.0001, iters=0, n_train=33434, n_test=5899
[2026-03-29 01:47:43,957][src.models.kernel][INFO] - Final Acc: 87.79
[2026-03-29 01:47:44,348][src.models.kernel][INFO] - Saved kernel artifact to outputs/tmp_kernel_bank_lap.pt
[2026-03-29 01:47:44,348][src.models.kernel][INFO] - kernel=laplacian L=0.5 reg=0.0001 => score=87.7945
[2026-03-29 01:47:44,512][src.models.kernel][INFO] - Training kernel model: kernel=laplacian, L=1.0, reg=0.01, iters=0, n_train=33434, n_test=5899
[2026-03-29 01:48:38,567][src.models.kernel][INFO] - Final Acc: 89.20
[2026-03-29 01:48:38,962][src.models.kernel][INFO] - Saved kernel artifact to outputs/tmp_kernel_bank_lap.pt
[2026-03-29 01:48:38,963][src.models.kernel][INFO] - kernel=laplacian L=1 reg=0.01 => score=89.2016
[2026-03-29 01:48:39,242][src.models.kernel][INFO] - Training kernel model: kernel=laplacian, L=1.0, reg=0.001, iters=0, n_train=33434, n_test=5899
[2026-03-29 01:49:32,315][src.models.kernel][INFO] - Final Acc: 88.12
[2026-03-29 01:49:32,718][src.models.kernel][INFO] - Saved kernel artifact to outputs/tmp_kernel_bank_lap.pt
[2026-03-29 01:49:32,719][src.models.kernel][INFO] - kernel=laplacian L=1 reg=0.001 => score=88.1166
[2026-03-29 01:49:32,998][src.models.kernel][INFO] - Training kernel model: kernel=laplacian, L=1.0, reg=0.0001, iters=0, n_train=33434, n_test=5899
[2026-03-29 01:50:26,551][src.models.kernel][INFO] - Final Acc: 87.83
[2026-03-29 01:50:26,967][src.models.kernel][INFO] - Saved kernel artifact to outputs/tmp_kernel_bank_lap.pt
[2026-03-29 01:50:26,967][src.models.kernel][INFO] - kernel=laplacian L=1 reg=0.0001 => score=87.8284
[2026-03-29 01:50:27,131][src.models.kernel][INFO] - Training kernel model: kernel=laplacian, L=2.0, reg=0.01, iters=0, n_train=33434, n_test=5899
[2026-03-29 01:51:22,494][src.models.kernel][INFO] - Final Acc: 89.22
[2026-03-29 01:51:22,894][src.models.kernel][INFO] - Saved kernel artifact to outputs/tmp_kernel_bank_lap.pt
[2026-03-29 01:51:22,894][src.models.kernel][INFO] - kernel=laplacian L=2.0 reg=0.01 => score=89.2185
[2026-03-29 01:51:23,164][src.models.kernel][INFO] - Training kernel model: kernel=laplacian, L=2.0, reg=0.001, iters=0, n_train=33434, n_test=5899
[2026-03-29 01:52:02,668][src.models.kernel][INFO] - Final Acc: 88.46
[2026-03-29 01:52:03,118][src.models.kernel][INFO] - Saved kernel artifact to outputs/tmp_kernel_bank_lap.pt
[2026-03-29 01:52:03,118][src.models.kernel][INFO] - kernel=laplacian L=2.0 reg=0.001 => score=88.4557
[2026-03-29 01:52:03,397][src.models.kernel][INFO] - Training kernel model: kernel=laplacian, L=2.0, reg=0.0001, iters=0, n_train=33434, n_test=5899
[2026-03-29 01:52:43,632][src.models.kernel][INFO] - Final Acc: 87.91
[2026-03-29 01:52:44,084][src.models.kernel][INFO] - Saved kernel artifact to outputs/tmp_kernel_bank_lap.pt
[2026-03-29 01:52:44,084][src.models.kernel][INFO] - kernel=laplacian L=2.0 reg=0.0001 => score=87.9132
[2026-03-29 01:52:44,249][src.models.kernel][INFO] - Training kernel model: kernel=laplacian, L=4.0, reg=0.01, iters=0, n_train=33434, n_test=5899
[2026-03-29 01:53:24,528][src.models.kernel][INFO] - Final Acc: 89.34
[2026-03-29 01:53:24,984][src.models.kernel][INFO] - Saved kernel artifact to outputs/tmp_kernel_bank_lap.pt
[2026-03-29 01:53:24,985][src.models.kernel][INFO] - kernel=laplacian L=4.0 reg=0.01 => score=89.3372
[2026-03-29 01:53:25,268][src.models.kernel][INFO] - Training kernel model: kernel=laplacian, L=4.0, reg=0.001, iters=0, n_train=33434, n_test=5899
[2026-03-29 01:54:03,484][src.models.kernel][INFO] - Final Acc: 88.81
[2026-03-29 01:54:03,939][src.models.kernel][INFO] - Saved kernel artifact to outputs/tmp_kernel_bank_lap.pt
[2026-03-29 01:54:03,940][src.models.kernel][INFO] - kernel=laplacian L=4.0 reg=0.001 => score=88.8117
[2026-03-29 01:54:04,218][src.models.kernel][INFO] - Training kernel model: kernel=laplacian, L=4.0, reg=0.0001, iters=0, n_train=33434, n_test=5899
[2026-03-29 01:54:43,364][src.models.kernel][INFO] - Final Acc: 88.08
[2026-03-29 01:54:43,826][src.models.kernel][INFO] - Saved kernel artifact to outputs/tmp_kernel_bank_lap.pt
[2026-03-29 01:54:43,826][src.models.kernel][INFO] - kernel=laplacian L=4.0 reg=0.0001 => score=88.0827
[2026-03-29 01:54:43,999][src.models.kernel][INFO] - Training kernel model: kernel=laplacian, L=6.0, reg=0.01, iters=0, n_train=33434, n_test=5899
[2026-03-29 01:55:23,833][src.models.kernel][INFO] - Final Acc: 89.35
[2026-03-29 01:55:24,329][src.models.kernel][INFO] - Saved kernel artifact to outputs/tmp_kernel_bank_lap.pt
[2026-03-29 01:55:24,329][src.models.kernel][INFO] - kernel=laplacian L=6.0 reg=0.01 => score=89.3541
[2026-03-29 01:55:24,643][src.models.kernel][INFO] - Training kernel model: kernel=laplacian, L=6.0, reg=0.001, iters=0, n_train=33434, n_test=5899
[2026-03-29 01:56:18,633][src.models.kernel][INFO] - Final Acc: 89.12
[2026-03-29 01:56:19,095][src.models.kernel][INFO] - Saved kernel artifact to outputs/tmp_kernel_bank_lap.pt
[2026-03-29 01:56:19,095][src.models.kernel][INFO] - kernel=laplacian L=6.0 reg=0.001 => score=89.1168
[2026-03-29 01:56:19,379][src.models.kernel][INFO] - Training kernel model: kernel=laplacian, L=6.0, reg=0.0001, iters=0, n_train=33434, n_test=5899
[2026-03-29 02:00:32,173][src.models.kernel][INFO] - Final Acc: 88.17
[2026-03-29 02:00:32,908][src.models.kernel][INFO] - Saved kernel artifact to outputs/tmp_kernel_bank_lap.pt
[2026-03-29 02:00:32,909][src.models.kernel][INFO] - kernel=laplacian L=6.0 reg=0.0001 => score=88.1675
[2026-03-29 02:00:32,909][src.models.kernel][INFO] - Best kernel hyperparameters: {'kernel': 'laplacian', 'L': 6.0, 'reg': 0.01, 'version': 'kernel', 'iters': 0}
[2026-03-29 02:00:33,307][src.models.kernel][INFO] - Training kernel model: kernel=laplacian, L=6.0, reg=0.01, iters=0, n_train=33434, n_test=5899
[2026-03-29 02:06:43,416][src.models.kernel][INFO] - Final Acc: 89.35
[2026-03-29 02:06:44,078][src.models.kernel][INFO] - Saved kernel artifact to trained-models/kernel/bank-kernel.pt
[2026-03-29 02:06:44,079][src.models.utils][INFO] - Loading model from trained-models/kernel/bank-kernel.pt
[2026-03-29 02:06:44,280][art.estimators.classification.pytorch][INFO] - Inferred 0 hidden layers on PyTorch classifier.
[2026-03-29 02:06:44,560][__main__][INFO] - Initializing constraint set and projector for the attack.
[2026-03-29 02:07:44,830][__main__][INFO] - before-attack: {'is_misclassified_rate': 0.12, 'is_comp_rate': 0.796, 'is_mis_and_comp_rate': 0.08, 'l0_costs_mean': 0.0, 'l0_costs_on_mis_mean': 0.0, 'l0_costs_on_mis_and_comp_mean': 0.0, 'stand_linf_costs_mean': 0.0, 'stand_linf_costs_on_mis_mean': 0.0, 'stand_linfcosts_costs_on_mis_and_comp_mean': 0.0}
[2026-03-29 02:07:44,830][__main__][INFO] - Executing CaFA attack.
[2026-03-29 02:28:43,142][__main__][INFO] - after-cafa: {'is_misclassified_rate': 0.31133333333333335, 'is_comp_rate': 0.6766666666666666, 'is_mis_and_comp_rate': 0.08866666666666667, 'l0_costs_mean': 1.2646666666666666, 'l0_costs_on_mis_mean': 4.062098501070664, 'l0_costs_on_mis_and_comp_mean': 2.8721804511278197, 'stand_linf_costs_mean': 0.008140219724353727, 'stand_linf_costs_on_mis_mean': 0.026146316031114752, 'stand_linfcosts_costs_on_mis_and_comp_mean': 0.02333611439932401}
[2026-03-29 02:28:43,142][__main__][INFO] - Executing projection of the crafted samples onto the constrained space.
[2026-03-29 02:50:15,176][__main__][INFO] - after-projection: {'is_misclassified_rate': 0.2633333333333333, 'is_comp_rate': 0.8993333333333333, 'is_mis_and_comp_rate': 0.17866666666666667, 'l0_costs_mean': 1.8966666666666667, 'l0_costs_on_mis_mean': 4.832911392405063, 'l0_costs_on_mis_and_comp_mean': 4.649253731343284, 'stand_linf_costs_mean': 0.010236051489323411, 'stand_linf_costs_on_mis_mean': 0.02696672046573045, 'stand_linfcosts_costs_on_mis_and_comp_mean': 0.025957887099083275}
[2026-03-29 02:50:15,176][__main__][INFO] - Evaluations: {'before-attack': {'is_misclassified_rate': 0.12, 'is_comp_rate': 0.796, 'is_mis_and_comp_rate': 0.08, 'l0_costs_mean': 0.0, 'l0_costs_on_mis_mean': 0.0, 'l0_costs_on_mis_and_comp_mean': 0.0, 'stand_linf_costs_mean': 0.0, 'stand_linf_costs_on_mis_mean': 0.0, 'stand_linfcosts_costs_on_mis_and_comp_mean': 0.0}, 'after-cafa': {'is_misclassified_rate': 0.31133333333333335, 'is_comp_rate': 0.6766666666666666, 'is_mis_and_comp_rate': 0.08866666666666667, 'l0_costs_mean': 1.2646666666666666, 'l0_costs_on_mis_mean': 4.062098501070664, 'l0_costs_on_mis_and_comp_mean': 2.8721804511278197, 'stand_linf_costs_mean': 0.008140219724353727, 'stand_linf_costs_on_mis_mean': 0.026146316031114752, 'stand_linfcosts_costs_on_mis_and_comp_mean': 0.02333611439932401}, 'after-cafa-projection': {'is_misclassified_rate': 0.2633333333333333, 'is_comp_rate': 0.8993333333333333, 'is_mis_and_comp_rate': 0.17866666666666667, 'l0_costs_mean': 1.8966666666666667, 'l0_costs_on_mis_mean': 4.832911392405063, 'l0_costs_on_mis_and_comp_mean': 4.649253731343284, 'stand_linf_costs_mean': 0.010236051489323411, 'stand_linf_costs_on_mis_mean': 0.02696672046573045, 'stand_linfcosts_costs_on_mis_and_comp_mean': 0.025957887099083275}}
[2026-03-29 02:50:15,177][__main__][INFO] - Finished run. results saved in /users/student/rs/rahulky/robust-rfms/attack_tab/outputs/2026-03-29/01-37-22
