[2026-03-29 02:25:32,789][__main__][INFO] - Used config: n_samples_to_attack: 1500
data_split_to_attack: test
save_attack_artifacts: true
perform_training: true
perform_training_grid_search_hparams: true
perform_constraints_mining: false
perform_constraints_ranking: false
perform_constraints_soundness_evaluation: false
perform_attack: true
perform_projection: true
data:
  name: bank
  params:
    dataset_name: ${data.name}
    data_file_path: ${data.paths.data_file_path}
    metadata_file_path: ${data.paths.metadata_file_path}
    encoding_method: one_hot_encoding
    random_seed: 42
    train_proportion: 0.87
  paths:
    data_dir_path: data/${data.name}/raw-data
    data_file_path: ${data.paths.data_dir_path}/bank-full.csv
    metadata_file_path: ${data.paths.data_dir_path}/bank.metadata.csv
    constraints_dir_path: data/${data.name}/mined-constraints
    raw_dcs_out_path: ${data.paths.constraints_dir_path}/bank-11cols__DC_threshold=0.01__fastadc_dcs.txt
    evaluated_dcs_out_path: ${data.paths.constraints_dir_path}/bank-11cols__DC_threshold=0.01__fastadc_dcs__eval.csv
ml_model:
  model_type: kernel
  model_artifact_path: trained-models/kernel/${data.name}-${ml_model.model_type}.pt
  perform_training: ${perform_training}
  perform_grid_search_hparams: ${perform_training_grid_search_hparams}
  default_hparams:
    kernel: laplacian
    L: 0.5
    reg: 0.001
    version: rfm
    iters: 5
    egop_samples: 20000
    egop_batch_size: 2500
attack:
  attack_name: cafa
  random_init: true
  random_seed: null
  max_iter: 250
  max_iter_tabpgd: 100
  eps: 0.03333333333333333
  step_size: 0.0003333333333333333
  perturb_categorical_each_steps: 10
constraints:
  constrainer_params:
    evaluated_dcs_out_path: ${data.paths.evaluated_dcs_out_path}
    n_dcs: 5000
    n_tuples: 1
    limit_cost_ball: true
    cost_ball_eps: 0.03333333333333333
  projector_params:
    upper_projection_budget_bound: 0.5
  mining_params:
    perform_constraints_mining: ${perform_constraints_mining}
    perform_constraints_ranking: ${perform_constraints_ranking}
    raw_dcs_out_path: ${data.paths.raw_dcs_out_path}
    evaluated_dcs_out_path: ${data.paths.evaluated_dcs_out_path}
    approx_violation_threshold: 0.01
    path_to_fastadc_miner_jar: src/constraints/mining/resources/FastADC-1.0-SNAPSHOT.jar
    n_dcs_to_eval: 10000
    n_tuples_to_eval: 1000
    n_other_tuples_to_eval: 8000

[2026-03-29 02:25:35,794][src.models.kernel][INFO] - Training kernel model: kernel=laplacian, L=0.05, reg=0.01, iters=5, n_train=33434, n_test=5899
[2026-03-29 02:31:02,086][src.models.kernel][INFO] - Round 0 Acc: 87.88
[2026-03-29 02:37:59,076][src.models.kernel][INFO] - Round 1 Acc: 89.40
[2026-03-29 02:42:58,957][src.models.kernel][INFO] - Round 2 Acc: 89.78
[2026-03-29 02:46:18,715][src.models.kernel][INFO] - Round 3 Acc: 90.52
[2026-03-29 02:52:19,375][src.models.kernel][INFO] - Round 4 Acc: 90.59
[2026-03-29 03:01:58,934][src.models.kernel][INFO] - Final Acc: 90.73
[2026-03-29 03:01:59,640][src.models.kernel][INFO] - Saved kernel artifact to outputs/bank-laplacian-rfm.pt
[2026-03-29 03:01:59,641][src.models.kernel][INFO] - kernel=laplacian L=0.05 reg=0.01 => score=90.7272
[2026-03-29 03:02:00,018][src.models.kernel][INFO] - Training kernel model: kernel=laplacian, L=0.05, reg=0.001, iters=5, n_train=33434, n_test=5899
[2026-03-29 03:05:49,573][src.models.kernel][INFO] - Round 0 Acc: 87.66
[2026-03-29 03:14:43,352][src.models.kernel][INFO] - Round 1 Acc: 89.02
[2026-03-29 03:21:20,080][src.models.kernel][INFO] - Round 2 Acc: 89.47
[2026-03-29 03:24:28,874][src.models.kernel][INFO] - Round 3 Acc: 89.83
[2026-03-29 03:30:34,606][src.models.kernel][INFO] - Round 4 Acc: 89.90
[2026-03-29 03:37:49,344][src.models.kernel][INFO] - Final Acc: 89.96
[2026-03-29 03:37:49,975][src.models.kernel][INFO] - Saved kernel artifact to outputs/bank-laplacian-rfm.pt
[2026-03-29 03:37:49,976][src.models.kernel][INFO] - kernel=laplacian L=0.05 reg=0.001 => score=89.9644
[2026-03-29 03:37:50,501][src.models.kernel][INFO] - Training kernel model: kernel=laplacian, L=0.05, reg=0.0001, iters=5, n_train=33434, n_test=5899
[2026-03-29 03:47:23,263][src.models.kernel][INFO] - Round 0 Acc: 87.64
[2026-03-29 03:55:10,089][src.models.kernel][INFO] - Round 1 Acc: 88.30
[2026-03-29 04:00:23,819][src.models.kernel][INFO] - Round 2 Acc: 88.49
[2026-03-29 04:06:07,170][src.models.kernel][INFO] - Round 3 Acc: 88.83
[2026-03-29 04:16:48,679][src.models.kernel][INFO] - Round 4 Acc: 88.69
[2026-03-29 04:20:10,745][src.models.kernel][INFO] - Final Acc: 88.90
[2026-03-29 04:20:11,425][src.models.kernel][INFO] - Saved kernel artifact to outputs/bank-laplacian-rfm.pt
[2026-03-29 04:20:11,426][src.models.kernel][INFO] - kernel=laplacian L=0.05 reg=0.0001 => score=88.8964
[2026-03-29 04:20:12,014][src.models.kernel][INFO] - Training kernel model: kernel=laplacian, L=0.125, reg=0.01, iters=5, n_train=33434, n_test=5899
[2026-03-29 04:23:55,327][src.models.kernel][INFO] - Round 0 Acc: 88.08
[2026-03-29 04:28:26,826][src.models.kernel][INFO] - Round 1 Acc: 89.59
[2026-03-29 04:31:16,680][src.models.kernel][INFO] - Round 2 Acc: 90.47
[2026-03-29 04:38:13,577][src.models.kernel][INFO] - Round 3 Acc: 90.85
[2026-03-29 04:39:27,845][src.models.kernel][INFO] - Round 4 Acc: 90.86
[2026-03-29 04:48:57,931][src.models.kernel][INFO] - Final Acc: 90.91
[2026-03-29 04:48:59,051][src.models.kernel][INFO] - Saved kernel artifact to outputs/bank-laplacian-rfm.pt
[2026-03-29 04:48:59,051][src.models.kernel][INFO] - kernel=laplacian L=0.125 reg=0.01 => score=90.9137
[2026-03-29 04:48:59,293][src.models.kernel][INFO] - Training kernel model: kernel=laplacian, L=0.125, reg=0.001, iters=5, n_train=33434, n_test=5899
[2026-03-29 04:53:03,641][src.models.kernel][INFO] - Round 0 Acc: 87.76
[2026-03-29 04:59:58,353][src.models.kernel][INFO] - Round 1 Acc: 89.49
[2026-03-29 05:07:08,433][src.models.kernel][INFO] - Round 2 Acc: 90.17
[2026-03-29 05:10:03,849][src.models.kernel][INFO] - Round 3 Acc: 90.37
[2026-03-29 05:11:11,013][src.models.kernel][INFO] - Round 4 Acc: 90.34
[2026-03-29 05:12:16,036][src.models.kernel][INFO] - Final Acc: 90.42
[2026-03-29 05:12:16,679][src.models.kernel][INFO] - Saved kernel artifact to outputs/bank-laplacian-rfm.pt
[2026-03-29 05:12:16,679][src.models.kernel][INFO] - kernel=laplacian L=0.125 reg=0.001 => score=90.4221
[2026-03-29 05:12:16,999][src.models.kernel][INFO] - Training kernel model: kernel=laplacian, L=0.125, reg=0.0001, iters=5, n_train=33434, n_test=5899
[2026-03-29 05:13:02,989][src.models.kernel][INFO] - Round 0 Acc: 87.68
[2026-03-29 05:14:01,339][src.models.kernel][INFO] - Round 1 Acc: 88.59
[2026-03-29 05:15:02,933][src.models.kernel][INFO] - Round 2 Acc: 88.98
[2026-03-29 05:16:07,457][src.models.kernel][INFO] - Round 3 Acc: 89.30
[2026-03-29 05:17:11,342][src.models.kernel][INFO] - Round 4 Acc: 89.25
[2026-03-29 05:18:17,483][src.models.kernel][INFO] - Final Acc: 89.32
[2026-03-29 05:18:18,133][src.models.kernel][INFO] - Saved kernel artifact to outputs/bank-laplacian-rfm.pt
[2026-03-29 05:18:18,133][src.models.kernel][INFO] - kernel=laplacian L=0.125 reg=0.0001 => score=89.3202
[2026-03-29 05:18:18,495][src.models.kernel][INFO] - Training kernel model: kernel=laplacian, L=0.25, reg=0.01, iters=5, n_train=33434, n_test=5899
[2026-03-29 05:19:03,932][src.models.kernel][INFO] - Round 0 Acc: 88.49
[2026-03-29 05:20:03,926][src.models.kernel][INFO] - Round 1 Acc: 89.81
[2026-03-29 05:21:05,124][src.models.kernel][INFO] - Round 2 Acc: 90.71
[2026-03-29 05:22:06,591][src.models.kernel][INFO] - Round 3 Acc: 91.00
[2026-03-29 05:23:11,921][src.models.kernel][INFO] - Round 4 Acc: 90.90
[2026-03-29 05:24:14,706][src.models.kernel][INFO] - Final Acc: 90.90
[2026-03-29 05:24:15,320][src.models.kernel][INFO] - Saved kernel artifact to outputs/bank-laplacian-rfm.pt
[2026-03-29 05:24:15,321][src.models.kernel][INFO] - kernel=laplacian L=0.25 reg=0.01 => score=90.9985
[2026-03-29 05:24:15,646][src.models.kernel][INFO] - Training kernel model: kernel=laplacian, L=0.25, reg=0.001, iters=5, n_train=33434, n_test=5899
[2026-03-29 05:25:01,533][src.models.kernel][INFO] - Round 0 Acc: 87.81
[2026-03-29 05:26:03,194][src.models.kernel][INFO] - Round 1 Acc: 89.74
[2026-03-29 05:27:03,922][src.models.kernel][INFO] - Round 2 Acc: 90.44
[2026-03-29 05:28:08,582][src.models.kernel][INFO] - Round 3 Acc: 90.59
[2026-03-29 05:29:08,156][src.models.kernel][INFO] - Round 4 Acc: 90.86
[2026-03-29 05:30:14,808][src.models.kernel][INFO] - Final Acc: 90.83
[2026-03-29 05:30:15,511][src.models.kernel][INFO] - Saved kernel artifact to outputs/bank-laplacian-rfm.pt
[2026-03-29 05:30:15,511][src.models.kernel][INFO] - kernel=laplacian L=0.25 reg=0.001 => score=90.8629
[2026-03-29 05:30:15,720][src.models.kernel][INFO] - Training kernel model: kernel=laplacian, L=0.25, reg=0.0001, iters=5, n_train=33434, n_test=5899
[2026-03-29 05:31:01,629][src.models.kernel][INFO] - Round 0 Acc: 87.71
[2026-03-29 05:32:03,733][src.models.kernel][INFO] - Round 1 Acc: 89.08
[2026-03-29 05:33:04,997][src.models.kernel][INFO] - Round 2 Acc: 89.37
[2026-03-29 05:34:07,835][src.models.kernel][INFO] - Round 3 Acc: 89.51
[2026-03-29 05:35:11,773][src.models.kernel][INFO] - Round 4 Acc: 89.52
[2026-03-29 05:36:11,904][src.models.kernel][INFO] - Final Acc: 89.69
[2026-03-29 05:36:12,760][src.models.kernel][INFO] - Saved kernel artifact to outputs/bank-laplacian-rfm.pt
[2026-03-29 05:36:12,761][src.models.kernel][INFO] - kernel=laplacian L=0.25 reg=0.0001 => score=89.6932
[2026-03-29 05:36:13,498][src.models.kernel][INFO] - Training kernel model: kernel=laplacian, L=0.5, reg=0.01, iters=5, n_train=33434, n_test=5899
[2026-03-29 05:36:59,958][src.models.kernel][INFO] - Round 0 Acc: 89.00
[2026-03-29 05:37:59,531][src.models.kernel][INFO] - Round 1 Acc: 90.07
[2026-03-29 05:39:00,055][src.models.kernel][INFO] - Round 2 Acc: 90.91
[2026-03-29 05:40:00,788][src.models.kernel][INFO] - Round 3 Acc: 90.91
[2026-03-29 05:41:04,124][src.models.kernel][INFO] - Round 4 Acc: 90.88
[2026-03-29 05:42:06,344][src.models.kernel][INFO] - Final Acc: 90.83
[2026-03-29 05:42:06,834][src.models.kernel][INFO] - Saved kernel artifact to outputs/bank-laplacian-rfm.pt
[2026-03-29 05:42:06,834][src.models.kernel][INFO] - kernel=laplacian L=0.5 reg=0.01 => score=90.9137
[2026-03-29 05:42:07,109][src.models.kernel][INFO] - Training kernel model: kernel=laplacian, L=0.5, reg=0.001, iters=5, n_train=33434, n_test=5899
[2026-03-29 05:42:53,564][src.models.kernel][INFO] - Round 0 Acc: 87.93
[2026-03-29 05:43:53,482][src.models.kernel][INFO] - Round 1 Acc: 89.86
[2026-03-29 05:44:55,077][src.models.kernel][INFO] - Round 2 Acc: 90.64
[2026-03-29 05:45:55,252][src.models.kernel][INFO] - Round 3 Acc: 90.85
[2026-03-29 05:46:56,280][src.models.kernel][INFO] - Round 4 Acc: 90.96
[2026-03-29 05:48:00,492][src.models.kernel][INFO] - Final Acc: 91.02
[2026-03-29 05:48:01,096][src.models.kernel][INFO] - Saved kernel artifact to outputs/bank-laplacian-rfm.pt
[2026-03-29 05:48:01,097][src.models.kernel][INFO] - kernel=laplacian L=0.5 reg=0.001 => score=91.0154
[2026-03-29 05:48:01,296][src.models.kernel][INFO] - Training kernel model: kernel=laplacian, L=0.5, reg=0.0001, iters=5, n_train=33434, n_test=5899
[2026-03-29 05:48:46,956][src.models.kernel][INFO] - Round 0 Acc: 87.79
[2026-03-29 05:49:44,542][src.models.kernel][INFO] - Round 1 Acc: 89.51
[2026-03-29 05:50:45,797][src.models.kernel][INFO] - Round 2 Acc: 89.86
[2026-03-29 05:51:46,797][src.models.kernel][INFO] - Round 3 Acc: 90.07
[2026-03-29 05:52:47,930][src.models.kernel][INFO] - Round 4 Acc: 90.08
[2026-03-29 05:53:51,898][src.models.kernel][INFO] - Final Acc: 90.08
[2026-03-29 05:53:52,537][src.models.kernel][INFO] - Saved kernel artifact to outputs/bank-laplacian-rfm.pt
[2026-03-29 05:53:52,537][src.models.kernel][INFO] - kernel=laplacian L=0.5 reg=0.0001 => score=90.0831
[2026-03-29 05:53:52,877][src.models.kernel][INFO] - Training kernel model: kernel=laplacian, L=1.0, reg=0.01, iters=5, n_train=33434, n_test=5899
[2026-03-29 05:54:38,411][src.models.kernel][INFO] - Round 0 Acc: 89.20
[2026-03-29 05:55:40,480][src.models.kernel][INFO] - Round 1 Acc: 90.13
[2026-03-29 05:56:38,697][src.models.kernel][INFO] - Round 2 Acc: 90.59
[2026-03-29 05:57:39,380][src.models.kernel][INFO] - Round 3 Acc: 90.71
[2026-03-29 05:58:39,121][src.models.kernel][INFO] - Round 4 Acc: 90.91
[2026-03-29 05:59:39,768][src.models.kernel][INFO] - Final Acc: 90.86
[2026-03-29 05:59:40,366][src.models.kernel][INFO] - Saved kernel artifact to outputs/bank-laplacian-rfm.pt
[2026-03-29 05:59:40,368][src.models.kernel][INFO] - kernel=laplacian L=1 reg=0.01 => score=90.9137
[2026-03-29 05:59:40,750][src.models.kernel][INFO] - Training kernel model: kernel=laplacian, L=1.0, reg=0.001, iters=5, n_train=33434, n_test=5899
[2026-03-29 06:00:26,279][src.models.kernel][INFO] - Round 0 Acc: 88.12
[2026-03-29 06:01:26,168][src.models.kernel][INFO] - Round 1 Acc: 90.05
[2026-03-29 06:02:24,515][src.models.kernel][INFO] - Round 2 Acc: 90.95
[2026-03-29 06:03:26,003][src.models.kernel][INFO] - Round 3 Acc: 90.98
[2026-03-29 06:04:28,637][src.models.kernel][INFO] - Round 4 Acc: 90.96
[2026-03-29 06:05:33,413][src.models.kernel][INFO] - Final Acc: 90.93
[2026-03-29 06:05:34,054][src.models.kernel][INFO] - Saved kernel artifact to outputs/bank-laplacian-rfm.pt
[2026-03-29 06:05:34,054][src.models.kernel][INFO] - kernel=laplacian L=1 reg=0.001 => score=90.9815
[2026-03-29 06:05:34,249][src.models.kernel][INFO] - Training kernel model: kernel=laplacian, L=1.0, reg=0.0001, iters=5, n_train=33434, n_test=5899
[2026-03-29 06:06:19,304][src.models.kernel][INFO] - Round 0 Acc: 87.83
[2026-03-29 06:07:19,746][src.models.kernel][INFO] - Round 1 Acc: 89.73
[2026-03-29 06:08:21,152][src.models.kernel][INFO] - Round 2 Acc: 90.30
[2026-03-29 06:09:22,076][src.models.kernel][INFO] - Round 3 Acc: 90.32
[2026-03-29 06:10:25,765][src.models.kernel][INFO] - Round 4 Acc: 90.22
[2026-03-29 06:11:29,414][src.models.kernel][INFO] - Final Acc: 90.34
[2026-03-29 06:11:29,883][src.models.kernel][INFO] - Saved kernel artifact to outputs/bank-laplacian-rfm.pt
[2026-03-29 06:11:29,883][src.models.kernel][INFO] - kernel=laplacian L=1 reg=0.0001 => score=90.3373
[2026-03-29 06:11:30,146][src.models.kernel][INFO] - Training kernel model: kernel=laplacian, L=2.0, reg=0.01, iters=5, n_train=33434, n_test=5899
[2026-03-29 06:12:11,327][src.models.kernel][INFO] - Round 0 Acc: 89.22
[2026-03-29 06:12:57,946][src.models.kernel][INFO] - Round 1 Acc: 90.25
[2026-03-29 06:13:45,630][src.models.kernel][INFO] - Round 2 Acc: 90.03
[2026-03-29 06:14:32,521][src.models.kernel][INFO] - Round 3 Acc: 90.07
[2026-03-29 06:15:20,173][src.models.kernel][INFO] - Round 4 Acc: 90.20
[2026-03-29 06:16:06,868][src.models.kernel][INFO] - Final Acc: 90.32
[2026-03-29 06:16:07,356][src.models.kernel][INFO] - Saved kernel artifact to outputs/bank-laplacian-rfm.pt
[2026-03-29 06:16:07,356][src.models.kernel][INFO] - kernel=laplacian L=2.0 reg=0.01 => score=90.3204
[2026-03-29 06:16:07,626][src.models.kernel][INFO] - Training kernel model: kernel=laplacian, L=2.0, reg=0.001, iters=5, n_train=33434, n_test=5899
[2026-03-29 06:16:46,771][src.models.kernel][INFO] - Round 0 Acc: 88.46
[2026-03-29 06:17:34,021][src.models.kernel][INFO] - Round 1 Acc: 90.25
[2026-03-29 06:18:22,015][src.models.kernel][INFO] - Round 2 Acc: 90.91
[2026-03-29 06:19:09,295][src.models.kernel][INFO] - Round 3 Acc: 91.10
[2026-03-29 06:19:57,279][src.models.kernel][INFO] - Round 4 Acc: 91.05
[2026-03-29 06:20:44,865][src.models.kernel][INFO] - Final Acc: 91.08
[2026-03-29 06:20:45,345][src.models.kernel][INFO] - Saved kernel artifact to outputs/bank-laplacian-rfm.pt
[2026-03-29 06:20:45,345][src.models.kernel][INFO] - kernel=laplacian L=2.0 reg=0.001 => score=91.1002
[2026-03-29 06:20:45,623][src.models.kernel][INFO] - Training kernel model: kernel=laplacian, L=2.0, reg=0.0001, iters=5, n_train=33434, n_test=5899
[2026-03-29 06:21:25,180][src.models.kernel][INFO] - Round 0 Acc: 87.91
[2026-03-29 06:22:12,685][src.models.kernel][INFO] - Round 1 Acc: 90.07
[2026-03-29 06:23:00,348][src.models.kernel][INFO] - Round 2 Acc: 90.52
[2026-03-29 06:23:46,467][src.models.kernel][INFO] - Round 3 Acc: 90.61
[2026-03-29 06:24:34,082][src.models.kernel][INFO] - Round 4 Acc: 90.71
[2026-03-29 06:25:21,847][src.models.kernel][INFO] - Final Acc: 90.68
[2026-03-29 06:25:22,324][src.models.kernel][INFO] - Saved kernel artifact to outputs/bank-laplacian-rfm.pt
[2026-03-29 06:25:22,325][src.models.kernel][INFO] - kernel=laplacian L=2.0 reg=0.0001 => score=90.7103
[2026-03-29 06:25:22,488][src.models.kernel][INFO] - Training kernel model: kernel=laplacian, L=4.0, reg=0.01, iters=5, n_train=33434, n_test=5899
[2026-03-29 06:26:02,164][src.models.kernel][INFO] - Round 0 Acc: 89.34
[2026-03-29 06:26:49,458][src.models.kernel][INFO] - Round 1 Acc: 89.96
[2026-03-29 06:27:37,297][src.models.kernel][INFO] - Round 2 Acc: 89.81
[2026-03-29 06:28:24,441][src.models.kernel][INFO] - Round 3 Acc: 89.88
[2026-03-29 06:29:12,177][src.models.kernel][INFO] - Round 4 Acc: 89.83
[2026-03-29 06:29:59,433][src.models.kernel][INFO] - Final Acc: 89.79
[2026-03-29 06:29:59,901][src.models.kernel][INFO] - Saved kernel artifact to outputs/bank-laplacian-rfm.pt
[2026-03-29 06:29:59,901][src.models.kernel][INFO] - kernel=laplacian L=4.0 reg=0.01 => score=89.9644
[2026-03-29 06:30:00,167][src.models.kernel][INFO] - Training kernel model: kernel=laplacian, L=4.0, reg=0.001, iters=5, n_train=33434, n_test=5899
[2026-03-29 06:30:41,119][src.models.kernel][INFO] - Round 0 Acc: 88.81
[2026-03-29 06:31:27,854][src.models.kernel][INFO] - Round 1 Acc: 90.34
[2026-03-29 06:32:15,192][src.models.kernel][INFO] - Round 2 Acc: 91.13
[2026-03-29 06:33:02,321][src.models.kernel][INFO] - Round 3 Acc: 91.10
[2026-03-29 06:33:49,716][src.models.kernel][INFO] - Round 4 Acc: 91.05
[2026-03-29 06:34:37,493][src.models.kernel][INFO] - Final Acc: 91.10
[2026-03-29 06:34:37,998][src.models.kernel][INFO] - Saved kernel artifact to outputs/bank-laplacian-rfm.pt
[2026-03-29 06:34:37,999][src.models.kernel][INFO] - kernel=laplacian L=4.0 reg=0.001 => score=91.1341
[2026-03-29 06:34:38,272][src.models.kernel][INFO] - Training kernel model: kernel=laplacian, L=4.0, reg=0.0001, iters=5, n_train=33434, n_test=5899
[2026-03-29 06:35:15,140][src.models.kernel][INFO] - Round 0 Acc: 88.08
[2026-03-29 06:35:57,613][src.models.kernel][INFO] - Round 1 Acc: 90.10
[2026-03-29 06:36:45,146][src.models.kernel][INFO] - Round 2 Acc: 90.49
[2026-03-29 06:37:32,107][src.models.kernel][INFO] - Round 3 Acc: 90.88
[2026-03-29 06:38:19,508][src.models.kernel][INFO] - Round 4 Acc: 90.95
[2026-03-29 06:39:06,314][src.models.kernel][INFO] - Final Acc: 91.08
[2026-03-29 06:39:06,794][src.models.kernel][INFO] - Saved kernel artifact to outputs/bank-laplacian-rfm.pt
[2026-03-29 06:39:06,795][src.models.kernel][INFO] - kernel=laplacian L=4.0 reg=0.0001 => score=91.0832
[2026-03-29 06:39:06,958][src.models.kernel][INFO] - Training kernel model: kernel=laplacian, L=6.0, reg=0.01, iters=5, n_train=33434, n_test=5899
[2026-03-29 06:39:47,997][src.models.kernel][INFO] - Round 0 Acc: 89.35
[2026-03-29 06:40:34,580][src.models.kernel][INFO] - Round 1 Acc: 89.68
[2026-03-29 06:41:21,901][src.models.kernel][INFO] - Round 2 Acc: 89.54
[2026-03-29 06:42:08,664][src.models.kernel][INFO] - Round 3 Acc: 89.57
[2026-03-29 06:42:55,836][src.models.kernel][INFO] - Round 4 Acc: 89.57
[2026-03-29 06:43:42,707][src.models.kernel][INFO] - Final Acc: 89.56
[2026-03-29 06:43:43,210][src.models.kernel][INFO] - Saved kernel artifact to outputs/bank-laplacian-rfm.pt
[2026-03-29 06:43:43,210][src.models.kernel][INFO] - kernel=laplacian L=6.0 reg=0.01 => score=89.6762
[2026-03-29 06:43:43,473][src.models.kernel][INFO] - Training kernel model: kernel=laplacian, L=6.0, reg=0.001, iters=5, n_train=33434, n_test=5899
[2026-03-29 06:44:24,588][src.models.kernel][INFO] - Round 0 Acc: 89.12
[2026-03-29 06:45:11,357][src.models.kernel][INFO] - Round 1 Acc: 90.29
[2026-03-29 06:45:58,745][src.models.kernel][INFO] - Round 2 Acc: 91.12
[2026-03-29 06:46:45,645][src.models.kernel][INFO] - Round 3 Acc: 91.08
[2026-03-29 06:47:32,034][src.models.kernel][INFO] - Round 4 Acc: 91.03
[2026-03-29 06:48:18,161][src.models.kernel][INFO] - Final Acc: 91.12
[2026-03-29 06:48:18,661][src.models.kernel][INFO] - Saved kernel artifact to outputs/bank-laplacian-rfm.pt
[2026-03-29 06:48:18,662][src.models.kernel][INFO] - kernel=laplacian L=6.0 reg=0.001 => score=91.1171
[2026-03-29 06:48:18,933][src.models.kernel][INFO] - Training kernel model: kernel=laplacian, L=6.0, reg=0.0001, iters=5, n_train=33434, n_test=5899
[2026-03-29 06:48:59,435][src.models.kernel][INFO] - Round 0 Acc: 88.17
[2026-03-29 06:49:41,667][src.models.kernel][INFO] - Round 1 Acc: 90.22
[2026-03-29 06:50:29,042][src.models.kernel][INFO] - Round 2 Acc: 90.76
[2026-03-29 06:51:16,144][src.models.kernel][INFO] - Round 3 Acc: 90.95
[2026-03-29 06:52:03,358][src.models.kernel][INFO] - Round 4 Acc: 91.00
[2026-03-29 06:52:50,200][src.models.kernel][INFO] - Final Acc: 91.15
[2026-03-29 06:52:50,674][src.models.kernel][INFO] - Saved kernel artifact to outputs/bank-laplacian-rfm.pt
[2026-03-29 06:52:50,674][src.models.kernel][INFO] - kernel=laplacian L=6.0 reg=0.0001 => score=91.1510
[2026-03-29 06:52:50,674][src.models.kernel][INFO] - Best kernel hyperparameters: {'kernel': 'laplacian', 'L': 6.0, 'reg': 0.0001, 'version': 'rfm', 'iters': 5}
[2026-03-29 06:52:50,837][src.models.kernel][INFO] - Training kernel model: kernel=laplacian, L=6.0, reg=0.0001, iters=5, n_train=33434, n_test=5899
[2026-03-29 06:53:31,945][src.models.kernel][INFO] - Round 0 Acc: 88.17
[2026-03-29 06:54:17,453][src.models.kernel][INFO] - Round 1 Acc: 90.13
[2026-03-29 06:55:03,677][src.models.kernel][INFO] - Round 2 Acc: 90.80
[2026-03-29 06:55:50,953][src.models.kernel][INFO] - Round 3 Acc: 90.91
[2026-03-29 06:56:38,604][src.models.kernel][INFO] - Round 4 Acc: 91.08
[2026-03-29 06:57:25,626][src.models.kernel][INFO] - Final Acc: 91.07
[2026-03-29 06:57:26,089][src.models.kernel][INFO] - Saved kernel artifact to trained-models/kernel/bank-laplacian-rfm.pt
[2026-03-29 06:57:26,090][src.models.utils][INFO] - Loading model from trained-models/kernel/bank-laplacian-rfm.pt
[2026-03-29 06:57:26,138][art.estimators.classification.pytorch][INFO] - Inferred 0 hidden layers on PyTorch classifier.
[2026-03-29 06:57:26,313][__main__][INFO] - Initializing constraint set and projector for the attack.
[2026-03-29 06:58:04,413][__main__][INFO] - before-attack: {'is_misclassified_rate': 0.124, 'is_comp_rate': 0.796, 'is_mis_and_comp_rate': 0.08133333333333333, 'l0_costs_mean': 0.0, 'l0_costs_on_mis_mean': 0.0, 'l0_costs_on_mis_and_comp_mean': 0.0, 'stand_linf_costs_mean': 0.0, 'stand_linf_costs_on_mis_mean': 0.0, 'stand_linfcosts_costs_on_mis_and_comp_mean': 0.0}
[2026-03-29 06:58:04,414][__main__][INFO] - Executing CaFA attack.
[2026-03-29 07:20:42,386][__main__][INFO] - after-cafa: {'is_misclassified_rate': 0.8513333333333334, 'is_comp_rate': 0.33466666666666667, 'is_mis_and_comp_rate': 0.208, 'l0_costs_mean': 4.267333333333333, 'l0_costs_on_mis_mean': 5.012529365700861, 'l0_costs_on_mis_and_comp_mean': 3.3525641025641026, 'stand_linf_costs_mean': 0.023907946190412747, 'stand_linf_costs_on_mis_mean': 0.0280829438415185, 'stand_linfcosts_costs_on_mis_and_comp_mean': 0.025419733148354082}
[2026-03-29 07:20:42,386][__main__][INFO] - Executing projection of the crafted samples onto the constrained space.
[2026-03-29 07:44:33,728][__main__][INFO] - after-projection: {'is_misclassified_rate': 0.546, 'is_comp_rate': 0.72, 'is_mis_and_comp_rate': 0.2753333333333333, 'l0_costs_mean': 4.943333333333333, 'l0_costs_on_mis_mean': 5.042735042735043, 'l0_costs_on_mis_and_comp_mean': 4.13317191283293, 'stand_linf_costs_mean': 0.02544445749102157, 'stand_linf_costs_on_mis_mean': 0.028145666827932906, 'stand_linfcosts_costs_on_mis_and_comp_mean': 0.02663303207839256}
[2026-03-29 07:44:33,728][__main__][INFO] - Evaluations: {'before-attack': {'is_misclassified_rate': 0.124, 'is_comp_rate': 0.796, 'is_mis_and_comp_rate': 0.08133333333333333, 'l0_costs_mean': 0.0, 'l0_costs_on_mis_mean': 0.0, 'l0_costs_on_mis_and_comp_mean': 0.0, 'stand_linf_costs_mean': 0.0, 'stand_linf_costs_on_mis_mean': 0.0, 'stand_linfcosts_costs_on_mis_and_comp_mean': 0.0}, 'after-cafa': {'is_misclassified_rate': 0.8513333333333334, 'is_comp_rate': 0.33466666666666667, 'is_mis_and_comp_rate': 0.208, 'l0_costs_mean': 4.267333333333333, 'l0_costs_on_mis_mean': 5.012529365700861, 'l0_costs_on_mis_and_comp_mean': 3.3525641025641026, 'stand_linf_costs_mean': 0.023907946190412747, 'stand_linf_costs_on_mis_mean': 0.0280829438415185, 'stand_linfcosts_costs_on_mis_and_comp_mean': 0.025419733148354082}, 'after-cafa-projection': {'is_misclassified_rate': 0.546, 'is_comp_rate': 0.72, 'is_mis_and_comp_rate': 0.2753333333333333, 'l0_costs_mean': 4.943333333333333, 'l0_costs_on_mis_mean': 5.042735042735043, 'l0_costs_on_mis_and_comp_mean': 4.13317191283293, 'stand_linf_costs_mean': 0.02544445749102157, 'stand_linf_costs_on_mis_mean': 0.028145666827932906, 'stand_linfcosts_costs_on_mis_and_comp_mean': 0.02663303207839256}}
[2026-03-29 07:44:33,728][__main__][INFO] - Finished run. results saved in /users/student/rs/rahulky/robust-rfms/attack_tab/outputs/2026-03-29/02-25-32
