[2026-04-07 02:22:38,244][__main__][INFO] - Used config: n_samples_to_attack: 1500
data_split_to_attack: test
save_attack_artifacts: true
perform_training: false
perform_training_grid_search_hparams: false
perform_constraints_mining: false
perform_constraints_ranking: false
perform_constraints_soundness_evaluation: false
perform_attack: true
perform_projection: true
data:
  name: bank
  params:
    dataset_name: ${data.name}
    data_file_path: ${data.paths.data_file_path}
    metadata_file_path: ${data.paths.metadata_file_path}
    encoding_method: one_hot_encoding
    random_seed: 42
    train_proportion: 0.87
  paths:
    data_dir_path: data/${data.name}/raw-data
    data_file_path: ${data.paths.data_dir_path}/bank-full.csv
    metadata_file_path: ${data.paths.data_dir_path}/bank.metadata.csv
    constraints_dir_path: data/${data.name}/mined-constraints
    raw_dcs_out_path: ${data.paths.constraints_dir_path}/bank-11cols__DC_threshold=0.01__fastadc_dcs.txt
    evaluated_dcs_out_path: ${data.paths.constraints_dir_path}/bank-11cols__DC_threshold=0.01__fastadc_dcs__eval.csv
ml_model:
  model_type: mlp
  model_artifact_path: trained-models/${data.name}-${ml_model.model_type}.ckpt
  perform_training: ${perform_training}
  perform_grid_search_hparams: ${perform_training_grid_search_hparams}
  default_hparams:
    n_layers: 3
    hidden_dim: 128
    lr: 0.001
    weight_decay: 1.0e-05
attack:
  attack_name: cafa
  random_init: true
  random_seed: null
  max_iter: 250
  max_iter_tabpgd: 100
  eps: 0.03333333333333333
  step_size: 0.0003333333333333333
  perturb_categorical_each_steps: 10
constraints:
  constrainer_params:
    evaluated_dcs_out_path: ${data.paths.evaluated_dcs_out_path}
    n_dcs: 5000
    n_tuples: 1
    limit_cost_ball: true
    cost_ball_eps: 1.0
  projector_params:
    upper_projection_budget_bound: 1.0
  mining_params:
    perform_constraints_mining: ${perform_constraints_mining}
    perform_constraints_ranking: ${perform_constraints_ranking}
    raw_dcs_out_path: ${data.paths.raw_dcs_out_path}
    evaluated_dcs_out_path: ${data.paths.evaluated_dcs_out_path}
    approx_violation_threshold: 0.01
    path_to_fastadc_miner_jar: src/constraints/mining/resources/FastADC-1.0-SNAPSHOT.jar
    n_dcs_to_eval: 10000
    n_tuples_to_eval: 1000
    n_other_tuples_to_eval: 8000

[2026-04-07 02:22:39,411][src.models.utils][INFO] - Loading model from trained-models/bank-mlp.ckpt
[2026-04-07 02:22:39,759][art.estimators.classification.pytorch][INFO] - Inferred 2 hidden layers on PyTorch classifier.
[2026-04-07 02:22:39,846][__main__][INFO] - Initializing constraint set and projector for the attack.
[2026-04-07 02:23:15,992][__main__][INFO] - before-attack: {'is_misclassified_rate': 0.13933333333333334, 'is_comp_rate': 0.796, 'is_mis_and_comp_rate': 0.09533333333333334, 'l0_costs_mean': 0.0, 'l0_costs_on_mis_mean': 0.0, 'l0_costs_on_mis_and_comp_mean': 0.0, 'stand_linf_costs_mean': 0.0, 'stand_linf_costs_on_mis_mean': 0.0, 'stand_linfcosts_costs_on_mis_and_comp_mean': 0.0}
[2026-04-07 02:23:15,992][__main__][INFO] - Executing CaFA attack.
[2026-04-07 02:27:13,261][__main__][INFO] - after-cafa: {'is_misclassified_rate': 0.9546666666666667, 'is_comp_rate': 0.12266666666666666, 'is_mis_and_comp_rate': 0.092, 'l0_costs_mean': 7.314, 'l0_costs_on_mis_mean': 7.6613128491620115, 'l0_costs_on_mis_and_comp_mean': 2.4782608695652173, 'stand_linf_costs_mean': 0.024881345001148917, 'stand_linf_costs_on_mis_mean': 0.026062861383885038, 'stand_linfcosts_costs_on_mis_and_comp_mean': 0.01679200585329672}
[2026-04-07 02:27:13,261][__main__][INFO] - Executing projection of the crafted samples onto the constrained space.
[2026-04-07 02:47:33,389][__main__][INFO] - after-projection: {'is_misclassified_rate': 0.43333333333333335, 'is_comp_rate': 1.0, 'is_mis_and_comp_rate': 0.43333333333333335, 'l0_costs_mean': 12.832666666666666, 'l0_costs_on_mis_mean': 11.88923076923077, 'l0_costs_on_mis_and_comp_mean': 11.88923076923077, 'stand_linf_costs_mean': 0.28769763829912925, 'stand_linf_costs_on_mis_mean': 0.26496723315606135, 'stand_linfcosts_costs_on_mis_and_comp_mean': 0.26496723315606135}
[2026-04-07 02:47:33,390][__main__][INFO] - Evaluations: {'before-attack': {'is_misclassified_rate': 0.13933333333333334, 'is_comp_rate': 0.796, 'is_mis_and_comp_rate': 0.09533333333333334, 'l0_costs_mean': 0.0, 'l0_costs_on_mis_mean': 0.0, 'l0_costs_on_mis_and_comp_mean': 0.0, 'stand_linf_costs_mean': 0.0, 'stand_linf_costs_on_mis_mean': 0.0, 'stand_linfcosts_costs_on_mis_and_comp_mean': 0.0}, 'after-cafa': {'is_misclassified_rate': 0.9546666666666667, 'is_comp_rate': 0.12266666666666666, 'is_mis_and_comp_rate': 0.092, 'l0_costs_mean': 7.314, 'l0_costs_on_mis_mean': 7.6613128491620115, 'l0_costs_on_mis_and_comp_mean': 2.4782608695652173, 'stand_linf_costs_mean': 0.024881345001148917, 'stand_linf_costs_on_mis_mean': 0.026062861383885038, 'stand_linfcosts_costs_on_mis_and_comp_mean': 0.01679200585329672}, 'after-cafa-projection': {'is_misclassified_rate': 0.43333333333333335, 'is_comp_rate': 1.0, 'is_mis_and_comp_rate': 0.43333333333333335, 'l0_costs_mean': 12.832666666666666, 'l0_costs_on_mis_mean': 11.88923076923077, 'l0_costs_on_mis_and_comp_mean': 11.88923076923077, 'stand_linf_costs_mean': 0.28769763829912925, 'stand_linf_costs_on_mis_mean': 0.26496723315606135, 'stand_linfcosts_costs_on_mis_and_comp_mean': 0.26496723315606135}}
[2026-04-07 02:47:33,390][__main__][INFO] - Finished run. results saved in /users/student/rs/rahulky/robust-rfms/attack_tab/outputs/2026-04-07/02-22-38
