[2026-04-14 10:27:32,544][__main__][INFO] - Used config: n_samples_to_attack: 1500
data_split_to_attack: test
save_attack_artifacts: true
perform_training: false
perform_training_grid_search_hparams: false
perform_constraints_mining: false
perform_constraints_ranking: false
perform_constraints_soundness_evaluation: false
perform_attack: true
perform_projection: true
data:
  name: phishing
  params:
    dataset_name: ${data.name}
    data_file_path: ${data.paths.data_file_path}
    metadata_file_path: ${data.paths.metadata_file_path}
    encoding_method: one_hot_encoding
    random_seed: 42
    train_proportion: 0.87
  paths:
    data_dir_path: data/${data.name}/raw-data
    data_file_path: ${data.paths.data_dir_path}/Phishing_Legitimate_full.arff
    metadata_file_path: ${data.paths.data_dir_path}/phishing.metadata.csv
    constraints_dir_path: data/${data.name}/mined-constraints
    raw_dcs_out_path: ${data.paths.constraints_dir_path}/phishing-10cols__DC_threshold=0.01__fastadc_dcs.txt
    evaluated_dcs_out_path: ${data.paths.constraints_dir_path}/phishing-10cols__DC_threshold=0.01__fastadc_dcs__eval.csv
ml_model:
  model_type: kernel
  model_artifact_path: trained-models/kernel/${data.name}-laplacian-${ml_model.model_type}.pt
  perform_training: ${perform_training}
  perform_grid_search_hparams: ${perform_training_grid_search_hparams}
  default_hparams:
    kernel: laplacian
    L: 0.5
    reg: 0.001
    version: rfm
    iters: 5
    egop_samples: 20000
    egop_batch_size: 2500
attack:
  attack_name: cafa
  random_init: true
  random_seed: null
  max_iter: 250
  max_iter_tabpgd: 100
  eps: 0.1
  step_size: 0.001
  perturb_categorical_each_steps: 10
constraints:
  constrainer_params:
    evaluated_dcs_out_path: ${data.paths.evaluated_dcs_out_path}
    n_dcs: 5000
    n_tuples: 1
    limit_cost_ball: true
    cost_ball_eps: 1.0
  projector_params:
    upper_projection_budget_bound: 1.0
  mining_params:
    perform_constraints_mining: ${perform_constraints_mining}
    perform_constraints_ranking: ${perform_constraints_ranking}
    raw_dcs_out_path: ${data.paths.raw_dcs_out_path}
    evaluated_dcs_out_path: ${data.paths.evaluated_dcs_out_path}
    approx_violation_threshold: 0.01
    path_to_fastadc_miner_jar: src/constraints/mining/resources/FastADC-1.0-SNAPSHOT.jar
    n_dcs_to_eval: 10000
    n_tuples_to_eval: 1000
    n_other_tuples_to_eval: 8000

[2026-04-14 10:27:32,754][src.models.utils][INFO] - Loading model from trained-models/kernel/phishing-laplacian-kernel.pt
[2026-04-14 10:27:32,851][art.estimators.classification.pytorch][INFO] - Inferred 0 hidden layers on PyTorch classifier.
[2026-04-14 10:27:33,133][__main__][INFO] - Initializing constraint set and projector for the attack.
[2026-04-14 10:28:03,141][__main__][INFO] - before-attack: {'is_misclassified_rate': 0.07230769230769231, 'is_comp_rate': 0.8530769230769231, 'is_mis_and_comp_rate': 0.06307692307692307, 'l0_costs_mean': 0.0, 'l0_costs_on_mis_mean': 0.0, 'l0_costs_on_mis_and_comp_mean': 0.0, 'stand_linf_costs_mean': 0.0, 'stand_linf_costs_on_mis_mean': 0.0, 'stand_linfcosts_costs_on_mis_and_comp_mean': 0.0}
[2026-04-14 10:28:03,141][__main__][INFO] - Executing CaFA attack.
[2026-04-14 10:35:31,179][__main__][INFO] - after-cafa: {'is_misclassified_rate': 0.9846153846153847, 'is_comp_rate': 0.49923076923076926, 'is_mis_and_comp_rate': 0.48923076923076925, 'l0_costs_mean': 3.2830769230769232, 'l0_costs_on_mis_mean': 3.334375, 'l0_costs_on_mis_and_comp_mean': 2.740566037735849, 'stand_linf_costs_mean': 0.04909578793286505, 'stand_linf_costs_on_mis_mean': 0.04986290961931607, 'stand_linfcosts_costs_on_mis_and_comp_mean': 0.050473633424466556}
[2026-04-14 10:35:31,179][__main__][INFO] - Executing projection of the crafted samples onto the constrained space.
[2026-04-14 10:43:20,080][__main__][INFO] - after-projection: {'is_misclassified_rate': 0.6923076923076923, 'is_comp_rate': 0.9984615384615385, 'is_mis_and_comp_rate': 0.6915384615384615, 'l0_costs_mean': 5.9884615384615385, 'l0_costs_on_mis_mean': 5.102222222222222, 'l0_costs_on_mis_and_comp_mean': 5.100111234705228, 'stand_linf_costs_mean': 0.4073827620746847, 'stand_linf_costs_on_mis_mean': 0.2799915327438696, 'stand_linfcosts_costs_on_mis_and_comp_mean': 0.27921244417291563}
[2026-04-14 10:43:20,081][__main__][INFO] - Evaluations: {'before-attack': {'is_misclassified_rate': 0.07230769230769231, 'is_comp_rate': 0.8530769230769231, 'is_mis_and_comp_rate': 0.06307692307692307, 'l0_costs_mean': 0.0, 'l0_costs_on_mis_mean': 0.0, 'l0_costs_on_mis_and_comp_mean': 0.0, 'stand_linf_costs_mean': 0.0, 'stand_linf_costs_on_mis_mean': 0.0, 'stand_linfcosts_costs_on_mis_and_comp_mean': 0.0}, 'after-cafa': {'is_misclassified_rate': 0.9846153846153847, 'is_comp_rate': 0.49923076923076926, 'is_mis_and_comp_rate': 0.48923076923076925, 'l0_costs_mean': 3.2830769230769232, 'l0_costs_on_mis_mean': 3.334375, 'l0_costs_on_mis_and_comp_mean': 2.740566037735849, 'stand_linf_costs_mean': 0.04909578793286505, 'stand_linf_costs_on_mis_mean': 0.04986290961931607, 'stand_linfcosts_costs_on_mis_and_comp_mean': 0.050473633424466556}, 'after-cafa-projection': {'is_misclassified_rate': 0.6923076923076923, 'is_comp_rate': 0.9984615384615385, 'is_mis_and_comp_rate': 0.6915384615384615, 'l0_costs_mean': 5.9884615384615385, 'l0_costs_on_mis_mean': 5.102222222222222, 'l0_costs_on_mis_and_comp_mean': 5.100111234705228, 'stand_linf_costs_mean': 0.4073827620746847, 'stand_linf_costs_on_mis_mean': 0.2799915327438696, 'stand_linfcosts_costs_on_mis_and_comp_mean': 0.27921244417291563}}
[2026-04-14 10:43:20,081][__main__][INFO] - Finished run. results saved in /users/student/rs/rahulky/robust-rfms/attack_tab/outputs/2026-04-14/10-27-32
