[2026-03-29 02:14:44,957][__main__][INFO] - Used config: n_samples_to_attack: 1500
data_split_to_attack: test
save_attack_artifacts: true
perform_training: true
perform_training_grid_search_hparams: true
perform_constraints_mining: false
perform_constraints_ranking: false
perform_constraints_soundness_evaluation: false
perform_attack: true
perform_projection: true
data:
  name: phishing
  params:
    dataset_name: ${data.name}
    data_file_path: ${data.paths.data_file_path}
    metadata_file_path: ${data.paths.metadata_file_path}
    encoding_method: one_hot_encoding
    random_seed: 42
    train_proportion: 0.87
  paths:
    data_dir_path: data/${data.name}/raw-data
    data_file_path: ${data.paths.data_dir_path}/Phishing_Legitimate_full.arff
    metadata_file_path: ${data.paths.data_dir_path}/phishing.metadata.csv
    constraints_dir_path: data/${data.name}/mined-constraints
    raw_dcs_out_path: ${data.paths.constraints_dir_path}/phishing-10cols__DC_threshold=0.01__fastadc_dcs.txt
    evaluated_dcs_out_path: ${data.paths.constraints_dir_path}/phishing-10cols__DC_threshold=0.01__fastadc_dcs__eval.csv
ml_model:
  model_type: kernel
  model_artifact_path: trained-models/kernel/${data.name}-${ml_model.model_type}.pt
  perform_training: ${perform_training}
  perform_grid_search_hparams: ${perform_training_grid_search_hparams}
  default_hparams:
    kernel: laplacian
    L: 0.5
    reg: 0.001
    version: kernel
    iters: 5
    egop_samples: 20000
    egop_batch_size: 2500
attack:
  attack_name: cafa
  random_init: true
  random_seed: null
  max_iter: 250
  max_iter_tabpgd: 100
  eps: 0.03333333333333333
  step_size: 0.0003333333333333333
  perturb_categorical_each_steps: 10
constraints:
  constrainer_params:
    evaluated_dcs_out_path: ${data.paths.evaluated_dcs_out_path}
    n_dcs: 5000
    n_tuples: 1
    limit_cost_ball: true
    cost_ball_eps: 0.03333333333333333
  projector_params:
    upper_projection_budget_bound: 0.5
  mining_params:
    perform_constraints_mining: ${perform_constraints_mining}
    perform_constraints_ranking: ${perform_constraints_ranking}
    raw_dcs_out_path: ${data.paths.raw_dcs_out_path}
    evaluated_dcs_out_path: ${data.paths.evaluated_dcs_out_path}
    approx_violation_threshold: 0.01
    path_to_fastadc_miner_jar: src/constraints/mining/resources/FastADC-1.0-SNAPSHOT.jar
    n_dcs_to_eval: 10000
    n_tuples_to_eval: 1000
    n_other_tuples_to_eval: 8000

[2026-03-29 02:14:45,411][src.models.kernel][INFO] - Training kernel model: kernel=laplacian, L=0.05, reg=0.01, iters=5, n_train=7395, n_test=1305
[2026-03-29 02:19:31,889][src.models.kernel][INFO] - Round 0 Acc: 92.41
[2026-03-29 02:25:47,620][src.models.kernel][INFO] - Round 1 Acc: 94.79
[2026-03-29 02:30:24,547][src.models.kernel][INFO] - Round 2 Acc: 94.71
[2026-03-29 02:32:13,581][src.models.kernel][INFO] - Round 3 Acc: 95.25
[2026-03-29 02:33:45,622][src.models.kernel][INFO] - Round 4 Acc: 95.25
[2026-03-29 02:36:34,860][src.models.kernel][INFO] - Final Acc: 95.10
[2026-03-29 02:36:34,976][src.models.kernel][INFO] - Saved kernel artifact to outputs/phishing-laplacian-rfm.pt
[2026-03-29 02:36:34,976][src.models.kernel][INFO] - kernel=laplacian L=0.05 reg=0.01 => score=95.2490
[2026-03-29 02:36:35,055][src.models.kernel][INFO] - Training kernel model: kernel=laplacian, L=0.05, reg=0.001, iters=5, n_train=7395, n_test=1305
[2026-03-29 02:39:25,348][src.models.kernel][INFO] - Round 0 Acc: 89.58
[2026-03-29 02:40:40,416][src.models.kernel][INFO] - Round 1 Acc: 92.87
[2026-03-29 02:44:12,314][src.models.kernel][INFO] - Round 2 Acc: 93.49
[2026-03-29 02:45:35,458][src.models.kernel][INFO] - Round 3 Acc: 93.26
[2026-03-29 02:46:55,063][src.models.kernel][INFO] - Round 4 Acc: 93.03
[2026-03-29 02:49:17,272][src.models.kernel][INFO] - Final Acc: 92.87
[2026-03-29 02:49:17,392][src.models.kernel][INFO] - Saved kernel artifact to outputs/phishing-laplacian-rfm.pt
[2026-03-29 02:49:17,396][src.models.kernel][INFO] - kernel=laplacian L=0.05 reg=0.001 => score=93.4866
[2026-03-29 02:49:17,497][src.models.kernel][INFO] - Training kernel model: kernel=laplacian, L=0.05, reg=0.0001, iters=5, n_train=7395, n_test=1305
[2026-03-29 02:56:12,502][src.models.kernel][INFO] - Round 0 Acc: 89.27
[2026-03-29 03:01:18,456][src.models.kernel][INFO] - Round 1 Acc: 92.18
[2026-03-29 03:03:37,183][src.models.kernel][INFO] - Round 2 Acc: 92.95
[2026-03-29 03:08:59,797][src.models.kernel][INFO] - Round 3 Acc: 92.41
[2026-03-29 03:14:41,492][src.models.kernel][INFO] - Round 4 Acc: 91.88
[2026-03-29 03:14:46,860][src.models.kernel][INFO] - Final Acc: 91.42
[2026-03-29 03:14:46,897][src.models.kernel][INFO] - Saved kernel artifact to outputs/phishing-laplacian-rfm.pt
[2026-03-29 03:14:46,897][src.models.kernel][INFO] - kernel=laplacian L=0.05 reg=0.0001 => score=92.9502
[2026-03-29 03:14:47,140][src.models.kernel][INFO] - Training kernel model: kernel=laplacian, L=0.125, reg=0.01, iters=5, n_train=7395, n_test=1305
[2026-03-29 03:14:50,033][src.models.kernel][INFO] - Round 0 Acc: 92.41
[2026-03-29 03:14:53,847][src.models.kernel][INFO] - Round 1 Acc: 94.33
[2026-03-29 03:14:57,544][src.models.kernel][INFO] - Round 2 Acc: 95.33
[2026-03-29 03:15:27,120][src.models.kernel][INFO] - Round 3 Acc: 96.02
[2026-03-29 03:22:58,295][src.models.kernel][INFO] - Round 4 Acc: 95.86
[2026-03-29 03:27:39,600][src.models.kernel][INFO] - Final Acc: 95.56
[2026-03-29 03:27:39,636][src.models.kernel][INFO] - Saved kernel artifact to outputs/phishing-laplacian-rfm.pt
[2026-03-29 03:27:39,636][src.models.kernel][INFO] - kernel=laplacian L=0.125 reg=0.01 => score=96.0153
[2026-03-29 03:27:39,774][src.models.kernel][INFO] - Training kernel model: kernel=laplacian, L=0.125, reg=0.001, iters=5, n_train=7395, n_test=1305
[2026-03-29 03:31:45,817][src.models.kernel][INFO] - Round 0 Acc: 90.80
[2026-03-29 03:36:07,549][src.models.kernel][INFO] - Round 1 Acc: 93.79
[2026-03-29 03:40:20,951][src.models.kernel][INFO] - Round 2 Acc: 95.02
[2026-03-29 03:42:29,119][src.models.kernel][INFO] - Round 3 Acc: 94.87
[2026-03-29 03:45:52,976][src.models.kernel][INFO] - Round 4 Acc: 94.56
[2026-03-29 03:49:41,068][src.models.kernel][INFO] - Final Acc: 94.33
[2026-03-29 03:49:41,107][src.models.kernel][INFO] - Saved kernel artifact to outputs/phishing-laplacian-rfm.pt
[2026-03-29 03:49:41,173][src.models.kernel][INFO] - kernel=laplacian L=0.125 reg=0.001 => score=95.0192
[2026-03-29 03:49:41,245][src.models.kernel][INFO] - Training kernel model: kernel=laplacian, L=0.125, reg=0.0001, iters=5, n_train=7395, n_test=1305
[2026-03-29 03:54:04,422][src.models.kernel][INFO] - Round 0 Acc: 88.97
[2026-03-29 03:56:43,256][src.models.kernel][INFO] - Round 1 Acc: 94.10
[2026-03-29 04:00:36,240][src.models.kernel][INFO] - Round 2 Acc: 93.49
[2026-03-29 04:03:59,209][src.models.kernel][INFO] - Round 3 Acc: 93.41
[2026-03-29 04:08:13,639][src.models.kernel][INFO] - Round 4 Acc: 93.79
[2026-03-29 04:13:44,141][src.models.kernel][INFO] - Final Acc: 93.72
[2026-03-29 04:13:44,240][src.models.kernel][INFO] - Saved kernel artifact to outputs/phishing-laplacian-rfm.pt
[2026-03-29 04:13:44,241][src.models.kernel][INFO] - kernel=laplacian L=0.125 reg=0.0001 => score=94.0996
[2026-03-29 04:13:44,292][src.models.kernel][INFO] - Training kernel model: kernel=laplacian, L=0.25, reg=0.01, iters=5, n_train=7395, n_test=1305
[2026-03-29 04:18:48,870][src.models.kernel][INFO] - Round 0 Acc: 92.18
[2026-03-29 04:20:07,777][src.models.kernel][INFO] - Round 1 Acc: 94.48
[2026-03-29 04:20:13,594][src.models.kernel][INFO] - Round 2 Acc: 95.40
[2026-03-29 04:20:17,007][src.models.kernel][INFO] - Round 3 Acc: 96.02
[2026-03-29 04:20:19,766][src.models.kernel][INFO] - Round 4 Acc: 95.71
[2026-03-29 04:20:22,413][src.models.kernel][INFO] - Final Acc: 95.17
[2026-03-29 04:20:22,445][src.models.kernel][INFO] - Saved kernel artifact to outputs/phishing-laplacian-rfm.pt
[2026-03-29 04:20:22,445][src.models.kernel][INFO] - kernel=laplacian L=0.25 reg=0.01 => score=96.0153
[2026-03-29 04:20:22,503][src.models.kernel][INFO] - Training kernel model: kernel=laplacian, L=0.25, reg=0.001, iters=5, n_train=7395, n_test=1305
[2026-03-29 04:20:24,356][src.models.kernel][INFO] - Round 0 Acc: 79.85
[2026-03-29 04:21:29,123][src.models.kernel][INFO] - Round 1 Acc: 90.11
[2026-03-29 04:23:51,611][src.models.kernel][INFO] - Round 2 Acc: 90.34
[2026-03-29 04:23:57,139][src.models.kernel][INFO] - Round 3 Acc: 90.42
[2026-03-29 04:24:02,709][src.models.kernel][INFO] - Round 4 Acc: 91.34
[2026-03-29 04:24:06,726][src.models.kernel][INFO] - Final Acc: 92.18
[2026-03-29 04:24:06,760][src.models.kernel][INFO] - Saved kernel artifact to outputs/phishing-laplacian-rfm.pt
[2026-03-29 04:24:06,760][src.models.kernel][INFO] - kernel=laplacian L=0.25 reg=0.001 => score=92.1839
[2026-03-29 04:24:06,822][src.models.kernel][INFO] - Training kernel model: kernel=laplacian, L=0.25, reg=0.0001, iters=5, n_train=7395, n_test=1305
[2026-03-29 04:24:10,088][src.models.kernel][INFO] - Round 0 Acc: 91.03
[2026-03-29 04:24:12,734][src.models.kernel][INFO] - Round 1 Acc: 94.41
[2026-03-29 04:24:31,587][src.models.kernel][INFO] - Round 2 Acc: 94.18
[2026-03-29 04:24:59,477][src.models.kernel][INFO] - Round 3 Acc: 93.87
[2026-03-29 04:28:21,027][src.models.kernel][INFO] - Round 4 Acc: 94.18
[2026-03-29 04:28:26,580][src.models.kernel][INFO] - Final Acc: 94.10
[2026-03-29 04:28:26,611][src.models.kernel][INFO] - Saved kernel artifact to outputs/phishing-laplacian-rfm.pt
[2026-03-29 04:28:26,612][src.models.kernel][INFO] - kernel=laplacian L=0.25 reg=0.0001 => score=94.4061
[2026-03-29 04:28:26,663][src.models.kernel][INFO] - Training kernel model: kernel=laplacian, L=0.5, reg=0.01, iters=5, n_train=7395, n_test=1305
[2026-03-29 04:28:30,422][src.models.kernel][INFO] - Round 0 Acc: 92.03
[2026-03-29 04:28:35,414][src.models.kernel][INFO] - Round 1 Acc: 94.18
[2026-03-29 04:28:39,473][src.models.kernel][INFO] - Round 2 Acc: 95.02
[2026-03-29 04:28:43,087][src.models.kernel][INFO] - Round 3 Acc: 95.33
[2026-03-29 04:28:45,641][src.models.kernel][INFO] - Round 4 Acc: 95.02
[2026-03-29 04:28:48,202][src.models.kernel][INFO] - Final Acc: 95.17
[2026-03-29 04:28:48,234][src.models.kernel][INFO] - Saved kernel artifact to outputs/phishing-laplacian-rfm.pt
[2026-03-29 04:28:48,234][src.models.kernel][INFO] - kernel=laplacian L=0.5 reg=0.01 => score=95.3257
[2026-03-29 04:28:48,293][src.models.kernel][INFO] - Training kernel model: kernel=laplacian, L=0.5, reg=0.001, iters=5, n_train=7395, n_test=1305
[2026-03-29 04:28:58,210][src.models.kernel][INFO] - Round 0 Acc: 92.41
[2026-03-29 04:31:11,802][src.models.kernel][INFO] - Round 1 Acc: 94.48
[2026-03-29 04:31:15,883][src.models.kernel][INFO] - Round 2 Acc: 95.10
[2026-03-29 04:31:19,660][src.models.kernel][INFO] - Round 3 Acc: 95.17
[2026-03-29 04:31:23,117][src.models.kernel][INFO] - Round 4 Acc: 95.02
[2026-03-29 04:31:42,902][src.models.kernel][INFO] - Final Acc: 94.79
[2026-03-29 04:31:42,951][src.models.kernel][INFO] - Saved kernel artifact to outputs/phishing-laplacian-rfm.pt
[2026-03-29 04:31:42,951][src.models.kernel][INFO] - kernel=laplacian L=0.5 reg=0.001 => score=95.1724
[2026-03-29 04:31:43,064][src.models.kernel][INFO] - Training kernel model: kernel=laplacian, L=0.5, reg=0.0001, iters=5, n_train=7395, n_test=1305
[2026-03-29 04:31:46,477][src.models.kernel][INFO] - Round 0 Acc: 89.81
[2026-03-29 04:31:49,796][src.models.kernel][INFO] - Round 1 Acc: 93.26
[2026-03-29 04:31:53,590][src.models.kernel][INFO] - Round 2 Acc: 94.41
[2026-03-29 04:32:48,129][src.models.kernel][INFO] - Round 3 Acc: 94.64
[2026-03-29 04:36:38,038][src.models.kernel][INFO] - Round 4 Acc: 94.18
[2026-03-29 04:38:12,942][src.models.kernel][INFO] - Final Acc: 94.10
[2026-03-29 04:38:12,978][src.models.kernel][INFO] - Saved kernel artifact to outputs/phishing-laplacian-rfm.pt
[2026-03-29 04:38:12,978][src.models.kernel][INFO] - kernel=laplacian L=0.5 reg=0.0001 => score=94.6360
[2026-03-29 04:38:13,138][src.models.kernel][INFO] - Training kernel model: kernel=laplacian, L=1.0, reg=0.01, iters=5, n_train=7395, n_test=1305
[2026-03-29 04:38:15,791][src.models.kernel][INFO] - Round 0 Acc: 92.03
[2026-03-29 04:38:20,176][src.models.kernel][INFO] - Round 1 Acc: 93.79
[2026-03-29 04:38:24,093][src.models.kernel][INFO] - Round 2 Acc: 94.41
[2026-03-29 04:38:28,685][src.models.kernel][INFO] - Round 3 Acc: 94.79
[2026-03-29 04:38:31,238][src.models.kernel][INFO] - Round 4 Acc: 94.48
[2026-03-29 04:38:33,714][src.models.kernel][INFO] - Final Acc: 94.56
[2026-03-29 04:38:33,739][src.models.kernel][INFO] - Saved kernel artifact to outputs/phishing-laplacian-rfm.pt
[2026-03-29 04:38:33,739][src.models.kernel][INFO] - kernel=laplacian L=1 reg=0.01 => score=94.7893
[2026-03-29 04:38:33,778][src.models.kernel][INFO] - Training kernel model: kernel=laplacian, L=1.0, reg=0.001, iters=5, n_train=7395, n_test=1305
[2026-03-29 04:38:35,756][src.models.kernel][INFO] - Round 0 Acc: 92.41
[2026-03-29 04:38:46,433][src.models.kernel][INFO] - Round 1 Acc: 94.48
[2026-03-29 04:38:51,137][src.models.kernel][INFO] - Round 2 Acc: 95.25
[2026-03-29 04:39:09,995][src.models.kernel][INFO] - Round 3 Acc: 95.79
[2026-03-29 04:39:20,324][src.models.kernel][INFO] - Round 4 Acc: 95.48
[2026-03-29 04:39:24,995][src.models.kernel][INFO] - Final Acc: 95.25
[2026-03-29 04:39:25,018][src.models.kernel][INFO] - Saved kernel artifact to outputs/phishing-laplacian-rfm.pt
[2026-03-29 04:39:25,019][src.models.kernel][INFO] - kernel=laplacian L=1 reg=0.001 => score=95.7854
[2026-03-29 04:39:25,056][src.models.kernel][INFO] - Training kernel model: kernel=laplacian, L=1.0, reg=0.0001, iters=5, n_train=7395, n_test=1305
[2026-03-29 04:39:38,132][src.models.kernel][INFO] - Round 0 Acc: 90.88
[2026-03-29 04:39:43,628][src.models.kernel][INFO] - Round 1 Acc: 92.87
[2026-03-29 04:39:48,151][src.models.kernel][INFO] - Round 2 Acc: 94.94
[2026-03-29 04:39:51,396][src.models.kernel][INFO] - Round 3 Acc: 95.02
[2026-03-29 04:39:54,620][src.models.kernel][INFO] - Round 4 Acc: 94.79
[2026-03-29 04:39:57,073][src.models.kernel][INFO] - Final Acc: 94.10
[2026-03-29 04:39:57,106][src.models.kernel][INFO] - Saved kernel artifact to outputs/phishing-laplacian-rfm.pt
[2026-03-29 04:39:57,106][src.models.kernel][INFO] - kernel=laplacian L=1 reg=0.0001 => score=95.0192
[2026-03-29 04:39:57,165][src.models.kernel][INFO] - Training kernel model: kernel=laplacian, L=2.0, reg=0.01, iters=5, n_train=7395, n_test=1305
[2026-03-29 04:39:59,133][src.models.kernel][INFO] - Round 0 Acc: 92.49
[2026-03-29 04:40:01,611][src.models.kernel][INFO] - Round 1 Acc: 93.49
[2026-03-29 04:40:04,184][src.models.kernel][INFO] - Round 2 Acc: 94.25
[2026-03-29 04:43:24,109][src.models.kernel][INFO] - Round 3 Acc: 94.33
[2026-03-29 04:48:52,537][src.models.kernel][INFO] - Round 4 Acc: 93.79
[2026-03-29 04:48:56,899][src.models.kernel][INFO] - Final Acc: 94.33
[2026-03-29 04:48:56,929][src.models.kernel][INFO] - Saved kernel artifact to outputs/phishing-laplacian-rfm.pt
[2026-03-29 04:48:56,929][src.models.kernel][INFO] - kernel=laplacian L=2.0 reg=0.01 => score=94.3295
[2026-03-29 04:48:56,988][src.models.kernel][INFO] - Training kernel model: kernel=laplacian, L=2.0, reg=0.001, iters=5, n_train=7395, n_test=1305
[2026-03-29 04:48:59,227][src.models.kernel][INFO] - Round 0 Acc: 92.18
[2026-03-29 04:49:02,988][src.models.kernel][INFO] - Round 1 Acc: 94.25
[2026-03-29 04:49:06,310][src.models.kernel][INFO] - Round 2 Acc: 95.48
[2026-03-29 04:49:08,826][src.models.kernel][INFO] - Round 3 Acc: 95.71
[2026-03-29 04:49:11,251][src.models.kernel][INFO] - Round 4 Acc: 95.56
[2026-03-29 04:49:13,658][src.models.kernel][INFO] - Final Acc: 95.17
[2026-03-29 04:49:13,685][src.models.kernel][INFO] - Saved kernel artifact to outputs/phishing-laplacian-rfm.pt
[2026-03-29 04:49:13,685][src.models.kernel][INFO] - kernel=laplacian L=2.0 reg=0.001 => score=95.7088
[2026-03-29 04:49:13,724][src.models.kernel][INFO] - Training kernel model: kernel=laplacian, L=2.0, reg=0.0001, iters=5, n_train=7395, n_test=1305
[2026-03-29 04:49:15,623][src.models.kernel][INFO] - Round 0 Acc: 91.11
[2026-03-29 04:49:21,813][src.models.kernel][INFO] - Round 1 Acc: 91.57
[2026-03-29 04:53:00,155][src.models.kernel][INFO] - Round 2 Acc: 94.41
[2026-03-29 04:53:03,405][src.models.kernel][INFO] - Round 3 Acc: 94.64
[2026-03-29 04:53:06,740][src.models.kernel][INFO] - Round 4 Acc: 94.10
[2026-03-29 04:53:09,919][src.models.kernel][INFO] - Final Acc: 94.25
[2026-03-29 04:53:09,956][src.models.kernel][INFO] - Saved kernel artifact to outputs/phishing-laplacian-rfm.pt
[2026-03-29 04:53:09,956][src.models.kernel][INFO] - kernel=laplacian L=2.0 reg=0.0001 => score=94.6360
[2026-03-29 04:53:10,014][src.models.kernel][INFO] - Training kernel model: kernel=laplacian, L=4.0, reg=0.01, iters=5, n_train=7395, n_test=1305
[2026-03-29 04:53:12,252][src.models.kernel][INFO] - Round 0 Acc: 92.26
[2026-03-29 04:53:20,722][src.models.kernel][INFO] - Round 1 Acc: 93.41
[2026-03-29 04:53:31,005][src.models.kernel][INFO] - Round 2 Acc: 93.26
[2026-03-29 04:53:33,766][src.models.kernel][INFO] - Round 3 Acc: 93.79
[2026-03-29 04:53:36,893][src.models.kernel][INFO] - Round 4 Acc: 94.18
[2026-03-29 04:53:40,267][src.models.kernel][INFO] - Final Acc: 94.10
[2026-03-29 04:53:40,333][src.models.kernel][INFO] - Saved kernel artifact to outputs/phishing-laplacian-rfm.pt
[2026-03-29 04:53:40,333][src.models.kernel][INFO] - kernel=laplacian L=4.0 reg=0.01 => score=94.1762
[2026-03-29 04:53:40,385][src.models.kernel][INFO] - Training kernel model: kernel=laplacian, L=4.0, reg=0.001, iters=5, n_train=7395, n_test=1305
[2026-03-29 04:53:53,335][src.models.kernel][INFO] - Round 0 Acc: 92.26
[2026-03-29 04:59:54,641][src.models.kernel][INFO] - Round 1 Acc: 94.18
[2026-03-29 04:59:57,929][src.models.kernel][INFO] - Round 2 Acc: 95.02
[2026-03-29 05:00:02,483][src.models.kernel][INFO] - Round 3 Acc: 95.56
[2026-03-29 05:00:06,972][src.models.kernel][INFO] - Round 4 Acc: 95.40
[2026-03-29 05:00:10,242][src.models.kernel][INFO] - Final Acc: 95.17
[2026-03-29 05:00:10,295][src.models.kernel][INFO] - Saved kernel artifact to outputs/phishing-laplacian-rfm.pt
[2026-03-29 05:00:10,296][src.models.kernel][INFO] - kernel=laplacian L=4.0 reg=0.001 => score=95.5556
[2026-03-29 05:00:10,334][src.models.kernel][INFO] - Training kernel model: kernel=laplacian, L=4.0, reg=0.0001, iters=5, n_train=7395, n_test=1305
[2026-03-29 05:00:13,053][src.models.kernel][INFO] - Round 0 Acc: 87.66
[2026-03-29 05:00:15,578][src.models.kernel][INFO] - Round 1 Acc: 92.49
[2026-03-29 05:00:18,073][src.models.kernel][INFO] - Round 2 Acc: 93.56
[2026-03-29 05:00:24,383][src.models.kernel][INFO] - Round 3 Acc: 93.79
[2026-03-29 05:00:32,590][src.models.kernel][INFO] - Round 4 Acc: 93.79
[2026-03-29 05:00:35,541][src.models.kernel][INFO] - Final Acc: 94.33
[2026-03-29 05:00:35,605][src.models.kernel][INFO] - Saved kernel artifact to outputs/phishing-laplacian-rfm.pt
[2026-03-29 05:00:35,605][src.models.kernel][INFO] - kernel=laplacian L=4.0 reg=0.0001 => score=94.3295
[2026-03-29 05:00:35,787][src.models.kernel][INFO] - Training kernel model: kernel=laplacian, L=6.0, reg=0.01, iters=5, n_train=7395, n_test=1305
[2026-03-29 05:00:37,924][src.models.kernel][INFO] - Round 0 Acc: 92.49
[2026-03-29 05:00:52,257][src.models.kernel][INFO] - Round 1 Acc: 93.03
[2026-03-29 05:04:25,887][src.models.kernel][INFO] - Round 2 Acc: 93.18
[2026-03-29 05:07:05,587][src.models.kernel][INFO] - Round 3 Acc: 93.49
[2026-03-29 05:07:09,379][src.models.kernel][INFO] - Round 4 Acc: 93.64
[2026-03-29 05:07:13,542][src.models.kernel][INFO] - Final Acc: 93.64
[2026-03-29 05:07:13,599][src.models.kernel][INFO] - Saved kernel artifact to outputs/phishing-laplacian-rfm.pt
[2026-03-29 05:07:13,599][src.models.kernel][INFO] - kernel=laplacian L=6.0 reg=0.01 => score=93.6398
[2026-03-29 05:07:13,661][src.models.kernel][INFO] - Training kernel model: kernel=laplacian, L=6.0, reg=0.001, iters=5, n_train=7395, n_test=1305
[2026-03-29 05:07:16,458][src.models.kernel][INFO] - Round 0 Acc: 92.26
[2026-03-29 05:07:20,228][src.models.kernel][INFO] - Round 1 Acc: 94.25
[2026-03-29 05:07:23,564][src.models.kernel][INFO] - Round 2 Acc: 95.10
[2026-03-29 05:07:25,991][src.models.kernel][INFO] - Round 3 Acc: 94.94
[2026-03-29 05:07:28,385][src.models.kernel][INFO] - Round 4 Acc: 95.10
[2026-03-29 05:07:30,986][src.models.kernel][INFO] - Final Acc: 95.33
[2026-03-29 05:07:31,022][src.models.kernel][INFO] - Saved kernel artifact to outputs/phishing-laplacian-rfm.pt
[2026-03-29 05:07:31,022][src.models.kernel][INFO] - kernel=laplacian L=6.0 reg=0.001 => score=95.3257
[2026-03-29 05:07:31,091][src.models.kernel][INFO] - Training kernel model: kernel=laplacian, L=6.0, reg=0.0001, iters=5, n_train=7395, n_test=1305
[2026-03-29 05:07:36,003][src.models.kernel][INFO] - Round 0 Acc: 92.11
[2026-03-29 05:07:41,840][src.models.kernel][INFO] - Round 1 Acc: 94.33
[2026-03-29 05:07:44,872][src.models.kernel][INFO] - Round 2 Acc: 95.17
[2026-03-29 05:07:47,952][src.models.kernel][INFO] - Round 3 Acc: 95.71
[2026-03-29 05:07:54,727][src.models.kernel][INFO] - Round 4 Acc: 95.33
[2026-03-29 05:08:03,325][src.models.kernel][INFO] - Final Acc: 95.17
[2026-03-29 05:08:03,364][src.models.kernel][INFO] - Saved kernel artifact to outputs/phishing-laplacian-rfm.pt
[2026-03-29 05:08:03,365][src.models.kernel][INFO] - kernel=laplacian L=6.0 reg=0.0001 => score=95.7088
[2026-03-29 05:08:03,365][src.models.kernel][INFO] - Best kernel hyperparameters: {'kernel': 'laplacian', 'L': 0.125, 'reg': 0.01, 'version': 'rfm', 'iters': 5}
[2026-03-29 05:08:03,453][src.models.kernel][INFO] - Training kernel model: kernel=laplacian, L=0.125, reg=0.01, iters=5, n_train=7395, n_test=1305
[2026-03-29 05:09:54,618][src.models.kernel][INFO] - Round 0 Acc: 92.41
[2026-03-29 05:10:02,613][src.models.kernel][INFO] - Round 1 Acc: 94.33
[2026-03-29 05:10:06,201][src.models.kernel][INFO] - Round 2 Acc: 95.33
[2026-03-29 05:10:09,376][src.models.kernel][INFO] - Round 3 Acc: 96.02
[2026-03-29 05:10:12,499][src.models.kernel][INFO] - Round 4 Acc: 95.86
[2026-03-29 05:10:16,183][src.models.kernel][INFO] - Final Acc: 95.56
[2026-03-29 05:10:16,209][src.models.kernel][INFO] - Saved kernel artifact to trained-models/kernel/phishing-laplacian-rfm.pt
[2026-03-29 05:10:16,209][src.models.utils][INFO] - Loading model from trained-models/kernel/phishing-laplacian-rfm.pt
[2026-03-29 05:10:16,263][art.estimators.classification.pytorch][INFO] - Inferred 0 hidden layers on PyTorch classifier.
[2026-03-29 05:10:16,503][__main__][INFO] - Initializing constraint set and projector for the attack.
[2026-03-29 05:10:59,903][__main__][INFO] - before-attack: {'is_misclassified_rate': 0.05, 'is_comp_rate': 0.8530769230769231, 'is_mis_and_comp_rate': 0.04153846153846154, 'l0_costs_mean': 0.0, 'l0_costs_on_mis_mean': 0.0, 'l0_costs_on_mis_and_comp_mean': 0.0, 'stand_linf_costs_mean': 0.0, 'stand_linf_costs_on_mis_mean': 0.0, 'stand_linfcosts_costs_on_mis_and_comp_mean': 0.0}
[2026-03-29 05:10:59,903][__main__][INFO] - Executing CaFA attack.
[2026-03-29 05:17:36,651][__main__][INFO] - after-cafa: {'is_misclassified_rate': 0.7723076923076924, 'is_comp_rate': 0.55, 'is_mis_and_comp_rate': 0.34923076923076923, 'l0_costs_mean': 3.2953846153846156, 'l0_costs_on_mis_mean': 4.266932270916334, 'l0_costs_on_mis_and_comp_mean': 2.8193832599118944, 'stand_linf_costs_mean': 0.01960855069061649, 'stand_linf_costs_on_mis_mean': 0.025389557667132908, 'stand_linfcosts_costs_on_mis_and_comp_mean': 0.02208837531577393}
[2026-03-29 05:17:36,651][__main__][INFO] - Executing projection of the crafted samples onto the constrained space.
[2026-03-29 05:34:01,202][__main__][INFO] - after-projection: {'is_misclassified_rate': 0.5661538461538461, 'is_comp_rate': 0.7915384615384615, 'is_mis_and_comp_rate': 0.4053846153846154, 'l0_costs_mean': 3.5523076923076924, 'l0_costs_on_mis_mean': 4.3396739130434785, 'l0_costs_on_mis_and_comp_mean': 3.4497153700189753, 'stand_linf_costs_mean': 0.02747948007747766, 'stand_linf_costs_on_mis_mean': 0.028651166915178942, 'stand_linfcosts_costs_on_mis_and_comp_mean': 0.027034629246417228}
[2026-03-29 05:34:01,202][__main__][INFO] - Evaluations: {'before-attack': {'is_misclassified_rate': 0.05, 'is_comp_rate': 0.8530769230769231, 'is_mis_and_comp_rate': 0.04153846153846154, 'l0_costs_mean': 0.0, 'l0_costs_on_mis_mean': 0.0, 'l0_costs_on_mis_and_comp_mean': 0.0, 'stand_linf_costs_mean': 0.0, 'stand_linf_costs_on_mis_mean': 0.0, 'stand_linfcosts_costs_on_mis_and_comp_mean': 0.0}, 'after-cafa': {'is_misclassified_rate': 0.7723076923076924, 'is_comp_rate': 0.55, 'is_mis_and_comp_rate': 0.34923076923076923, 'l0_costs_mean': 3.2953846153846156, 'l0_costs_on_mis_mean': 4.266932270916334, 'l0_costs_on_mis_and_comp_mean': 2.8193832599118944, 'stand_linf_costs_mean': 0.01960855069061649, 'stand_linf_costs_on_mis_mean': 0.025389557667132908, 'stand_linfcosts_costs_on_mis_and_comp_mean': 0.02208837531577393}, 'after-cafa-projection': {'is_misclassified_rate': 0.5661538461538461, 'is_comp_rate': 0.7915384615384615, 'is_mis_and_comp_rate': 0.4053846153846154, 'l0_costs_mean': 3.5523076923076924, 'l0_costs_on_mis_mean': 4.3396739130434785, 'l0_costs_on_mis_and_comp_mean': 3.4497153700189753, 'stand_linf_costs_mean': 0.02747948007747766, 'stand_linf_costs_on_mis_mean': 0.028651166915178942, 'stand_linfcosts_costs_on_mis_and_comp_mean': 0.027034629246417228}}
[2026-03-29 05:34:01,203][__main__][INFO] - Finished run. results saved in /users/student/rs/rahulky/robust-rfms/attack_tab/outputs/2026-03-29/02-14-44
