[2026-04-14 10:08:08,635][__main__][INFO] - Used config: n_samples_to_attack: 1500
data_split_to_attack: test
save_attack_artifacts: true
perform_training: false
perform_training_grid_search_hparams: false
perform_constraints_mining: false
perform_constraints_ranking: false
perform_constraints_soundness_evaluation: false
perform_attack: true
perform_projection: true
data:
  name: bank
  params:
    dataset_name: ${data.name}
    data_file_path: ${data.paths.data_file_path}
    metadata_file_path: ${data.paths.metadata_file_path}
    encoding_method: one_hot_encoding
    random_seed: 42
    train_proportion: 0.87
  paths:
    data_dir_path: data/${data.name}/raw-data
    data_file_path: ${data.paths.data_dir_path}/bank-full.csv
    metadata_file_path: ${data.paths.data_dir_path}/bank.metadata.csv
    constraints_dir_path: data/${data.name}/mined-constraints
    raw_dcs_out_path: ${data.paths.constraints_dir_path}/bank-11cols__DC_threshold=0.01__fastadc_dcs.txt
    evaluated_dcs_out_path: ${data.paths.constraints_dir_path}/bank-11cols__DC_threshold=0.01__fastadc_dcs__eval.csv
ml_model:
  model_type: kernel
  model_artifact_path: trained-models/kernel/${data.name}-laplacian-${ml_model.model_type}.pt
  perform_training: ${perform_training}
  perform_grid_search_hparams: ${perform_training_grid_search_hparams}
  default_hparams:
    kernel: laplacian
    L: 0.5
    reg: 0.001
    version: rfm
    iters: 5
    egop_samples: 20000
    egop_batch_size: 2500
attack:
  attack_name: cafa
  random_init: true
  random_seed: null
  max_iter: 250
  max_iter_tabpgd: 100
  eps: 0.5
  step_size: 0.005
  perturb_categorical_each_steps: 10
constraints:
  constrainer_params:
    evaluated_dcs_out_path: ${data.paths.evaluated_dcs_out_path}
    n_dcs: 5000
    n_tuples: 1
    limit_cost_ball: true
    cost_ball_eps: 1.0
  projector_params:
    upper_projection_budget_bound: 1.0
  mining_params:
    perform_constraints_mining: ${perform_constraints_mining}
    perform_constraints_ranking: ${perform_constraints_ranking}
    raw_dcs_out_path: ${data.paths.raw_dcs_out_path}
    evaluated_dcs_out_path: ${data.paths.evaluated_dcs_out_path}
    approx_violation_threshold: 0.01
    path_to_fastadc_miner_jar: src/constraints/mining/resources/FastADC-1.0-SNAPSHOT.jar
    n_dcs_to_eval: 10000
    n_tuples_to_eval: 1000
    n_other_tuples_to_eval: 8000

[2026-04-14 10:08:09,850][src.models.utils][INFO] - Loading model from trained-models/kernel/bank-laplacian-kernel.pt
[2026-04-14 10:08:09,952][art.estimators.classification.pytorch][INFO] - Inferred 0 hidden layers on PyTorch classifier.
[2026-04-14 10:08:10,275][__main__][INFO] - Initializing constraint set and projector for the attack.
[2026-04-14 10:08:47,324][__main__][INFO] - before-attack: {'is_misclassified_rate': 0.12, 'is_comp_rate': 0.796, 'is_mis_and_comp_rate': 0.08, 'l0_costs_mean': 0.0, 'l0_costs_on_mis_mean': 0.0, 'l0_costs_on_mis_and_comp_mean': 0.0, 'stand_linf_costs_mean': 0.0, 'stand_linf_costs_on_mis_mean': 0.0, 'stand_linfcosts_costs_on_mis_and_comp_mean': 0.0}
[2026-04-14 10:08:47,324][__main__][INFO] - Executing CaFA attack.
[2026-04-14 10:35:31,922][__main__][INFO] - after-cafa: {'is_misclassified_rate': 0.6073333333333333, 'is_comp_rate': 0.372, 'is_mis_and_comp_rate': 0.025333333333333333, 'l0_costs_mean': 2.804, 'l0_costs_on_mis_mean': 4.616904500548848, 'l0_costs_on_mis_and_comp_mean': 3.289473684210526, 'stand_linf_costs_mean': 0.2366895287247359, 'stand_linf_costs_on_mis_mean': 0.3897193118409482, 'stand_linfcosts_costs_on_mis_and_comp_mean': 0.36091566648175794}
[2026-04-14 10:35:31,922][__main__][INFO] - Executing projection of the crafted samples onto the constrained space.
[2026-04-14 10:56:30,520][__main__][INFO] - after-projection: {'is_misclassified_rate': 0.14533333333333334, 'is_comp_rate': 1.0, 'is_mis_and_comp_rate': 0.14533333333333334, 'l0_costs_mean': 9.230666666666666, 'l0_costs_on_mis_mean': 12.472477064220184, 'l0_costs_on_mis_and_comp_mean': 12.472477064220184, 'stand_linf_costs_mean': 0.2487101108653595, 'stand_linf_costs_on_mis_mean': 0.41483282136493355, 'stand_linfcosts_costs_on_mis_and_comp_mean': 0.41483282136493355}
[2026-04-14 10:56:30,521][__main__][INFO] - Evaluations: {'before-attack': {'is_misclassified_rate': 0.12, 'is_comp_rate': 0.796, 'is_mis_and_comp_rate': 0.08, 'l0_costs_mean': 0.0, 'l0_costs_on_mis_mean': 0.0, 'l0_costs_on_mis_and_comp_mean': 0.0, 'stand_linf_costs_mean': 0.0, 'stand_linf_costs_on_mis_mean': 0.0, 'stand_linfcosts_costs_on_mis_and_comp_mean': 0.0}, 'after-cafa': {'is_misclassified_rate': 0.6073333333333333, 'is_comp_rate': 0.372, 'is_mis_and_comp_rate': 0.025333333333333333, 'l0_costs_mean': 2.804, 'l0_costs_on_mis_mean': 4.616904500548848, 'l0_costs_on_mis_and_comp_mean': 3.289473684210526, 'stand_linf_costs_mean': 0.2366895287247359, 'stand_linf_costs_on_mis_mean': 0.3897193118409482, 'stand_linfcosts_costs_on_mis_and_comp_mean': 0.36091566648175794}, 'after-cafa-projection': {'is_misclassified_rate': 0.14533333333333334, 'is_comp_rate': 1.0, 'is_mis_and_comp_rate': 0.14533333333333334, 'l0_costs_mean': 9.230666666666666, 'l0_costs_on_mis_mean': 12.472477064220184, 'l0_costs_on_mis_and_comp_mean': 12.472477064220184, 'stand_linf_costs_mean': 0.2487101108653595, 'stand_linf_costs_on_mis_mean': 0.41483282136493355, 'stand_linfcosts_costs_on_mis_and_comp_mean': 0.41483282136493355}}
[2026-04-14 10:56:30,521][__main__][INFO] - Finished run. results saved in /users/student/rs/rahulky/robust-rfms/attack_tab/outputs/2026-04-14/10-08-08
