[2026-03-29 01:57:29,665][__main__][INFO] - Used config: n_samples_to_attack: 1500
data_split_to_attack: test
save_attack_artifacts: true
perform_training: true
perform_training_grid_search_hparams: true
perform_constraints_mining: false
perform_constraints_ranking: false
perform_constraints_soundness_evaluation: false
perform_attack: true
perform_projection: true
data:
  name: adult
  params:
    dataset_name: ${data.name}
    data_file_path: ${data.paths.data_file_path}
    metadata_file_path: ${data.paths.metadata_file_path}
    encoding_method: one_hot_encoding
    random_seed: 42
    train_proportion: 0.87
  paths:
    data_dir_path: data/${data.name}/raw-data
    data_file_path: ${data.paths.data_dir_path}/adult.data
    metadata_file_path: ${data.paths.data_dir_path}/adult.metadata.csv
    constraints_dir_path: data/${data.name}/mined-constraints
    raw_dcs_out_path: ${data.paths.constraints_dir_path}/adult-13cols__DC_threshold=0.01__fastadc_dcs.txt
    evaluated_dcs_out_path: ${data.paths.constraints_dir_path}/adult-13cols__DC_threshold=0.01__fastadc_dcs__eval.csv
ml_model:
  model_type: kernel
  model_artifact_path: trained-models/kernel/${data.name}-${ml_model.model_type}.pt
  perform_training: ${perform_training}
  perform_grid_search_hparams: ${perform_training_grid_search_hparams}
  default_hparams:
    kernel: laplacian
    L: 0.5
    reg: 0.001
    version: kernel
    iters: 0
    egop_samples: 20000
    egop_batch_size: 2500
attack:
  attack_name: cafa
  random_init: true
  random_seed: null
  max_iter: 250
  max_iter_tabpgd: 100
  eps: 0.03333333333333333
  step_size: 0.0003333333333333333
  perturb_categorical_each_steps: 10
constraints:
  constrainer_params:
    evaluated_dcs_out_path: ${data.paths.evaluated_dcs_out_path}
    n_dcs: 5000
    n_tuples: 1
    limit_cost_ball: true
    cost_ball_eps: 0.03333333333333333
  projector_params:
    upper_projection_budget_bound: 0.5
  mining_params:
    perform_constraints_mining: ${perform_constraints_mining}
    perform_constraints_ranking: ${perform_constraints_ranking}
    raw_dcs_out_path: ${data.paths.raw_dcs_out_path}
    evaluated_dcs_out_path: ${data.paths.evaluated_dcs_out_path}
    approx_violation_threshold: 0.01
    path_to_fastadc_miner_jar: src/constraints/mining/resources/FastADC-1.0-SNAPSHOT.jar
    n_dcs_to_eval: 10000
    n_tuples_to_eval: 1000
    n_other_tuples_to_eval: 8000

[2026-03-29 01:57:31,514][src.models.kernel][INFO] - Training kernel model: kernel=gaussian, L=0.05, reg=0.01, iters=0, n_train=24079, n_test=4249
[2026-03-29 02:00:56,770][src.models.kernel][INFO] - Final Acc: 54.18
[2026-03-29 02:00:57,081][src.models.kernel][INFO] - Saved kernel artifact to outputs/adult-gaussian-kernel.pt
[2026-03-29 02:00:57,082][src.models.kernel][INFO] - kernel=gaussian L=0.05 reg=0.01 => score=54.1775
[2026-03-29 02:00:57,318][src.models.kernel][INFO] - Training kernel model: kernel=gaussian, L=0.05, reg=0.001, iters=0, n_train=24079, n_test=4249
[2026-03-29 02:06:12,784][src.models.kernel][INFO] - Final Acc: 51.21
[2026-03-29 02:06:13,195][src.models.kernel][INFO] - Saved kernel artifact to outputs/adult-gaussian-kernel.pt
[2026-03-29 02:06:13,195][src.models.kernel][INFO] - kernel=gaussian L=0.05 reg=0.001 => score=51.2120
[2026-03-29 02:06:13,565][src.models.kernel][INFO] - Training kernel model: kernel=gaussian, L=0.05, reg=0.0001, iters=0, n_train=24079, n_test=4249
[2026-03-29 02:11:26,265][src.models.kernel][INFO] - Final Acc: 50.11
[2026-03-29 02:11:26,752][src.models.kernel][INFO] - Saved kernel artifact to outputs/adult-gaussian-kernel.pt
[2026-03-29 02:11:26,752][src.models.kernel][INFO] - kernel=gaussian L=0.05 reg=0.0001 => score=50.1059
[2026-03-29 02:11:27,018][src.models.kernel][INFO] - Training kernel model: kernel=gaussian, L=0.125, reg=0.01, iters=0, n_train=24079, n_test=4249
[2026-03-29 02:18:48,114][src.models.kernel][INFO] - Final Acc: 79.05
[2026-03-29 02:18:48,552][src.models.kernel][INFO] - Saved kernel artifact to outputs/adult-gaussian-kernel.pt
[2026-03-29 02:18:48,552][src.models.kernel][INFO] - kernel=gaussian L=0.125 reg=0.01 => score=79.0539
[2026-03-29 02:18:48,939][src.models.kernel][INFO] - Training kernel model: kernel=gaussian, L=0.125, reg=0.001, iters=0, n_train=24079, n_test=4249
[2026-03-29 02:26:07,229][src.models.kernel][INFO] - Final Acc: 59.92
[2026-03-29 02:26:07,638][src.models.kernel][INFO] - Saved kernel artifact to outputs/adult-gaussian-kernel.pt
[2026-03-29 02:26:07,639][src.models.kernel][INFO] - kernel=gaussian L=0.125 reg=0.001 => score=59.9200
[2026-03-29 02:26:07,895][src.models.kernel][INFO] - Training kernel model: kernel=gaussian, L=0.125, reg=0.0001, iters=0, n_train=24079, n_test=4249
[2026-03-29 02:31:18,682][src.models.kernel][INFO] - Final Acc: 48.27
[2026-03-29 02:31:19,221][src.models.kernel][INFO] - Saved kernel artifact to outputs/adult-gaussian-kernel.pt
[2026-03-29 02:31:19,222][src.models.kernel][INFO] - kernel=gaussian L=0.125 reg=0.0001 => score=48.2702
[2026-03-29 02:31:19,689][src.models.kernel][INFO] - Training kernel model: kernel=gaussian, L=0.25, reg=0.01, iters=0, n_train=24079, n_test=4249
[2026-03-29 02:33:11,825][src.models.kernel][INFO] - Final Acc: 79.69
[2026-03-29 02:33:12,278][src.models.kernel][INFO] - Saved kernel artifact to outputs/adult-gaussian-kernel.pt
[2026-03-29 02:33:12,279][src.models.kernel][INFO] - kernel=gaussian L=0.25 reg=0.01 => score=79.6893
[2026-03-29 02:33:12,545][src.models.kernel][INFO] - Training kernel model: kernel=gaussian, L=0.25, reg=0.001, iters=0, n_train=24079, n_test=4249
[2026-03-29 02:36:38,330][src.models.kernel][INFO] - Final Acc: 74.14
[2026-03-29 02:36:38,747][src.models.kernel][INFO] - Saved kernel artifact to outputs/adult-gaussian-kernel.pt
[2026-03-29 02:36:38,747][src.models.kernel][INFO] - kernel=gaussian L=0.25 reg=0.001 => score=74.1351
[2026-03-29 02:36:38,985][src.models.kernel][INFO] - Training kernel model: kernel=gaussian, L=0.25, reg=0.0001, iters=0, n_train=24079, n_test=4249
[2026-03-29 02:39:35,859][src.models.kernel][INFO] - Final Acc: 58.88
[2026-03-29 02:39:36,325][src.models.kernel][INFO] - Saved kernel artifact to outputs/adult-gaussian-kernel.pt
[2026-03-29 02:39:36,325][src.models.kernel][INFO] - kernel=gaussian L=0.25 reg=0.0001 => score=58.8844
[2026-03-29 02:39:36,704][src.models.kernel][INFO] - Training kernel model: kernel=gaussian, L=0.5, reg=0.01, iters=0, n_train=24079, n_test=4249
[2026-03-29 02:42:27,963][src.models.kernel][INFO] - Final Acc: 79.67
[2026-03-29 02:42:28,386][src.models.kernel][INFO] - Saved kernel artifact to outputs/adult-gaussian-kernel.pt
[2026-03-29 02:42:28,386][src.models.kernel][INFO] - kernel=gaussian L=0.5 reg=0.01 => score=79.6658
[2026-03-29 02:42:28,653][src.models.kernel][INFO] - Training kernel model: kernel=gaussian, L=0.5, reg=0.001, iters=0, n_train=24079, n_test=4249
[2026-03-29 02:46:43,602][src.models.kernel][INFO] - Final Acc: 79.90
[2026-03-29 02:46:44,051][src.models.kernel][INFO] - Saved kernel artifact to outputs/adult-gaussian-kernel.pt
[2026-03-29 02:46:44,052][src.models.kernel][INFO] - kernel=gaussian L=0.5 reg=0.001 => score=79.9012
[2026-03-29 02:46:44,446][src.models.kernel][INFO] - Training kernel model: kernel=gaussian, L=0.5, reg=0.0001, iters=0, n_train=24079, n_test=4249
[2026-03-29 02:48:23,277][src.models.kernel][INFO] - Final Acc: 69.29
[2026-03-29 02:48:23,757][src.models.kernel][INFO] - Saved kernel artifact to outputs/adult-gaussian-kernel.pt
[2026-03-29 02:48:23,758][src.models.kernel][INFO] - kernel=gaussian L=0.5 reg=0.0001 => score=69.2869
[2026-03-29 02:48:24,261][src.models.kernel][INFO] - Training kernel model: kernel=gaussian, L=1.0, reg=0.01, iters=0, n_train=24079, n_test=4249
[2026-03-29 02:51:27,001][src.models.kernel][INFO] - Final Acc: 79.57
[2026-03-29 02:51:27,495][src.models.kernel][INFO] - Saved kernel artifact to outputs/adult-gaussian-kernel.pt
[2026-03-29 02:51:27,495][src.models.kernel][INFO] - kernel=gaussian L=1 reg=0.01 => score=79.5717
[2026-03-29 02:51:27,765][src.models.kernel][INFO] - Training kernel model: kernel=gaussian, L=1.0, reg=0.001, iters=0, n_train=24079, n_test=4249
[2026-03-29 02:54:35,305][src.models.kernel][INFO] - Final Acc: 79.71
[2026-03-29 02:54:35,700][src.models.kernel][INFO] - Saved kernel artifact to outputs/adult-gaussian-kernel.pt
[2026-03-29 02:54:35,700][src.models.kernel][INFO] - kernel=gaussian L=1 reg=0.001 => score=79.7129
[2026-03-29 02:54:36,104][src.models.kernel][INFO] - Training kernel model: kernel=gaussian, L=1.0, reg=0.0001, iters=0, n_train=24079, n_test=4249
[2026-03-29 02:58:51,469][src.models.kernel][INFO] - Final Acc: 79.48
[2026-03-29 02:58:51,887][src.models.kernel][INFO] - Saved kernel artifact to outputs/adult-gaussian-kernel.pt
[2026-03-29 02:58:51,888][src.models.kernel][INFO] - kernel=gaussian L=1 reg=0.0001 => score=79.4775
[2026-03-29 02:58:52,148][src.models.kernel][INFO] - Training kernel model: kernel=gaussian, L=2.0, reg=0.01, iters=0, n_train=24079, n_test=4249
[2026-03-29 03:04:55,948][src.models.kernel][INFO] - Final Acc: 78.87
[2026-03-29 03:04:56,388][src.models.kernel][INFO] - Saved kernel artifact to outputs/adult-gaussian-kernel.pt
[2026-03-29 03:04:56,389][src.models.kernel][INFO] - kernel=gaussian L=2.0 reg=0.01 => score=78.8656
[2026-03-29 03:04:56,758][src.models.kernel][INFO] - Training kernel model: kernel=gaussian, L=2.0, reg=0.001, iters=0, n_train=24079, n_test=4249
[2026-03-29 03:07:54,050][src.models.kernel][INFO] - Final Acc: 79.50
[2026-03-29 03:07:54,527][src.models.kernel][INFO] - Saved kernel artifact to outputs/adult-gaussian-kernel.pt
[2026-03-29 03:07:54,528][src.models.kernel][INFO] - kernel=gaussian L=2.0 reg=0.001 => score=79.5011
[2026-03-29 03:07:54,769][src.models.kernel][INFO] - Training kernel model: kernel=gaussian, L=2.0, reg=0.0001, iters=0, n_train=24079, n_test=4249
[2026-03-29 03:14:43,306][src.models.kernel][INFO] - Final Acc: 77.71
[2026-03-29 03:14:43,948][src.models.kernel][INFO] - Saved kernel artifact to outputs/adult-gaussian-kernel.pt
[2026-03-29 03:14:43,948][src.models.kernel][INFO] - kernel=gaussian L=2.0 reg=0.0001 => score=77.7124
[2026-03-29 03:14:44,256][src.models.kernel][INFO] - Training kernel model: kernel=gaussian, L=4.0, reg=0.01, iters=0, n_train=24079, n_test=4249
[2026-03-29 03:23:28,365][src.models.kernel][INFO] - Final Acc: 78.49
[2026-03-29 03:23:28,798][src.models.kernel][INFO] - Saved kernel artifact to outputs/adult-gaussian-kernel.pt
[2026-03-29 03:23:28,799][src.models.kernel][INFO] - kernel=gaussian L=4.0 reg=0.01 => score=78.4891
[2026-03-29 03:23:29,068][src.models.kernel][INFO] - Training kernel model: kernel=gaussian, L=4.0, reg=0.001, iters=0, n_train=24079, n_test=4249
[2026-03-29 03:36:38,368][src.models.kernel][INFO] - Final Acc: 78.65
[2026-03-29 03:36:38,772][src.models.kernel][INFO] - Saved kernel artifact to outputs/adult-gaussian-kernel.pt
[2026-03-29 03:36:38,772][src.models.kernel][INFO] - kernel=gaussian L=4.0 reg=0.001 => score=78.6538
[2026-03-29 03:36:39,219][src.models.kernel][INFO] - Training kernel model: kernel=gaussian, L=4.0, reg=0.0001, iters=0, n_train=24079, n_test=4249
[2026-03-29 03:42:02,266][src.models.kernel][INFO] - Final Acc: 78.28
[2026-03-29 03:42:02,673][src.models.kernel][INFO] - Saved kernel artifact to outputs/adult-gaussian-kernel.pt
[2026-03-29 03:42:02,673][src.models.kernel][INFO] - kernel=gaussian L=4.0 reg=0.0001 => score=78.2772
[2026-03-29 03:42:02,946][src.models.kernel][INFO] - Training kernel model: kernel=gaussian, L=6.0, reg=0.01, iters=0, n_train=24079, n_test=4249
[2026-03-29 03:46:44,815][src.models.kernel][INFO] - Final Acc: 78.32
[2026-03-29 03:46:45,296][src.models.kernel][INFO] - Saved kernel artifact to outputs/adult-gaussian-kernel.pt
[2026-03-29 03:46:45,296][src.models.kernel][INFO] - kernel=gaussian L=6.0 reg=0.01 => score=78.3243
[2026-03-29 03:46:45,657][src.models.kernel][INFO] - Training kernel model: kernel=gaussian, L=6.0, reg=0.001, iters=0, n_train=24079, n_test=4249
[2026-03-29 03:50:09,888][src.models.kernel][INFO] - Final Acc: 78.42
[2026-03-29 03:50:10,349][src.models.kernel][INFO] - Saved kernel artifact to outputs/adult-gaussian-kernel.pt
[2026-03-29 03:50:10,350][src.models.kernel][INFO] - kernel=gaussian L=6.0 reg=0.001 => score=78.4185
[2026-03-29 03:50:10,618][src.models.kernel][INFO] - Training kernel model: kernel=gaussian, L=6.0, reg=0.0001, iters=0, n_train=24079, n_test=4249
[2026-03-29 03:56:39,287][src.models.kernel][INFO] - Final Acc: 78.96
[2026-03-29 03:56:39,768][src.models.kernel][INFO] - Saved kernel artifact to outputs/adult-gaussian-kernel.pt
[2026-03-29 03:56:39,769][src.models.kernel][INFO] - kernel=gaussian L=6.0 reg=0.0001 => score=78.9598
[2026-03-29 03:56:39,769][src.models.kernel][INFO] - Best kernel hyperparameters: {'kernel': 'gaussian', 'L': 0.5, 'reg': 0.001, 'version': 'kernel', 'iters': 0}
[2026-03-29 03:56:40,205][src.models.kernel][INFO] - Training kernel model: kernel=gaussian, L=0.5, reg=0.001, iters=0, n_train=24079, n_test=4249
[2026-03-29 04:04:26,150][src.models.kernel][INFO] - Final Acc: 79.90
[2026-03-29 04:04:26,677][src.models.kernel][INFO] - Saved kernel artifact to trained-models/kernel/adult-gaussian-kernel.pt
[2026-03-29 04:04:26,677][src.models.utils][INFO] - Loading model from trained-models/kernel/adult-gaussian-kernel.pt
[2026-03-29 04:04:26,871][art.estimators.classification.pytorch][INFO] - Inferred 0 hidden layers on PyTorch classifier.
[2026-03-29 04:04:27,162][__main__][INFO] - Initializing constraint set and projector for the attack.
[2026-03-29 04:07:11,899][__main__][INFO] - before-attack: {'is_misclassified_rate': 0.20866666666666667, 'is_comp_rate': 0.712, 'is_mis_and_comp_rate': 0.14133333333333334, 'l0_costs_mean': 0.0, 'l0_costs_on_mis_mean': 0.0, 'l0_costs_on_mis_and_comp_mean': 0.0, 'stand_linf_costs_mean': 0.0, 'stand_linf_costs_on_mis_mean': 0.0, 'stand_linfcosts_costs_on_mis_and_comp_mean': 0.0}
[2026-03-29 04:07:11,900][__main__][INFO] - Executing CaFA attack.
[2026-03-29 04:29:35,576][__main__][INFO] - after-cafa: {'is_misclassified_rate': 0.8246666666666667, 'is_comp_rate': 0.33, 'is_mis_and_comp_rate': 0.21733333333333332, 'l0_costs_mean': 3.779333333333333, 'l0_costs_on_mis_mean': 4.582861762328213, 'l0_costs_on_mis_and_comp_mean': 2.7975460122699385, 'stand_linf_costs_mean': 0.033581169300185405, 'stand_linf_costs_on_mis_mean': 0.04072090052568966, 'stand_linfcosts_costs_on_mis_and_comp_mean': 0.03953046177306446}
[2026-03-29 04:29:35,576][__main__][INFO] - Executing projection of the crafted samples onto the constrained space.
[2026-03-29 05:06:33,120][__main__][INFO] - after-projection: {'is_misclassified_rate': 0.6386666666666667, 'is_comp_rate': 0.6293333333333333, 'is_mis_and_comp_rate': 0.2926666666666667, 'l0_costs_mean': 4.507333333333333, 'l0_costs_on_mis_mean': 4.965553235908142, 'l0_costs_on_mis_and_comp_mean': 3.6697038724373576, 'stand_linf_costs_mean': 0.035996064747329824, 'stand_linf_costs_on_mis_mean': 0.04193460155455327, 'stand_linfcosts_costs_on_mis_and_comp_mean': 0.041413788677913614}
[2026-03-29 05:06:33,120][__main__][INFO] - Evaluations: {'before-attack': {'is_misclassified_rate': 0.20866666666666667, 'is_comp_rate': 0.712, 'is_mis_and_comp_rate': 0.14133333333333334, 'l0_costs_mean': 0.0, 'l0_costs_on_mis_mean': 0.0, 'l0_costs_on_mis_and_comp_mean': 0.0, 'stand_linf_costs_mean': 0.0, 'stand_linf_costs_on_mis_mean': 0.0, 'stand_linfcosts_costs_on_mis_and_comp_mean': 0.0}, 'after-cafa': {'is_misclassified_rate': 0.8246666666666667, 'is_comp_rate': 0.33, 'is_mis_and_comp_rate': 0.21733333333333332, 'l0_costs_mean': 3.779333333333333, 'l0_costs_on_mis_mean': 4.582861762328213, 'l0_costs_on_mis_and_comp_mean': 2.7975460122699385, 'stand_linf_costs_mean': 0.033581169300185405, 'stand_linf_costs_on_mis_mean': 0.04072090052568966, 'stand_linfcosts_costs_on_mis_and_comp_mean': 0.03953046177306446}, 'after-cafa-projection': {'is_misclassified_rate': 0.6386666666666667, 'is_comp_rate': 0.6293333333333333, 'is_mis_and_comp_rate': 0.2926666666666667, 'l0_costs_mean': 4.507333333333333, 'l0_costs_on_mis_mean': 4.965553235908142, 'l0_costs_on_mis_and_comp_mean': 3.6697038724373576, 'stand_linf_costs_mean': 0.035996064747329824, 'stand_linf_costs_on_mis_mean': 0.04193460155455327, 'stand_linfcosts_costs_on_mis_and_comp_mean': 0.041413788677913614}}
[2026-03-29 05:06:33,120][__main__][INFO] - Finished run. results saved in /users/student/rs/rahulky/robust-rfms/attack_tab/outputs/2026-03-29/01-57-29
