[2026-03-19 11:07:24,239][__main__][INFO] - Used config: n_samples_to_attack: 1500
data_split_to_attack: test
save_attack_artifacts: true
perform_training: true
perform_training_grid_search_hparams: true
perform_constraints_mining: false
perform_constraints_ranking: false
perform_constraints_soundness_evaluation: false
perform_attack: true
perform_projection: true
data:
  name: adult
  params:
    dataset_name: ${data.name}
    data_file_path: ${data.paths.data_file_path}
    metadata_file_path: ${data.paths.metadata_file_path}
    encoding_method: one_hot_encoding
    random_seed: 42
    train_proportion: 0.87
  paths:
    data_dir_path: data/${data.name}/raw-data
    data_file_path: ${data.paths.data_dir_path}/adult.data
    metadata_file_path: ${data.paths.data_dir_path}/adult.metadata.csv
    constraints_dir_path: data/${data.name}/mined-constraints
    raw_dcs_out_path: ${data.paths.constraints_dir_path}/adult-13cols__DC_threshold=0.01__fastadc_dcs.txt
    evaluated_dcs_out_path: ${data.paths.constraints_dir_path}/adult-13cols__DC_threshold=0.01__fastadc_dcs__eval.csv
ml_model:
  model_type: kernel
  model_artifact_path: trained-models/kernel/adult_laplacian_rfm.pt
  perform_training: ${perform_training}
  perform_grid_search_hparams: ${perform_training_grid_search_hparams}
  default_hparams:
    kernel: laplacian
    L: 0.5
    reg: 0.001
    version: rfm
    iters: 2
    egop_samples: 20000
    egop_batch_size: 2500
attack:
  attack_name: cafa
  random_init: true
  random_seed: null
  max_iter: 250
  max_iter_tabpgd: 100
  eps: 0.03333333333333333
  step_size: 0.0003333333333333333
  perturb_categorical_each_steps: 10
constraints:
  constrainer_params:
    evaluated_dcs_out_path: ${data.paths.evaluated_dcs_out_path}
    n_dcs: 5000
    n_tuples: 1
    limit_cost_ball: true
    cost_ball_eps: 0.03333333333333333
  projector_params:
    upper_projection_budget_bound: 0.5
  mining_params:
    perform_constraints_mining: ${perform_constraints_mining}
    perform_constraints_ranking: ${perform_constraints_ranking}
    raw_dcs_out_path: ${data.paths.raw_dcs_out_path}
    evaluated_dcs_out_path: ${data.paths.evaluated_dcs_out_path}
    approx_violation_threshold: 0.01
    path_to_fastadc_miner_jar: src/constraints/mining/resources/FastADC-1.0-SNAPSHOT.jar
    n_dcs_to_eval: 10000
    n_tuples_to_eval: 1000
    n_other_tuples_to_eval: 8000

[2026-03-19 11:07:25,193][src.models.kernel][INFO] - Training kernel model: kernel=laplacian, L=0.05, reg=0.01, iters=5, n_train=24079, n_test=4249
[2026-03-19 11:07:43,524][src.models.kernel][INFO] - Round 0 Acc: 49.35
[2026-03-19 11:08:06,423][src.models.kernel][INFO] - Round 1 Acc: 79.60
[2026-03-19 11:08:29,406][src.models.kernel][INFO] - Round 2 Acc: 79.81
[2026-03-19 11:08:52,456][src.models.kernel][INFO] - Round 3 Acc: 79.69
[2026-03-19 11:09:15,435][src.models.kernel][INFO] - Round 4 Acc: 79.62
[2026-03-19 11:09:38,517][src.models.kernel][INFO] - Final Acc: 79.69
[2026-03-19 11:09:38,692][src.models.kernel][INFO] - Saved kernel artifact to outputs/tmp_kernel_model.pt
[2026-03-19 11:09:38,692][src.models.kernel][INFO] - kernel=laplacian L=0.05 reg=0.01 => score=79.8070
[2026-03-19 11:09:38,808][src.models.kernel][INFO] - Training kernel model: kernel=laplacian, L=0.05, reg=0.001, iters=5, n_train=24079, n_test=4249
[2026-03-19 11:09:57,295][src.models.kernel][INFO] - Round 0 Acc: 50.88
[2026-03-19 11:10:20,791][src.models.kernel][INFO] - Round 1 Acc: 33.02
[2026-03-19 11:10:43,181][src.models.kernel][INFO] - Round 2 Acc: 79.55
[2026-03-19 11:11:05,232][src.models.kernel][INFO] - Round 3 Acc: 79.38
[2026-03-19 11:11:27,327][src.models.kernel][INFO] - Round 4 Acc: 79.67
[2026-03-19 11:11:49,411][src.models.kernel][INFO] - Final Acc: 79.45
[2026-03-19 11:11:49,604][src.models.kernel][INFO] - Saved kernel artifact to outputs/tmp_kernel_model.pt
[2026-03-19 11:11:49,604][src.models.kernel][INFO] - kernel=laplacian L=0.05 reg=0.001 => score=79.6658
[2026-03-19 11:11:49,827][src.models.kernel][INFO] - Training kernel model: kernel=laplacian, L=0.125, reg=0.01, iters=5, n_train=24079, n_test=4249
[2026-03-19 11:12:08,330][src.models.kernel][INFO] - Round 0 Acc: 50.84
[2026-03-19 11:12:30,428][src.models.kernel][INFO] - Round 1 Acc: 79.57
[2026-03-19 11:12:53,693][src.models.kernel][INFO] - Round 2 Acc: 79.50
[2026-03-19 11:13:16,879][src.models.kernel][INFO] - Round 3 Acc: 79.48
[2026-03-19 11:13:38,668][src.models.kernel][INFO] - Round 4 Acc: 79.45
[2026-03-19 11:14:00,489][src.models.kernel][INFO] - Final Acc: 79.55
[2026-03-19 11:14:00,717][src.models.kernel][INFO] - Saved kernel artifact to outputs/tmp_kernel_model.pt
[2026-03-19 11:14:00,717][src.models.kernel][INFO] - kernel=laplacian L=0.125 reg=0.01 => score=79.5717
[2026-03-19 11:14:00,832][src.models.kernel][INFO] - Training kernel model: kernel=laplacian, L=0.125, reg=0.001, iters=5, n_train=24079, n_test=4249
[2026-03-19 11:14:18,883][src.models.kernel][INFO] - Round 0 Acc: 51.21
[2026-03-19 11:14:40,528][src.models.kernel][INFO] - Round 1 Acc: 79.62
[2026-03-19 11:15:02,536][src.models.kernel][INFO] - Round 2 Acc: 79.55
[2026-03-19 11:15:24,089][src.models.kernel][INFO] - Round 3 Acc: 79.64
[2026-03-19 11:15:46,059][src.models.kernel][INFO] - Round 4 Acc: 79.78
[2026-03-19 11:16:07,781][src.models.kernel][INFO] - Final Acc: 79.76
[2026-03-19 11:16:07,992][src.models.kernel][INFO] - Saved kernel artifact to outputs/tmp_kernel_model.pt
[2026-03-19 11:16:07,992][src.models.kernel][INFO] - kernel=laplacian L=0.125 reg=0.001 => score=79.7835
[2026-03-19 11:16:07,992][src.models.kernel][INFO] - Best kernel hyperparameters: {'kernel': 'laplacian', 'L': 0.05, 'reg': 0.01, 'version': 'rfm', 'iters': 5}
[2026-03-19 11:16:08,217][src.models.kernel][INFO] - Training kernel model: kernel=laplacian, L=0.05, reg=0.01, iters=5, n_train=24079, n_test=4249
[2026-03-19 11:16:26,167][src.models.kernel][INFO] - Round 0 Acc: 49.35
[2026-03-19 11:16:47,517][src.models.kernel][INFO] - Round 1 Acc: 79.85
[2026-03-19 11:17:09,653][src.models.kernel][INFO] - Round 2 Acc: 79.78
[2026-03-19 11:17:31,253][src.models.kernel][INFO] - Round 3 Acc: 79.78
[2026-03-19 11:17:53,177][src.models.kernel][INFO] - Round 4 Acc: 79.81
[2026-03-19 11:18:14,985][src.models.kernel][INFO] - Final Acc: 79.76
[2026-03-19 11:18:15,187][src.models.kernel][INFO] - Saved kernel artifact to trained-models/kernel/adult_laplacian_rfm.pt
[2026-03-19 11:18:15,188][src.models.utils][INFO] - Loading model from trained-models/kernel/adult_laplacian_rfm.pt
[2026-03-19 11:18:15,221][art.estimators.classification.pytorch][INFO] - Inferred 0 hidden layers on PyTorch classifier.
[2026-03-19 11:18:15,396][__main__][INFO] - Initializing constraint set and projector for the attack.
[2026-03-19 11:19:54,662][__main__][INFO] - before-attack: {'is_misclassified_rate': 0.198, 'is_comp_rate': 0.712, 'is_mis_and_comp_rate': 0.13666666666666666, 'l0_costs_mean': 0.0, 'l0_costs_on_mis_mean': 0.0, 'l0_costs_on_mis_and_comp_mean': 0.0, 'stand_linf_costs_mean': 0.0, 'stand_linf_costs_on_mis_mean': 0.0, 'stand_linfcosts_costs_on_mis_and_comp_mean': 0.0}
[2026-03-19 11:19:54,662][__main__][INFO] - Executing CaFA attack.
[2026-03-19 11:31:06,905][__main__][INFO] - after-cafa: {'is_misclassified_rate': 0.5313333333333333, 'is_comp_rate': 0.49533333333333335, 'is_mis_and_comp_rate': 0.15666666666666668, 'l0_costs_mean': 1.376, 'l0_costs_on_mis_mean': 2.589711417816813, 'l0_costs_on_mis_and_comp_mean': 0.451063829787234, 'stand_linf_costs_mean': 0.01675456494655002, 'stand_linf_costs_on_mis_mean': 0.03153305824319326, 'stand_linfcosts_costs_on_mis_and_comp_mean': 0.006239574575705394}
[2026-03-19 11:31:06,906][__main__][INFO] - Executing projection of the crafted samples onto the constrained space.
[2026-03-19 11:50:31,337][__main__][INFO] - after-projection: {'is_misclassified_rate': 0.4053333333333333, 'is_comp_rate': 0.7673333333333333, 'is_mis_and_comp_rate': 0.21333333333333335, 'l0_costs_mean': 2.172, 'l0_costs_on_mis_mean': 2.6710526315789473, 'l0_costs_on_mis_and_comp_mean': 1.690625, 'stand_linf_costs_mean': 0.020234153167530848, 'stand_linf_costs_on_mis_mean': 0.02816028180230196, 'stand_linfcosts_costs_on_mis_and_comp_mean': 0.014614223347626442}
[2026-03-19 11:50:31,337][__main__][INFO] - Evaluations: {'before-attack': {'is_misclassified_rate': 0.198, 'is_comp_rate': 0.712, 'is_mis_and_comp_rate': 0.13666666666666666, 'l0_costs_mean': 0.0, 'l0_costs_on_mis_mean': 0.0, 'l0_costs_on_mis_and_comp_mean': 0.0, 'stand_linf_costs_mean': 0.0, 'stand_linf_costs_on_mis_mean': 0.0, 'stand_linfcosts_costs_on_mis_and_comp_mean': 0.0}, 'after-cafa': {'is_misclassified_rate': 0.5313333333333333, 'is_comp_rate': 0.49533333333333335, 'is_mis_and_comp_rate': 0.15666666666666668, 'l0_costs_mean': 1.376, 'l0_costs_on_mis_mean': 2.589711417816813, 'l0_costs_on_mis_and_comp_mean': 0.451063829787234, 'stand_linf_costs_mean': 0.01675456494655002, 'stand_linf_costs_on_mis_mean': 0.03153305824319326, 'stand_linfcosts_costs_on_mis_and_comp_mean': 0.006239574575705394}, 'after-cafa-projection': {'is_misclassified_rate': 0.4053333333333333, 'is_comp_rate': 0.7673333333333333, 'is_mis_and_comp_rate': 0.21333333333333335, 'l0_costs_mean': 2.172, 'l0_costs_on_mis_mean': 2.6710526315789473, 'l0_costs_on_mis_and_comp_mean': 1.690625, 'stand_linf_costs_mean': 0.020234153167530848, 'stand_linf_costs_on_mis_mean': 0.02816028180230196, 'stand_linfcosts_costs_on_mis_and_comp_mean': 0.014614223347626442}}
[2026-03-19 11:50:31,337][__main__][INFO] - Finished run. results saved in /users/student/rs/rahulky/robust-rfms/attack_tab/outputs/2026-03-19/11-07-24
