using custom version including apgd-ce, fab, square.
initial accuracy: 95.10%
apgd-ce - 1/15 - 5 out of 128 successfully perturbed
apgd-ce - 2/15 - 13 out of 128 successfully perturbed
apgd-ce - 3/15 - 10 out of 128 successfully perturbed
apgd-ce - 4/15 - 8 out of 128 successfully perturbed
apgd-ce - 5/15 - 8 out of 128 successfully perturbed
apgd-ce - 6/15 - 4 out of 128 successfully perturbed
apgd-ce - 7/15 - 2 out of 128 successfully perturbed
apgd-ce - 8/15 - 11 out of 128 successfully perturbed
apgd-ce - 9/15 - 13 out of 128 successfully perturbed
apgd-ce - 10/15 - 4 out of 128 successfully perturbed
apgd-ce - 11/15 - 9 out of 128 successfully perturbed
apgd-ce - 12/15 - 6 out of 128 successfully perturbed
apgd-ce - 13/15 - 7 out of 128 successfully perturbed
apgd-ce - 14/15 - 7 out of 128 successfully perturbed
apgd-ce - 15/15 - 9 out of 110 successfully perturbed
robust accuracy after APGD-CE: 89.30% (total time 13.5 s)
fab - 1/14 - 0 out of 128 successfully perturbed
fab - 2/14 - 0 out of 128 successfully perturbed
fab - 3/14 - 0 out of 128 successfully perturbed
fab - 4/14 - 0 out of 128 successfully perturbed
fab - 5/14 - 0 out of 128 successfully perturbed
fab - 6/14 - 0 out of 128 successfully perturbed
fab - 7/14 - 0 out of 128 successfully perturbed
fab - 8/14 - 0 out of 128 successfully perturbed
fab - 9/14 - 0 out of 128 successfully perturbed
fab - 10/14 - 0 out of 128 successfully perturbed
fab - 11/14 - 0 out of 128 successfully perturbed
fab - 12/14 - 0 out of 128 successfully perturbed
fab - 13/14 - 0 out of 128 successfully perturbed
fab - 14/14 - 0 out of 122 successfully perturbed
robust accuracy after FAB: 89.30% (total time 52.6 s)
square - 1/14 - 0 out of 128 successfully perturbed
square - 2/14 - 0 out of 128 successfully perturbed
square - 3/14 - 0 out of 128 successfully perturbed
square - 4/14 - 0 out of 128 successfully perturbed
square - 5/14 - 0 out of 128 successfully perturbed
square - 6/14 - 0 out of 128 successfully perturbed
square - 7/14 - 0 out of 128 successfully perturbed
square - 8/14 - 0 out of 128 successfully perturbed
square - 9/14 - 0 out of 128 successfully perturbed
square - 10/14 - 0 out of 128 successfully perturbed
square - 11/14 - 0 out of 128 successfully perturbed
square - 12/14 - 0 out of 128 successfully perturbed
square - 13/14 - 0 out of 128 successfully perturbed
square - 14/14 - 0 out of 122 successfully perturbed
robust accuracy after SQUARE: 89.30% (total time 168.4 s)
max Linf perturbation: 0.06275, nan in tensor: 0, max: 1.00000, min: 0.00000
robust accuracy: 89.30%
