[2026-03-19 11:58:45,044][__main__][INFO] - Used config: n_samples_to_attack: 1500
data_split_to_attack: test
save_attack_artifacts: true
perform_training: true
perform_training_grid_search_hparams: true
perform_constraints_mining: false
perform_constraints_ranking: false
perform_constraints_soundness_evaluation: false
perform_attack: true
perform_projection: true
data:
  name: adult
  params:
    dataset_name: ${data.name}
    data_file_path: ${data.paths.data_file_path}
    metadata_file_path: ${data.paths.metadata_file_path}
    encoding_method: one_hot_encoding
    random_seed: 42
    train_proportion: 0.87
  paths:
    data_dir_path: data/${data.name}/raw-data
    data_file_path: ${data.paths.data_dir_path}/adult.data
    metadata_file_path: ${data.paths.data_dir_path}/adult.metadata.csv
    constraints_dir_path: data/${data.name}/mined-constraints
    raw_dcs_out_path: ${data.paths.constraints_dir_path}/adult-13cols__DC_threshold=0.01__fastadc_dcs.txt
    evaluated_dcs_out_path: ${data.paths.constraints_dir_path}/adult-13cols__DC_threshold=0.01__fastadc_dcs__eval.csv
ml_model:
  model_type: kernel
  model_artifact_path: trained-models/kernel/adult_laplacian_kernel.pt
  perform_training: ${perform_training}
  perform_grid_search_hparams: ${perform_training_grid_search_hparams}
  default_hparams:
    kernel: laplacian
    L: 0.5
    reg: 0.001
    version: kernel
    iters: 2
    egop_samples: 20000
    egop_batch_size: 2500
attack:
  attack_name: cafa
  random_init: true
  random_seed: null
  max_iter: 250
  max_iter_tabpgd: 100
  eps: 0.03333333333333333
  step_size: 0.0003333333333333333
  perturb_categorical_each_steps: 10
constraints:
  constrainer_params:
    evaluated_dcs_out_path: ${data.paths.evaluated_dcs_out_path}
    n_dcs: 5000
    n_tuples: 1
    limit_cost_ball: true
    cost_ball_eps: 0.03333333333333333
  projector_params:
    upper_projection_budget_bound: 0.5
  mining_params:
    perform_constraints_mining: ${perform_constraints_mining}
    perform_constraints_ranking: ${perform_constraints_ranking}
    raw_dcs_out_path: ${data.paths.raw_dcs_out_path}
    evaluated_dcs_out_path: ${data.paths.evaluated_dcs_out_path}
    approx_violation_threshold: 0.01
    path_to_fastadc_miner_jar: src/constraints/mining/resources/FastADC-1.0-SNAPSHOT.jar
    n_dcs_to_eval: 10000
    n_tuples_to_eval: 1000
    n_other_tuples_to_eval: 8000

[2026-03-19 11:58:46,011][src.models.kernel][INFO] - Training kernel model: kernel=laplacian, L=0.05, reg=0.01, iters=0, n_train=24079, n_test=4249
[2026-03-19 11:59:03,775][src.models.kernel][INFO] - Final Acc: 49.35
[2026-03-19 11:59:04,006][src.models.kernel][INFO] - Saved kernel artifact to outputs/tmp_kernel_model.pt
[2026-03-19 11:59:04,006][src.models.kernel][INFO] - kernel=laplacian L=0.05 reg=0.01 => score=49.3528
[2026-03-19 11:59:04,127][src.models.kernel][INFO] - Training kernel model: kernel=laplacian, L=0.05, reg=0.001, iters=0, n_train=24079, n_test=4249
[2026-03-19 11:59:22,002][src.models.kernel][INFO] - Final Acc: 50.88
[2026-03-19 11:59:22,232][src.models.kernel][INFO] - Saved kernel artifact to outputs/tmp_kernel_model.pt
[2026-03-19 11:59:22,232][src.models.kernel][INFO] - kernel=laplacian L=0.05 reg=0.001 => score=50.8826
[2026-03-19 11:59:22,460][src.models.kernel][INFO] - Training kernel model: kernel=laplacian, L=0.05, reg=0.0001, iters=0, n_train=24079, n_test=4249
[2026-03-19 11:59:40,338][src.models.kernel][INFO] - Final Acc: 50.22
[2026-03-19 11:59:40,569][src.models.kernel][INFO] - Saved kernel artifact to outputs/tmp_kernel_model.pt
[2026-03-19 11:59:40,569][src.models.kernel][INFO] - kernel=laplacian L=0.05 reg=0.0001 => score=50.2236
[2026-03-19 11:59:40,689][src.models.kernel][INFO] - Training kernel model: kernel=laplacian, L=0.125, reg=0.01, iters=0, n_train=24079, n_test=4249
[2026-03-19 11:59:58,435][src.models.kernel][INFO] - Final Acc: 50.84
[2026-03-19 11:59:58,666][src.models.kernel][INFO] - Saved kernel artifact to outputs/tmp_kernel_model.pt
[2026-03-19 11:59:58,667][src.models.kernel][INFO] - kernel=laplacian L=0.125 reg=0.01 => score=50.8355
[2026-03-19 11:59:58,895][src.models.kernel][INFO] - Training kernel model: kernel=laplacian, L=0.125, reg=0.001, iters=0, n_train=24079, n_test=4249
[2026-03-19 12:00:16,808][src.models.kernel][INFO] - Final Acc: 51.21
[2026-03-19 12:00:17,039][src.models.kernel][INFO] - Saved kernel artifact to outputs/tmp_kernel_model.pt
[2026-03-19 12:00:17,040][src.models.kernel][INFO] - kernel=laplacian L=0.125 reg=0.001 => score=51.2120
[2026-03-19 12:00:17,160][src.models.kernel][INFO] - Training kernel model: kernel=laplacian, L=0.125, reg=0.0001, iters=0, n_train=24079, n_test=4249
[2026-03-19 12:00:35,115][src.models.kernel][INFO] - Final Acc: 50.86
[2026-03-19 12:00:35,346][src.models.kernel][INFO] - Saved kernel artifact to outputs/tmp_kernel_model.pt
[2026-03-19 12:00:35,346][src.models.kernel][INFO] - kernel=laplacian L=0.125 reg=0.0001 => score=50.8590
[2026-03-19 12:00:35,577][src.models.kernel][INFO] - Training kernel model: kernel=laplacian, L=0.25, reg=0.01, iters=0, n_train=24079, n_test=4249
[2026-03-19 12:00:53,206][src.models.kernel][INFO] - Final Acc: 50.65
[2026-03-19 12:00:53,437][src.models.kernel][INFO] - Saved kernel artifact to outputs/tmp_kernel_model.pt
[2026-03-19 12:00:53,437][src.models.kernel][INFO] - kernel=laplacian L=0.25 reg=0.01 => score=50.6472
[2026-03-19 12:00:53,557][src.models.kernel][INFO] - Training kernel model: kernel=laplacian, L=0.25, reg=0.001, iters=0, n_train=24079, n_test=4249
[2026-03-19 12:01:11,468][src.models.kernel][INFO] - Final Acc: 49.68
[2026-03-19 12:01:11,699][src.models.kernel][INFO] - Saved kernel artifact to outputs/tmp_kernel_model.pt
[2026-03-19 12:01:11,699][src.models.kernel][INFO] - kernel=laplacian L=0.25 reg=0.001 => score=49.6823
[2026-03-19 12:01:11,818][src.models.kernel][INFO] - Training kernel model: kernel=laplacian, L=0.25, reg=0.0001, iters=0, n_train=24079, n_test=4249
[2026-03-19 12:01:29,726][src.models.kernel][INFO] - Final Acc: 50.74
[2026-03-19 12:01:29,958][src.models.kernel][INFO] - Saved kernel artifact to outputs/tmp_kernel_model.pt
[2026-03-19 12:01:29,958][src.models.kernel][INFO] - kernel=laplacian L=0.25 reg=0.0001 => score=50.7414
[2026-03-19 12:01:30,177][src.models.kernel][INFO] - Training kernel model: kernel=laplacian, L=0.5, reg=0.01, iters=0, n_train=24079, n_test=4249
[2026-03-19 12:01:47,731][src.models.kernel][INFO] - Final Acc: 51.92
[2026-03-19 12:01:47,963][src.models.kernel][INFO] - Saved kernel artifact to outputs/tmp_kernel_model.pt
[2026-03-19 12:01:47,963][src.models.kernel][INFO] - kernel=laplacian L=0.5 reg=0.01 => score=51.9181
[2026-03-19 12:01:48,082][src.models.kernel][INFO] - Training kernel model: kernel=laplacian, L=0.5, reg=0.001, iters=0, n_train=24079, n_test=4249
[2026-03-19 12:02:05,839][src.models.kernel][INFO] - Final Acc: 51.73
[2026-03-19 12:02:06,070][src.models.kernel][INFO] - Saved kernel artifact to outputs/tmp_kernel_model.pt
[2026-03-19 12:02:06,071][src.models.kernel][INFO] - kernel=laplacian L=0.5 reg=0.001 => score=51.7298
[2026-03-19 12:02:06,288][src.models.kernel][INFO] - Training kernel model: kernel=laplacian, L=0.5, reg=0.0001, iters=0, n_train=24079, n_test=4249
[2026-03-19 12:02:24,072][src.models.kernel][INFO] - Final Acc: 51.47
[2026-03-19 12:02:24,299][src.models.kernel][INFO] - Saved kernel artifact to outputs/tmp_kernel_model.pt
[2026-03-19 12:02:24,299][src.models.kernel][INFO] - kernel=laplacian L=0.5 reg=0.0001 => score=51.4709
[2026-03-19 12:02:24,516][src.models.kernel][INFO] - Training kernel model: kernel=laplacian, L=1.0, reg=0.01, iters=0, n_train=24079, n_test=4249
[2026-03-19 12:02:42,206][src.models.kernel][INFO] - Final Acc: 52.34
[2026-03-19 12:02:42,437][src.models.kernel][INFO] - Saved kernel artifact to outputs/tmp_kernel_model.pt
[2026-03-19 12:02:42,437][src.models.kernel][INFO] - kernel=laplacian L=1 reg=0.01 => score=52.3417
[2026-03-19 12:02:42,557][src.models.kernel][INFO] - Training kernel model: kernel=laplacian, L=1.0, reg=0.001, iters=0, n_train=24079, n_test=4249
[2026-03-19 12:03:00,278][src.models.kernel][INFO] - Final Acc: 51.00
[2026-03-19 12:03:00,508][src.models.kernel][INFO] - Saved kernel artifact to outputs/tmp_kernel_model.pt
[2026-03-19 12:03:00,508][src.models.kernel][INFO] - kernel=laplacian L=1 reg=0.001 => score=51.0002
[2026-03-19 12:03:00,736][src.models.kernel][INFO] - Training kernel model: kernel=laplacian, L=1.0, reg=0.0001, iters=0, n_train=24079, n_test=4249
[2026-03-19 12:03:18,592][src.models.kernel][INFO] - Final Acc: 49.75
[2026-03-19 12:03:18,822][src.models.kernel][INFO] - Saved kernel artifact to outputs/tmp_kernel_model.pt
[2026-03-19 12:03:18,823][src.models.kernel][INFO] - kernel=laplacian L=1 reg=0.0001 => score=49.7529
[2026-03-19 12:03:18,942][src.models.kernel][INFO] - Training kernel model: kernel=laplacian, L=2.0, reg=0.01, iters=0, n_train=24079, n_test=4249
[2026-03-19 12:03:36,493][src.models.kernel][INFO] - Final Acc: 59.92
[2026-03-19 12:03:36,726][src.models.kernel][INFO] - Saved kernel artifact to outputs/tmp_kernel_model.pt
[2026-03-19 12:03:36,726][src.models.kernel][INFO] - kernel=laplacian L=2.0 reg=0.01 => score=59.9200
[2026-03-19 12:03:36,947][src.models.kernel][INFO] - Training kernel model: kernel=laplacian, L=2.0, reg=0.001, iters=0, n_train=24079, n_test=4249
[2026-03-19 12:03:54,687][src.models.kernel][INFO] - Final Acc: 52.88
[2026-03-19 12:03:54,919][src.models.kernel][INFO] - Saved kernel artifact to outputs/tmp_kernel_model.pt
[2026-03-19 12:03:54,919][src.models.kernel][INFO] - kernel=laplacian L=2.0 reg=0.001 => score=52.8830
[2026-03-19 12:03:55,040][src.models.kernel][INFO] - Training kernel model: kernel=laplacian, L=2.0, reg=0.0001, iters=0, n_train=24079, n_test=4249
[2026-03-19 12:04:12,942][src.models.kernel][INFO] - Final Acc: 49.89
[2026-03-19 12:04:13,173][src.models.kernel][INFO] - Saved kernel artifact to outputs/tmp_kernel_model.pt
[2026-03-19 12:04:13,174][src.models.kernel][INFO] - kernel=laplacian L=2.0 reg=0.0001 => score=49.8941
[2026-03-19 12:04:13,401][src.models.kernel][INFO] - Training kernel model: kernel=laplacian, L=4.0, reg=0.01, iters=0, n_train=24079, n_test=4249
[2026-03-19 12:04:30,852][src.models.kernel][INFO] - Final Acc: 64.09
[2026-03-19 12:04:31,083][src.models.kernel][INFO] - Saved kernel artifact to outputs/tmp_kernel_model.pt
[2026-03-19 12:04:31,083][src.models.kernel][INFO] - kernel=laplacian L=4.0 reg=0.01 => score=64.0857
[2026-03-19 12:04:31,203][src.models.kernel][INFO] - Training kernel model: kernel=laplacian, L=4.0, reg=0.001, iters=0, n_train=24079, n_test=4249
[2026-03-19 12:04:48,629][src.models.kernel][INFO] - Final Acc: 51.09
[2026-03-19 12:04:48,859][src.models.kernel][INFO] - Saved kernel artifact to outputs/tmp_kernel_model.pt
[2026-03-19 12:04:48,859][src.models.kernel][INFO] - kernel=laplacian L=4.0 reg=0.001 => score=51.0944
[2026-03-19 12:04:49,087][src.models.kernel][INFO] - Training kernel model: kernel=laplacian, L=4.0, reg=0.0001, iters=0, n_train=24079, n_test=4249
[2026-03-19 12:05:06,932][src.models.kernel][INFO] - Final Acc: 49.78
[2026-03-19 12:05:07,165][src.models.kernel][INFO] - Saved kernel artifact to outputs/tmp_kernel_model.pt
[2026-03-19 12:05:07,165][src.models.kernel][INFO] - kernel=laplacian L=4.0 reg=0.0001 => score=49.7764
[2026-03-19 12:05:07,285][src.models.kernel][INFO] - Training kernel model: kernel=laplacian, L=6.0, reg=0.01, iters=0, n_train=24079, n_test=4249
[2026-03-19 12:05:24,721][src.models.kernel][INFO] - Final Acc: 67.52
[2026-03-19 12:05:24,951][src.models.kernel][INFO] - Saved kernel artifact to outputs/tmp_kernel_model.pt
[2026-03-19 12:05:24,951][src.models.kernel][INFO] - kernel=laplacian L=6.0 reg=0.01 => score=67.5218
[2026-03-19 12:05:25,172][src.models.kernel][INFO] - Training kernel model: kernel=laplacian, L=6.0, reg=0.001, iters=0, n_train=24079, n_test=4249
[2026-03-19 12:05:42,756][src.models.kernel][INFO] - Final Acc: 51.99
[2026-03-19 12:05:42,987][src.models.kernel][INFO] - Saved kernel artifact to outputs/tmp_kernel_model.pt
[2026-03-19 12:05:42,988][src.models.kernel][INFO] - kernel=laplacian L=6.0 reg=0.001 => score=51.9887
[2026-03-19 12:05:43,108][src.models.kernel][INFO] - Training kernel model: kernel=laplacian, L=6.0, reg=0.0001, iters=0, n_train=24079, n_test=4249
[2026-03-19 12:06:00,866][src.models.kernel][INFO] - Final Acc: 51.52
[2026-03-19 12:06:01,097][src.models.kernel][INFO] - Saved kernel artifact to outputs/tmp_kernel_model.pt
[2026-03-19 12:06:01,097][src.models.kernel][INFO] - kernel=laplacian L=6.0 reg=0.0001 => score=51.5180
[2026-03-19 12:06:01,097][src.models.kernel][INFO] - Best kernel hyperparameters: {'kernel': 'laplacian', 'L': 6.0, 'reg': 0.01, 'version': 'rfm', 'iters': 0}
[2026-03-19 12:06:01,326][src.models.kernel][INFO] - Training kernel model: kernel=laplacian, L=6.0, reg=0.01, iters=0, n_train=24079, n_test=4249
[2026-03-19 12:06:18,823][src.models.kernel][INFO] - Final Acc: 67.52
[2026-03-19 12:06:19,037][src.models.kernel][INFO] - Saved kernel artifact to trained-models/kernel/adult_laplacian_kernel.pt
[2026-03-19 12:06:19,037][src.models.utils][INFO] - Loading model from trained-models/kernel/adult_laplacian_kernel.pt
[2026-03-19 12:06:19,215][art.estimators.classification.pytorch][INFO] - Inferred 0 hidden layers on PyTorch classifier.
[2026-03-19 12:06:19,388][__main__][INFO] - Initializing constraint set and projector for the attack.
[2026-03-19 12:07:58,346][__main__][INFO] - before-attack: {'is_misclassified_rate': 0.292, 'is_comp_rate': 0.712, 'is_mis_and_comp_rate': 0.20066666666666666, 'l0_costs_mean': 0.0, 'l0_costs_on_mis_mean': 0.0, 'l0_costs_on_mis_and_comp_mean': 0.0, 'stand_linf_costs_mean': 0.0, 'stand_linf_costs_on_mis_mean': 0.0, 'stand_linfcosts_costs_on_mis_and_comp_mean': 0.0}
[2026-03-19 12:07:58,346][__main__][INFO] - Executing CaFA attack.
[2026-03-19 12:19:08,971][__main__][INFO] - after-cafa: {'is_misclassified_rate': 0.9566666666666667, 'is_comp_rate': 0.3253333333333333, 'is_mis_and_comp_rate': 0.31066666666666665, 'l0_costs_mean': 2.4886666666666666, 'l0_costs_on_mis_mean': 2.6013937282229964, 'l0_costs_on_mis_and_comp_mean': 1.0343347639484979, 'stand_linf_costs_mean': 0.022737446816804084, 'stand_linf_costs_on_mis_mean': 0.023767366010596605, 'stand_linfcosts_costs_on_mis_and_comp_mean': 0.01207040207479553}
[2026-03-19 12:19:08,971][__main__][INFO] - Executing projection of the crafted samples onto the constrained space.
[2026-03-19 12:41:07,285][__main__][INFO] - after-projection: {'is_misclassified_rate': 0.7353333333333333, 'is_comp_rate': 0.694, 'is_mis_and_comp_rate': 0.45, 'l0_costs_mean': 3.3893333333333335, 'l0_costs_on_mis_mean': 2.8168631006346327, 'l0_costs_on_mis_and_comp_mean': 2.331851851851852, 'stand_linf_costs_mean': 0.026422717485628466, 'stand_linf_costs_on_mis_mean': 0.023525299171594134, 'stand_linfcosts_costs_on_mis_and_comp_mean': 0.018273455842655273}
[2026-03-19 12:41:07,285][__main__][INFO] - Evaluations: {'before-attack': {'is_misclassified_rate': 0.292, 'is_comp_rate': 0.712, 'is_mis_and_comp_rate': 0.20066666666666666, 'l0_costs_mean': 0.0, 'l0_costs_on_mis_mean': 0.0, 'l0_costs_on_mis_and_comp_mean': 0.0, 'stand_linf_costs_mean': 0.0, 'stand_linf_costs_on_mis_mean': 0.0, 'stand_linfcosts_costs_on_mis_and_comp_mean': 0.0}, 'after-cafa': {'is_misclassified_rate': 0.9566666666666667, 'is_comp_rate': 0.3253333333333333, 'is_mis_and_comp_rate': 0.31066666666666665, 'l0_costs_mean': 2.4886666666666666, 'l0_costs_on_mis_mean': 2.6013937282229964, 'l0_costs_on_mis_and_comp_mean': 1.0343347639484979, 'stand_linf_costs_mean': 0.022737446816804084, 'stand_linf_costs_on_mis_mean': 0.023767366010596605, 'stand_linfcosts_costs_on_mis_and_comp_mean': 0.01207040207479553}, 'after-cafa-projection': {'is_misclassified_rate': 0.7353333333333333, 'is_comp_rate': 0.694, 'is_mis_and_comp_rate': 0.45, 'l0_costs_mean': 3.3893333333333335, 'l0_costs_on_mis_mean': 2.8168631006346327, 'l0_costs_on_mis_and_comp_mean': 2.331851851851852, 'stand_linf_costs_mean': 0.026422717485628466, 'stand_linf_costs_on_mis_mean': 0.023525299171594134, 'stand_linfcosts_costs_on_mis_and_comp_mean': 0.018273455842655273}}
[2026-03-19 12:41:07,285][__main__][INFO] - Finished run. results saved in /users/student/rs/rahulky/robust-rfms/attack_tab/outputs/2026-03-19/11-58-45
