using custom version including apgd-ce, fab, square.
initial accuracy: 99.25%
apgd-ce - 1/16 - 46 out of 128 successfully perturbed
apgd-ce - 2/16 - 47 out of 128 successfully perturbed
apgd-ce - 3/16 - 47 out of 128 successfully perturbed
apgd-ce - 4/16 - 46 out of 128 successfully perturbed
apgd-ce - 5/16 - 41 out of 128 successfully perturbed
apgd-ce - 6/16 - 42 out of 128 successfully perturbed
apgd-ce - 7/16 - 39 out of 128 successfully perturbed
apgd-ce - 8/16 - 44 out of 128 successfully perturbed
apgd-ce - 9/16 - 43 out of 128 successfully perturbed
apgd-ce - 10/16 - 35 out of 128 successfully perturbed
apgd-ce - 11/16 - 44 out of 128 successfully perturbed
apgd-ce - 12/16 - 49 out of 128 successfully perturbed
apgd-ce - 13/16 - 50 out of 128 successfully perturbed
apgd-ce - 14/16 - 43 out of 128 successfully perturbed
apgd-ce - 15/16 - 36 out of 128 successfully perturbed
apgd-ce - 16/16 - 25 out of 65 successfully perturbed
robust accuracy after APGD-CE: 65.40% (total time 14.8 s)
fab - 1/11 - 0 out of 128 successfully perturbed
fab - 2/11 - 0 out of 128 successfully perturbed
fab - 3/11 - 0 out of 128 successfully perturbed
fab - 4/11 - 0 out of 128 successfully perturbed
fab - 5/11 - 0 out of 128 successfully perturbed
fab - 6/11 - 0 out of 128 successfully perturbed
fab - 7/11 - 0 out of 128 successfully perturbed
fab - 8/11 - 0 out of 128 successfully perturbed
fab - 9/11 - 0 out of 128 successfully perturbed
fab - 10/11 - 0 out of 128 successfully perturbed
fab - 11/11 - 0 out of 28 successfully perturbed
robust accuracy after FAB: 65.40% (total time 45.0 s)
square - 1/11 - 0 out of 128 successfully perturbed
square - 2/11 - 0 out of 128 successfully perturbed
square - 3/11 - 0 out of 128 successfully perturbed
square - 4/11 - 0 out of 128 successfully perturbed
square - 5/11 - 0 out of 128 successfully perturbed
square - 6/11 - 0 out of 128 successfully perturbed
square - 7/11 - 0 out of 128 successfully perturbed
square - 8/11 - 0 out of 128 successfully perturbed
square - 9/11 - 0 out of 128 successfully perturbed
square - 10/11 - 0 out of 128 successfully perturbed
square - 11/11 - 0 out of 28 successfully perturbed
robust accuracy after SQUARE: 65.40% (total time 136.7 s)
max Linf perturbation: 0.06275, nan in tensor: 0, max: 1.00000, min: 0.00000
robust accuracy: 65.40%
