[2026-05-04 15:50:27,738][__main__][INFO] - Used config: n_samples_to_attack: 1500
data_split_to_attack: test
save_attack_artifacts: true
perform_training: false
perform_training_grid_search_hparams: false
perform_constraints_mining: false
perform_constraints_ranking: false
perform_constraints_soundness_evaluation: false
perform_attack: true
perform_projection: true
data:
  name: adult
  params:
    dataset_name: ${data.name}
    data_file_path: ${data.paths.data_file_path}
    metadata_file_path: ${data.paths.metadata_file_path}
    encoding_method: one_hot_encoding
    random_seed: 42
    train_proportion: 0.87
  paths:
    data_dir_path: data/${data.name}/raw-data
    data_file_path: ${data.paths.data_dir_path}/adult.data
    metadata_file_path: ${data.paths.data_dir_path}/adult.metadata.csv
    constraints_dir_path: data/${data.name}/mined-constraints
    raw_dcs_out_path: ${data.paths.constraints_dir_path}/adult-13cols__DC_threshold=0.01__fastadc_dcs.txt
    evaluated_dcs_out_path: ${data.paths.constraints_dir_path}/adult-13cols__DC_threshold=0.01__fastadc_dcs__eval.csv
ml_model:
  model_type: mlp
  model_artifact_path: trained-models/adult-mlp.ckpt
  perform_training: false
  perform_grid_search_hparams: false
  default_hparams:
    kernel: laplacian
    L: 0.5
    reg: 0.001
    version: rfm
    iters: 5
    egop_samples: 20000
    egop_batch_size: 2500
attack:
  attack_name: cafa
  random_init: true
  random_seed: null
  max_iter: 250
  max_iter_tabpgd: 100
  eps: 1
  step_size: 0.01
  perturb_categorical_each_steps: 10
constraints:
  constrainer_params:
    evaluated_dcs_out_path: ${data.paths.evaluated_dcs_out_path}
    n_dcs: 5000
    n_tuples: 1
    limit_cost_ball: true
    cost_ball_eps: 1.0
  projector_params:
    upper_projection_budget_bound: 1.0
  mining_params:
    perform_constraints_mining: ${perform_constraints_mining}
    perform_constraints_ranking: ${perform_constraints_ranking}
    raw_dcs_out_path: ${data.paths.raw_dcs_out_path}
    evaluated_dcs_out_path: ${data.paths.evaluated_dcs_out_path}
    approx_violation_threshold: 0.01
    path_to_fastadc_miner_jar: src/constraints/mining/resources/FastADC-1.0-SNAPSHOT.jar
    n_dcs_to_eval: 10000
    n_tuples_to_eval: 1000
    n_other_tuples_to_eval: 8000

[2026-05-04 15:50:28,090][src.models.utils][INFO] - Loading model from trained-models/adult-mlp.ckpt
[2026-05-04 15:50:28,130][art.estimators.classification.pytorch][INFO] - Inferred 2 hidden layers on PyTorch classifier.
[2026-05-04 15:50:28,187][__main__][INFO] - Initializing constraint set and projector for the attack.
[2026-05-04 16:11:39,423][__main__][INFO] - before-attack: {'is_misclassified_rate': 0.15666666666666668, 'is_comp_rate': 1.0, 'is_mis_and_comp_rate': 0.15666666666666668, 'l0_costs_mean': 0.0, 'l0_costs_on_mis_mean': 0.0, 'l0_costs_on_mis_and_comp_mean': 0.0, 'stand_linf_costs_mean': 0.0, 'stand_linf_costs_on_mis_mean': 0.0, 'stand_linfcosts_costs_on_mis_and_comp_mean': 0.0}
[2026-05-04 16:11:39,423][__main__][INFO] - Executing CaFA attack.
[2026-05-04 16:16:32,398][__main__][INFO] - after-cafa: {'is_misclassified_rate': 1.0, 'is_comp_rate': 0.42733333333333334, 'is_mis_and_comp_rate': 0.42733333333333334, 'l0_costs_mean': 2.244, 'l0_costs_on_mis_mean': 2.244, 'l0_costs_on_mis_and_comp_mean': 1.9391575663026521, 'stand_linf_costs_mean': 0.5781963944808648, 'stand_linf_costs_on_mis_mean': 0.5781963944808648, 'stand_linfcosts_costs_on_mis_and_comp_mean': 0.4650328998224392}
[2026-05-04 16:16:32,398][__main__][INFO] - Executing projection of the crafted samples onto the constrained space.
[2026-05-04 16:24:23,760][__main__][INFO] - after-projection: {'is_misclassified_rate': 0.5366666666666666, 'is_comp_rate': 1.0, 'is_mis_and_comp_rate': 0.5366666666666666, 'l0_costs_mean': 9.246, 'l0_costs_on_mis_mean': 4.588819875776397, 'l0_costs_on_mis_and_comp_mean': 4.588819875776397, 'stand_linf_costs_mean': 0.39556394316917354, 'stand_linf_costs_on_mis_mean': 0.4556387860567259, 'stand_linfcosts_costs_on_mis_and_comp_mean': 0.4556387860567259}
[2026-05-04 16:24:23,762][__main__][INFO] - Evaluations: {'before-attack-train': {'is_misclassified_rate': 0.16483623761409674, 'is_comp_rate': 1.0, 'is_mis_and_comp_rate': 0.16483623761409674, 'l0_costs_mean': 0.0, 'l0_costs_on_mis_mean': 0.0, 'l0_costs_on_mis_and_comp_mean': 0.0, 'stand_linf_costs_mean': 0.0, 'stand_linf_costs_on_mis_mean': 0.0, 'stand_linfcosts_costs_on_mis_and_comp_mean': 0.0}, 'before-attack-test': {'is_misclassified_rate': 0.15984147952443858, 'is_comp_rate': 1.0, 'is_mis_and_comp_rate': 0.15984147952443858, 'l0_costs_mean': 0.0, 'l0_costs_on_mis_mean': 0.0, 'l0_costs_on_mis_and_comp_mean': 0.0, 'stand_linf_costs_mean': 0.0, 'stand_linf_costs_on_mis_mean': 0.0, 'stand_linfcosts_costs_on_mis_and_comp_mean': 0.0}, 'before-attack': {'is_misclassified_rate': 0.15666666666666668, 'is_comp_rate': 1.0, 'is_mis_and_comp_rate': 0.15666666666666668, 'l0_costs_mean': 0.0, 'l0_costs_on_mis_mean': 0.0, 'l0_costs_on_mis_and_comp_mean': 0.0, 'stand_linf_costs_mean': 0.0, 'stand_linf_costs_on_mis_mean': 0.0, 'stand_linfcosts_costs_on_mis_and_comp_mean': 0.0}, 'after-cafa': {'is_misclassified_rate': 1.0, 'is_comp_rate': 0.42733333333333334, 'is_mis_and_comp_rate': 0.42733333333333334, 'l0_costs_mean': 2.244, 'l0_costs_on_mis_mean': 2.244, 'l0_costs_on_mis_and_comp_mean': 1.9391575663026521, 'stand_linf_costs_mean': 0.5781963944808648, 'stand_linf_costs_on_mis_mean': 0.5781963944808648, 'stand_linfcosts_costs_on_mis_and_comp_mean': 0.4650328998224392}, 'after-cafa-projection': {'is_misclassified_rate': 0.5366666666666666, 'is_comp_rate': 1.0, 'is_mis_and_comp_rate': 0.5366666666666666, 'l0_costs_mean': 9.246, 'l0_costs_on_mis_mean': 4.588819875776397, 'l0_costs_on_mis_and_comp_mean': 4.588819875776397, 'stand_linf_costs_mean': 0.39556394316917354, 'stand_linf_costs_on_mis_mean': 0.4556387860567259, 'stand_linfcosts_costs_on_mis_and_comp_mean': 0.4556387860567259}}
[2026-05-04 16:24:23,770][__main__][INFO] - Finished run. results saved in /janaki/backup/users/student/rs/rahulky/water/attack_tab/outputs/2026-05-04/15-50-27
