[2026-03-29 16:07:41,925][__main__][INFO] - Used config: n_samples_to_attack: 1500
data_split_to_attack: test
save_attack_artifacts: true
perform_training: true
perform_training_grid_search_hparams: true
perform_constraints_mining: false
perform_constraints_ranking: false
perform_constraints_soundness_evaluation: false
perform_attack: true
perform_projection: true
data:
  name: adult
  params:
    dataset_name: ${data.name}
    data_file_path: ${data.paths.data_file_path}
    metadata_file_path: ${data.paths.metadata_file_path}
    encoding_method: one_hot_encoding
    random_seed: 42
    train_proportion: 0.87
  paths:
    data_dir_path: data/${data.name}/raw-data
    data_file_path: ${data.paths.data_dir_path}/adult.data
    metadata_file_path: ${data.paths.data_dir_path}/adult.metadata.csv
    constraints_dir_path: data/${data.name}/mined-constraints
    raw_dcs_out_path: ${data.paths.constraints_dir_path}/adult-13cols__DC_threshold=0.01__fastadc_dcs.txt
    evaluated_dcs_out_path: ${data.paths.constraints_dir_path}/adult-13cols__DC_threshold=0.01__fastadc_dcs__eval.csv
ml_model:
  model_type: kernel
  model_artifact_path: trained-models/kernel/${data.name}-${ml_model.model_type}.pt
  perform_training: ${perform_training}
  perform_grid_search_hparams: ${perform_training_grid_search_hparams}
  default_hparams:
    kernel: laplacian
    L: 0.5
    reg: 0.001
    version: rfm
    iters: 5
    egop_samples: 20000
    egop_batch_size: 2500
attack:
  attack_name: cafa
  random_init: true
  random_seed: null
  max_iter: 250
  max_iter_tabpgd: 100
  eps: 0.03333333333333333
  step_size: 0.0003333333333333333
  perturb_categorical_each_steps: 10
constraints:
  constrainer_params:
    evaluated_dcs_out_path: ${data.paths.evaluated_dcs_out_path}
    n_dcs: 5000
    n_tuples: 1
    limit_cost_ball: true
    cost_ball_eps: 0.03333333333333333
  projector_params:
    upper_projection_budget_bound: 0.5
  mining_params:
    perform_constraints_mining: ${perform_constraints_mining}
    perform_constraints_ranking: ${perform_constraints_ranking}
    raw_dcs_out_path: ${data.paths.raw_dcs_out_path}
    evaluated_dcs_out_path: ${data.paths.evaluated_dcs_out_path}
    approx_violation_threshold: 0.01
    path_to_fastadc_miner_jar: src/constraints/mining/resources/FastADC-1.0-SNAPSHOT.jar
    n_dcs_to_eval: 10000
    n_tuples_to_eval: 1000
    n_other_tuples_to_eval: 8000

[2026-03-29 16:07:42,886][src.models.kernel][INFO] - Training kernel model: kernel=gaussian, L=0.05, reg=0.01, iters=5, n_train=24079, n_test=4249
[2026-03-29 16:08:02,029][src.models.kernel][INFO] - Round 0 Acc: 54.18
[2026-03-29 16:08:25,470][src.models.kernel][INFO] - Round 1 Acc: 77.03
[2026-03-29 16:08:48,870][src.models.kernel][INFO] - Round 2 Acc: 76.58
[2026-03-29 16:09:12,155][src.models.kernel][INFO] - Round 3 Acc: 76.58
[2026-03-29 16:09:37,302][src.models.kernel][INFO] - Round 4 Acc: 76.58
[2026-03-29 16:10:16,065][src.models.kernel][INFO] - Final Acc: 76.58
[2026-03-29 16:10:16,286][src.models.kernel][INFO] - Saved kernel artifact to outputs/adult-gaussian-rfm.pt
[2026-03-29 16:10:16,286][src.models.kernel][INFO] - kernel=gaussian L=0.05 reg=0.01 => score=77.0299
[2026-03-29 16:10:16,423][src.models.kernel][INFO] - Training kernel model: kernel=gaussian, L=0.05, reg=0.001, iters=5, n_train=24079, n_test=4249
[2026-03-29 16:11:21,553][src.models.kernel][INFO] - Round 0 Acc: 51.21
[2026-03-29 16:12:05,031][src.models.kernel][INFO] - Round 1 Acc: 78.44
[2026-03-29 16:16:05,302][src.models.kernel][INFO] - Round 2 Acc: 76.58
[2026-03-29 16:16:38,916][src.models.kernel][INFO] - Round 3 Acc: 76.58
[2026-03-29 16:21:08,874][src.models.kernel][INFO] - Round 4 Acc: 76.58
[2026-03-29 16:21:43,516][src.models.kernel][INFO] - Final Acc: 76.58
[2026-03-29 16:21:43,904][src.models.kernel][INFO] - Saved kernel artifact to outputs/adult-gaussian-rfm.pt
[2026-03-29 16:21:43,905][src.models.kernel][INFO] - kernel=gaussian L=0.05 reg=0.001 => score=78.4420
[2026-03-29 16:21:44,355][src.models.kernel][INFO] - Training kernel model: kernel=gaussian, L=0.05, reg=0.0001, iters=5, n_train=24079, n_test=4249
[2026-03-29 16:24:34,644][src.models.kernel][INFO] - Round 0 Acc: 50.11
[2026-03-29 16:25:09,198][src.models.kernel][INFO] - Round 1 Acc: 79.34
[2026-03-29 16:25:53,267][src.models.kernel][INFO] - Round 2 Acc: 77.57
[2026-03-29 16:32:27,990][src.models.kernel][INFO] - Round 3 Acc: 76.82
[2026-03-29 16:33:02,371][src.models.kernel][INFO] - Round 4 Acc: 76.58
[2026-03-29 16:37:13,389][src.models.kernel][INFO] - Final Acc: 76.58
[2026-03-29 16:37:13,783][src.models.kernel][INFO] - Saved kernel artifact to outputs/adult-gaussian-rfm.pt
[2026-03-29 16:37:13,783][src.models.kernel][INFO] - kernel=gaussian L=0.05 reg=0.0001 => score=79.3363
[2026-03-29 16:37:13,973][src.models.kernel][INFO] - Training kernel model: kernel=gaussian, L=0.125, reg=0.01, iters=5, n_train=24079, n_test=4249
[2026-03-29 16:37:40,549][src.models.kernel][INFO] - Round 0 Acc: 79.05
[2026-03-29 16:42:46,177][src.models.kernel][INFO] - Round 1 Acc: 76.58
[2026-03-29 16:43:20,107][src.models.kernel][INFO] - Round 2 Acc: 76.58
[2026-03-29 16:46:50,849][src.models.kernel][INFO] - Round 3 Acc: 76.58
[2026-03-29 16:47:25,471][src.models.kernel][INFO] - Round 4 Acc: 76.58
[2026-03-29 16:53:14,805][src.models.kernel][INFO] - Final Acc: 76.58
[2026-03-29 16:53:15,096][src.models.kernel][INFO] - Saved kernel artifact to outputs/adult-gaussian-rfm.pt
[2026-03-29 16:53:15,097][src.models.kernel][INFO] - kernel=gaussian L=0.125 reg=0.01 => score=79.0539
[2026-03-29 16:53:15,324][src.models.kernel][INFO] - Training kernel model: kernel=gaussian, L=0.125, reg=0.001, iters=5, n_train=24079, n_test=4249
[2026-03-29 16:53:41,790][src.models.kernel][INFO] - Round 0 Acc: 59.92
[2026-03-29 16:57:58,297][src.models.kernel][INFO] - Round 1 Acc: 77.10
[2026-03-29 16:58:24,407][src.models.kernel][INFO] - Round 2 Acc: 76.58
[2026-03-29 16:59:00,573][src.models.kernel][INFO] - Round 3 Acc: 76.58
[2026-03-29 16:59:26,191][src.models.kernel][INFO] - Round 4 Acc: 76.58
[2026-03-29 17:00:01,664][src.models.kernel][INFO] - Final Acc: 76.58
[2026-03-29 17:00:01,900][src.models.kernel][INFO] - Saved kernel artifact to outputs/adult-gaussian-rfm.pt
[2026-03-29 17:00:01,900][src.models.kernel][INFO] - kernel=gaussian L=0.125 reg=0.001 => score=77.1005
[2026-03-29 17:00:02,017][src.models.kernel][INFO] - Training kernel model: kernel=gaussian, L=0.125, reg=0.0001, iters=5, n_train=24079, n_test=4249
[2026-03-29 17:00:27,918][src.models.kernel][INFO] - Round 0 Acc: 48.27
[2026-03-29 17:01:00,682][src.models.kernel][INFO] - Round 1 Acc: 78.44
[2026-03-29 17:01:38,387][src.models.kernel][INFO] - Round 2 Acc: 76.72
[2026-03-29 17:02:04,987][src.models.kernel][INFO] - Round 3 Acc: 76.58
[2026-03-29 17:02:42,820][src.models.kernel][INFO] - Round 4 Acc: 76.58
[2026-03-29 17:03:09,150][src.models.kernel][INFO] - Final Acc: 76.58
[2026-03-29 17:03:09,398][src.models.kernel][INFO] - Saved kernel artifact to outputs/adult-gaussian-rfm.pt
[2026-03-29 17:03:09,399][src.models.kernel][INFO] - kernel=gaussian L=0.125 reg=0.0001 => score=78.4420
[2026-03-29 17:03:09,514][src.models.kernel][INFO] - Training kernel model: kernel=gaussian, L=0.25, reg=0.01, iters=5, n_train=24079, n_test=4249
[2026-03-29 17:03:43,922][src.models.kernel][INFO] - Round 0 Acc: 79.69
[2026-03-29 17:04:08,352][src.models.kernel][INFO] - Round 1 Acc: 76.58
[2026-03-29 17:04:44,454][src.models.kernel][INFO] - Round 2 Acc: 76.58
[2026-03-29 17:05:14,177][src.models.kernel][INFO] - Round 3 Acc: 76.58
[2026-03-29 17:05:47,000][src.models.kernel][INFO] - Round 4 Acc: 76.58
[2026-03-29 17:06:26,270][src.models.kernel][INFO] - Final Acc: 76.58
[2026-03-29 17:06:26,531][src.models.kernel][INFO] - Saved kernel artifact to outputs/adult-gaussian-rfm.pt
[2026-03-29 17:06:26,531][src.models.kernel][INFO] - kernel=gaussian L=0.25 reg=0.01 => score=79.6893
[2026-03-29 17:06:26,746][src.models.kernel][INFO] - Training kernel model: kernel=gaussian, L=0.25, reg=0.001, iters=5, n_train=24079, n_test=4249
[2026-03-29 17:06:47,629][src.models.kernel][INFO] - Round 0 Acc: 74.14
[2026-03-29 17:07:27,738][src.models.kernel][INFO] - Round 1 Acc: 76.58
[2026-03-29 17:07:54,044][src.models.kernel][INFO] - Round 2 Acc: 76.58
[2026-03-29 17:08:32,612][src.models.kernel][INFO] - Round 3 Acc: 76.58
[2026-03-29 17:08:58,845][src.models.kernel][INFO] - Round 4 Acc: 76.58
[2026-03-29 17:09:35,668][src.models.kernel][INFO] - Final Acc: 76.58
[2026-03-29 17:09:35,935][src.models.kernel][INFO] - Saved kernel artifact to outputs/adult-gaussian-rfm.pt
[2026-03-29 17:09:35,935][src.models.kernel][INFO] - kernel=gaussian L=0.25 reg=0.001 => score=76.5827
[2026-03-29 17:09:36,286][src.models.kernel][INFO] - Training kernel model: kernel=gaussian, L=0.25, reg=0.0001, iters=5, n_train=24079, n_test=4249
[2026-03-29 17:09:56,024][src.models.kernel][INFO] - Round 0 Acc: 58.88
[2026-03-29 17:10:29,940][src.models.kernel][INFO] - Round 1 Acc: 76.65
[2026-03-29 17:10:55,511][src.models.kernel][INFO] - Round 2 Acc: 76.58
[2026-03-29 17:11:30,882][src.models.kernel][INFO] - Round 3 Acc: 76.58
[2026-03-29 17:12:01,582][src.models.kernel][INFO] - Round 4 Acc: 76.58
[2026-03-29 17:12:34,068][src.models.kernel][INFO] - Final Acc: 76.58
[2026-03-29 17:12:34,301][src.models.kernel][INFO] - Saved kernel artifact to outputs/adult-gaussian-rfm.pt
[2026-03-29 17:12:34,302][src.models.kernel][INFO] - kernel=gaussian L=0.25 reg=0.0001 => score=76.6533
[2026-03-29 17:12:34,418][src.models.kernel][INFO] - Training kernel model: kernel=gaussian, L=0.5, reg=0.01, iters=5, n_train=24079, n_test=4249
[2026-03-29 17:13:09,477][src.models.kernel][INFO] - Round 0 Acc: 79.67
[2026-03-29 17:13:36,289][src.models.kernel][INFO] - Round 1 Acc: 76.58
[2026-03-29 17:14:13,531][src.models.kernel][INFO] - Round 2 Acc: 76.58
[2026-03-29 17:14:39,800][src.models.kernel][INFO] - Round 3 Acc: 76.58
[2026-03-29 17:15:16,178][src.models.kernel][INFO] - Round 4 Acc: 76.58
[2026-03-29 17:15:47,872][src.models.kernel][INFO] - Final Acc: 76.58
[2026-03-29 17:15:48,240][src.models.kernel][INFO] - Saved kernel artifact to outputs/adult-gaussian-rfm.pt
[2026-03-29 17:15:48,240][src.models.kernel][INFO] - kernel=gaussian L=0.5 reg=0.01 => score=79.6658
[2026-03-29 17:15:48,720][src.models.kernel][INFO] - Training kernel model: kernel=gaussian, L=0.5, reg=0.001, iters=5, n_train=24079, n_test=4249
[2026-03-29 17:16:14,277][src.models.kernel][INFO] - Round 0 Acc: 79.90
[2026-03-29 17:16:42,778][src.models.kernel][INFO] - Round 1 Acc: 76.58
[2026-03-29 17:17:15,820][src.models.kernel][INFO] - Round 2 Acc: 76.58
[2026-03-29 17:17:53,228][src.models.kernel][INFO] - Round 3 Acc: 76.58
[2026-03-29 17:18:20,537][src.models.kernel][INFO] - Round 4 Acc: 76.58
[2026-03-29 17:18:58,172][src.models.kernel][INFO] - Final Acc: 76.58
[2026-03-29 17:18:58,430][src.models.kernel][INFO] - Saved kernel artifact to outputs/adult-gaussian-rfm.pt
[2026-03-29 17:18:58,430][src.models.kernel][INFO] - kernel=gaussian L=0.5 reg=0.001 => score=79.9012
[2026-03-29 17:18:58,545][src.models.kernel][INFO] - Training kernel model: kernel=gaussian, L=0.5, reg=0.0001, iters=5, n_train=24079, n_test=4249
[2026-03-29 17:19:19,322][src.models.kernel][INFO] - Round 0 Acc: 69.29
[2026-03-29 17:19:55,418][src.models.kernel][INFO] - Round 1 Acc: 76.65
[2026-03-29 17:20:22,675][src.models.kernel][INFO] - Round 2 Acc: 76.58
[2026-03-29 17:20:59,887][src.models.kernel][INFO] - Round 3 Acc: 76.58
[2026-03-29 17:21:24,445][src.models.kernel][INFO] - Round 4 Acc: 76.58
[2026-03-29 17:21:59,061][src.models.kernel][INFO] - Final Acc: 76.58
[2026-03-29 17:21:59,432][src.models.kernel][INFO] - Saved kernel artifact to outputs/adult-gaussian-rfm.pt
[2026-03-29 17:21:59,432][src.models.kernel][INFO] - kernel=gaussian L=0.5 reg=0.0001 => score=76.6533
[2026-03-29 17:21:59,713][src.models.kernel][INFO] - Training kernel model: kernel=gaussian, L=1.0, reg=0.01, iters=5, n_train=24079, n_test=4249
[2026-03-29 17:22:19,227][src.models.kernel][INFO] - Round 0 Acc: 79.57
[2026-03-29 17:22:53,276][src.models.kernel][INFO] - Round 1 Acc: 76.58
[2026-03-29 17:23:18,664][src.models.kernel][INFO] - Round 2 Acc: 76.58
[2026-03-29 17:23:54,146][src.models.kernel][INFO] - Round 3 Acc: 76.58
[2026-03-29 17:24:22,775][src.models.kernel][INFO] - Round 4 Acc: 76.58
[2026-03-29 17:24:55,420][src.models.kernel][INFO] - Final Acc: 76.58
[2026-03-29 17:24:55,662][src.models.kernel][INFO] - Saved kernel artifact to outputs/adult-gaussian-rfm.pt
[2026-03-29 17:24:55,662][src.models.kernel][INFO] - kernel=gaussian L=1 reg=0.01 => score=79.5717
[2026-03-29 17:24:55,778][src.models.kernel][INFO] - Training kernel model: kernel=gaussian, L=1.0, reg=0.001, iters=5, n_train=24079, n_test=4249
[2026-03-29 17:25:26,806][src.models.kernel][INFO] - Round 0 Acc: 79.71
[2026-03-29 17:25:55,616][src.models.kernel][INFO] - Round 1 Acc: 76.58
[2026-03-29 17:26:32,333][src.models.kernel][INFO] - Round 2 Acc: 76.58
[2026-03-29 17:26:56,854][src.models.kernel][INFO] - Round 3 Acc: 76.58
[2026-03-29 17:27:32,354][src.models.kernel][INFO] - Round 4 Acc: 76.58
[2026-03-29 17:28:01,294][src.models.kernel][INFO] - Final Acc: 76.58
[2026-03-29 17:28:01,679][src.models.kernel][INFO] - Saved kernel artifact to outputs/adult-gaussian-rfm.pt
[2026-03-29 17:28:01,680][src.models.kernel][INFO] - kernel=gaussian L=1 reg=0.001 => score=79.7129
[2026-03-29 17:28:02,154][src.models.kernel][INFO] - Training kernel model: kernel=gaussian, L=1.0, reg=0.0001, iters=5, n_train=24079, n_test=4249
[2026-03-29 17:28:27,206][src.models.kernel][INFO] - Round 0 Acc: 79.48
[2026-03-29 17:28:53,686][src.models.kernel][INFO] - Round 1 Acc: 76.58
[2026-03-29 17:29:27,824][src.models.kernel][INFO] - Round 2 Acc: 76.58
[2026-03-29 17:29:57,693][src.models.kernel][INFO] - Round 3 Acc: 76.58
[2026-03-29 17:30:29,841][src.models.kernel][INFO] - Round 4 Acc: 76.58
[2026-03-29 17:31:05,742][src.models.kernel][INFO] - Final Acc: 76.58
[2026-03-29 17:31:06,155][src.models.kernel][INFO] - Saved kernel artifact to outputs/adult-gaussian-rfm.pt
[2026-03-29 17:31:06,156][src.models.kernel][INFO] - kernel=gaussian L=1 reg=0.0001 => score=79.4775
[2026-03-29 17:31:06,426][src.models.kernel][INFO] - Training kernel model: kernel=gaussian, L=2.0, reg=0.01, iters=5, n_train=24079, n_test=4249
[2026-03-29 17:31:27,421][src.models.kernel][INFO] - Round 0 Acc: 78.87
[2026-03-29 17:32:03,515][src.models.kernel][INFO] - Round 1 Acc: 76.58
[2026-03-29 17:32:28,240][src.models.kernel][INFO] - Round 2 Acc: 76.58
[2026-03-29 17:33:03,902][src.models.kernel][INFO] - Round 3 Acc: 76.58
[2026-03-29 17:33:30,080][src.models.kernel][INFO] - Round 4 Acc: 76.58
[2026-03-29 17:34:04,374][src.models.kernel][INFO] - Final Acc: 76.58
[2026-03-29 17:34:04,610][src.models.kernel][INFO] - Saved kernel artifact to outputs/adult-gaussian-rfm.pt
[2026-03-29 17:34:04,610][src.models.kernel][INFO] - kernel=gaussian L=2.0 reg=0.01 => score=78.8656
[2026-03-29 17:34:04,840][src.models.kernel][INFO] - Training kernel model: kernel=gaussian, L=2.0, reg=0.001, iters=5, n_train=24079, n_test=4249
[2026-03-29 17:34:29,186][src.models.kernel][INFO] - Round 0 Acc: 79.50
[2026-03-29 17:35:02,710][src.models.kernel][INFO] - Round 1 Acc: 76.58
[2026-03-29 17:35:38,741][src.models.kernel][INFO] - Round 2 Acc: 76.58
[2026-03-29 17:36:05,961][src.models.kernel][INFO] - Round 3 Acc: 76.58
[2026-03-29 17:36:42,552][src.models.kernel][INFO] - Round 4 Acc: 76.58
[2026-03-29 17:37:08,889][src.models.kernel][INFO] - Final Acc: 76.58
[2026-03-29 17:37:09,121][src.models.kernel][INFO] - Saved kernel artifact to outputs/adult-gaussian-rfm.pt
[2026-03-29 17:37:09,122][src.models.kernel][INFO] - kernel=gaussian L=2.0 reg=0.001 => score=79.5011
[2026-03-29 17:37:09,238][src.models.kernel][INFO] - Training kernel model: kernel=gaussian, L=2.0, reg=0.0001, iters=5, n_train=24079, n_test=4249
[2026-03-29 17:37:42,487][src.models.kernel][INFO] - Round 0 Acc: 77.71
[2026-03-29 17:38:06,683][src.models.kernel][INFO] - Round 1 Acc: 76.58
[2026-03-29 17:38:41,030][src.models.kernel][INFO] - Round 2 Acc: 76.58
[2026-03-29 17:39:06,429][src.models.kernel][INFO] - Round 3 Acc: 76.58
[2026-03-29 17:39:40,716][src.models.kernel][INFO] - Round 4 Acc: 76.58
[2026-03-29 17:40:05,739][src.models.kernel][INFO] - Final Acc: 76.58
[2026-03-29 17:40:06,126][src.models.kernel][INFO] - Saved kernel artifact to outputs/adult-gaussian-rfm.pt
[2026-03-29 17:40:06,126][src.models.kernel][INFO] - kernel=gaussian L=2.0 reg=0.0001 => score=77.7124
[2026-03-29 17:40:06,561][src.models.kernel][INFO] - Training kernel model: kernel=gaussian, L=4.0, reg=0.01, iters=5, n_train=24079, n_test=4249
[2026-03-29 17:40:34,633][src.models.kernel][INFO] - Round 0 Acc: 78.49
[2026-03-29 17:41:00,515][src.models.kernel][INFO] - Round 1 Acc: 76.58
[2026-03-29 17:41:35,029][src.models.kernel][INFO] - Round 2 Acc: 76.58
[2026-03-29 17:42:00,900][src.models.kernel][INFO] - Round 3 Acc: 76.58
[2026-03-29 17:42:34,782][src.models.kernel][INFO] - Round 4 Acc: 76.58
[2026-03-29 17:42:59,667][src.models.kernel][INFO] - Final Acc: 76.58
[2026-03-29 17:43:00,076][src.models.kernel][INFO] - Saved kernel artifact to outputs/adult-gaussian-rfm.pt
[2026-03-29 17:43:00,077][src.models.kernel][INFO] - kernel=gaussian L=4.0 reg=0.01 => score=78.4891
[2026-03-29 17:43:00,305][src.models.kernel][INFO] - Training kernel model: kernel=gaussian, L=4.0, reg=0.001, iters=5, n_train=24079, n_test=4249
[2026-03-29 17:43:30,147][src.models.kernel][INFO] - Round 0 Acc: 78.65
[2026-03-29 17:43:54,355][src.models.kernel][INFO] - Round 1 Acc: 76.58
[2026-03-29 17:44:27,945][src.models.kernel][INFO] - Round 2 Acc: 76.58
[2026-03-29 17:44:52,889][src.models.kernel][INFO] - Round 3 Acc: 76.58
[2026-03-29 17:45:27,796][src.models.kernel][INFO] - Round 4 Acc: 76.58
[2026-03-29 17:45:53,320][src.models.kernel][INFO] - Final Acc: 76.58
[2026-03-29 17:45:53,754][src.models.kernel][INFO] - Saved kernel artifact to outputs/adult-gaussian-rfm.pt
[2026-03-29 17:45:53,755][src.models.kernel][INFO] - kernel=gaussian L=4.0 reg=0.001 => score=78.6538
[2026-03-29 17:45:54,353][src.models.kernel][INFO] - Training kernel model: kernel=gaussian, L=4.0, reg=0.0001, iters=5, n_train=24079, n_test=4249
[2026-03-29 17:46:22,651][src.models.kernel][INFO] - Round 0 Acc: 78.28
[2026-03-29 17:46:48,092][src.models.kernel][INFO] - Round 1 Acc: 76.58
[2026-03-29 17:47:21,968][src.models.kernel][INFO] - Round 2 Acc: 76.58
[2026-03-29 17:47:47,182][src.models.kernel][INFO] - Round 3 Acc: 76.58
[2026-03-29 17:48:22,866][src.models.kernel][INFO] - Round 4 Acc: 76.58
[2026-03-29 17:48:50,986][src.models.kernel][INFO] - Final Acc: 76.58
[2026-03-29 17:48:51,356][src.models.kernel][INFO] - Saved kernel artifact to outputs/adult-gaussian-rfm.pt
[2026-03-29 17:48:51,357][src.models.kernel][INFO] - kernel=gaussian L=4.0 reg=0.0001 => score=78.2772
[2026-03-29 17:48:51,548][src.models.kernel][INFO] - Training kernel model: kernel=gaussian, L=6.0, reg=0.01, iters=5, n_train=24079, n_test=4249
[2026-03-29 17:49:16,674][src.models.kernel][INFO] - Round 0 Acc: 78.32
[2026-03-29 17:49:50,298][src.models.kernel][INFO] - Round 1 Acc: 76.58
[2026-03-29 17:50:19,781][src.models.kernel][INFO] - Round 2 Acc: 76.58
[2026-03-29 17:50:55,591][src.models.kernel][INFO] - Round 3 Acc: 76.58
[2026-03-29 17:51:22,107][src.models.kernel][INFO] - Round 4 Acc: 76.58
[2026-03-29 17:51:58,555][src.models.kernel][INFO] - Final Acc: 76.58
[2026-03-29 17:51:58,805][src.models.kernel][INFO] - Saved kernel artifact to outputs/adult-gaussian-rfm.pt
[2026-03-29 17:51:58,805][src.models.kernel][INFO] - kernel=gaussian L=6.0 reg=0.01 => score=78.3243
[2026-03-29 17:51:59,034][src.models.kernel][INFO] - Training kernel model: kernel=gaussian, L=6.0, reg=0.001, iters=5, n_train=24079, n_test=4249
[2026-03-29 17:52:19,766][src.models.kernel][INFO] - Round 0 Acc: 78.42
[2026-03-29 17:52:56,124][src.models.kernel][INFO] - Round 1 Acc: 76.58
[2026-03-29 17:53:22,311][src.models.kernel][INFO] - Round 2 Acc: 76.58
[2026-03-29 17:53:58,582][src.models.kernel][INFO] - Round 3 Acc: 76.58
[2026-03-29 17:54:25,004][src.models.kernel][INFO] - Round 4 Acc: 76.58
[2026-03-29 17:55:03,167][src.models.kernel][INFO] - Final Acc: 76.58
[2026-03-29 17:55:03,419][src.models.kernel][INFO] - Saved kernel artifact to outputs/adult-gaussian-rfm.pt
[2026-03-29 17:55:03,419][src.models.kernel][INFO] - kernel=gaussian L=6.0 reg=0.001 => score=78.4185
[2026-03-29 17:55:03,536][src.models.kernel][INFO] - Training kernel model: kernel=gaussian, L=6.0, reg=0.0001, iters=5, n_train=24079, n_test=4249
[2026-03-29 17:55:22,731][src.models.kernel][INFO] - Round 0 Acc: 78.96
[2026-03-29 17:55:58,593][src.models.kernel][INFO] - Round 1 Acc: 76.58
[2026-03-29 17:56:25,041][src.models.kernel][INFO] - Round 2 Acc: 76.58
[2026-03-29 17:56:59,693][src.models.kernel][INFO] - Round 3 Acc: 76.58
[2026-03-29 17:57:26,198][src.models.kernel][INFO] - Round 4 Acc: 76.58
[2026-03-29 17:58:00,947][src.models.kernel][INFO] - Final Acc: 76.58
[2026-03-29 17:58:01,200][src.models.kernel][INFO] - Saved kernel artifact to outputs/adult-gaussian-rfm.pt
[2026-03-29 17:58:01,200][src.models.kernel][INFO] - kernel=gaussian L=6.0 reg=0.0001 => score=78.9598
[2026-03-29 17:58:01,200][src.models.kernel][INFO] - Best kernel hyperparameters: {'kernel': 'gaussian', 'L': 0.5, 'reg': 0.001, 'version': 'rfm', 'iters': 5}
[2026-03-29 17:58:01,424][src.models.kernel][INFO] - Training kernel model: kernel=gaussian, L=0.5, reg=0.001, iters=5, n_train=24079, n_test=4249
[2026-03-29 17:58:22,035][src.models.kernel][INFO] - Round 0 Acc: 79.90
[2026-03-29 17:58:58,814][src.models.kernel][INFO] - Round 1 Acc: 76.58
[2026-03-29 17:59:25,250][src.models.kernel][INFO] - Round 2 Acc: 76.58
[2026-03-29 18:00:01,375][src.models.kernel][INFO] - Round 3 Acc: 76.58
[2026-03-29 18:00:27,814][src.models.kernel][INFO] - Round 4 Acc: 76.58
[2026-03-29 18:01:03,822][src.models.kernel][INFO] - Final Acc: 76.58
[2026-03-29 18:01:04,033][src.models.kernel][INFO] - Saved kernel artifact to trained-models/kernel/adult-gaussian-rfm.pt
[2026-03-29 18:01:04,034][src.models.utils][INFO] - Loading model from trained-models/kernel/adult-gaussian-rfm.pt
[2026-03-29 18:01:04,079][art.estimators.classification.pytorch][INFO] - Inferred 0 hidden layers on PyTorch classifier.
[2026-03-29 18:01:04,258][__main__][INFO] - Initializing constraint set and projector for the attack.
[2026-03-29 18:03:08,588][__main__][INFO] - before-attack: {'is_misclassified_rate': 0.20866666666666667, 'is_comp_rate': 0.712, 'is_mis_and_comp_rate': 0.14133333333333334, 'l0_costs_mean': 0.0, 'l0_costs_on_mis_mean': 0.0, 'l0_costs_on_mis_and_comp_mean': 0.0, 'stand_linf_costs_mean': 0.0, 'stand_linf_costs_on_mis_mean': 0.0, 'stand_linfcosts_costs_on_mis_and_comp_mean': 0.0}
[2026-03-29 18:03:08,589][__main__][INFO] - Executing CaFA attack.
[2026-03-29 18:17:27,138][__main__][INFO] - after-cafa: {'is_misclassified_rate': 0.8306666666666667, 'is_comp_rate': 0.31133333333333335, 'is_mis_and_comp_rate': 0.20066666666666666, 'l0_costs_mean': 3.8533333333333335, 'l0_costs_on_mis_mean': 4.63884430176565, 'l0_costs_on_mis_and_comp_mean': 2.73421926910299, 'stand_linf_costs_mean': 0.03430823536148971, 'stand_linf_costs_on_mis_mean': 0.041302048990557436, 'stand_linfcosts_costs_on_mis_and_comp_mean': 0.039210210642218864}
[2026-03-29 18:17:27,139][__main__][INFO] - Executing projection of the crafted samples onto the constrained space.
[2026-03-29 18:47:40,736][__main__][INFO] - after-projection: {'is_misclassified_rate': 0.6366666666666667, 'is_comp_rate': 0.6186666666666667, 'is_mis_and_comp_rate': 0.28, 'l0_costs_mean': 4.580666666666667, 'l0_costs_on_mis_mean': 5.0890052356020945, 'l0_costs_on_mis_and_comp_mean': 3.6904761904761907, 'stand_linf_costs_mean': 0.036630600351879934, 'stand_linf_costs_on_mis_mean': 0.042378699613781746, 'stand_linfcosts_costs_on_mis_and_comp_mean': 0.041237043289085965}
[2026-03-29 18:47:40,736][__main__][INFO] - Evaluations: {'before-attack': {'is_misclassified_rate': 0.20866666666666667, 'is_comp_rate': 0.712, 'is_mis_and_comp_rate': 0.14133333333333334, 'l0_costs_mean': 0.0, 'l0_costs_on_mis_mean': 0.0, 'l0_costs_on_mis_and_comp_mean': 0.0, 'stand_linf_costs_mean': 0.0, 'stand_linf_costs_on_mis_mean': 0.0, 'stand_linfcosts_costs_on_mis_and_comp_mean': 0.0}, 'after-cafa': {'is_misclassified_rate': 0.8306666666666667, 'is_comp_rate': 0.31133333333333335, 'is_mis_and_comp_rate': 0.20066666666666666, 'l0_costs_mean': 3.8533333333333335, 'l0_costs_on_mis_mean': 4.63884430176565, 'l0_costs_on_mis_and_comp_mean': 2.73421926910299, 'stand_linf_costs_mean': 0.03430823536148971, 'stand_linf_costs_on_mis_mean': 0.041302048990557436, 'stand_linfcosts_costs_on_mis_and_comp_mean': 0.039210210642218864}, 'after-cafa-projection': {'is_misclassified_rate': 0.6366666666666667, 'is_comp_rate': 0.6186666666666667, 'is_mis_and_comp_rate': 0.28, 'l0_costs_mean': 4.580666666666667, 'l0_costs_on_mis_mean': 5.0890052356020945, 'l0_costs_on_mis_and_comp_mean': 3.6904761904761907, 'stand_linf_costs_mean': 0.036630600351879934, 'stand_linf_costs_on_mis_mean': 0.042378699613781746, 'stand_linfcosts_costs_on_mis_and_comp_mean': 0.041237043289085965}}
[2026-03-29 18:47:40,736][__main__][INFO] - Finished run. results saved in /users/student/rs/rahulky/robust-rfms/attack_tab/outputs/2026-03-29/16-07-41
