[2026-04-09 16:00:58,823][__main__][INFO] - Used config: n_samples_to_attack: 1500
data_split_to_attack: test
save_attack_artifacts: true
perform_training: false
perform_training_grid_search_hparams: false
perform_constraints_mining: false
perform_constraints_ranking: false
perform_constraints_soundness_evaluation: false
perform_attack: true
perform_projection: true
data:
  name: phishing
  params:
    dataset_name: ${data.name}
    data_file_path: ${data.paths.data_file_path}
    metadata_file_path: ${data.paths.metadata_file_path}
    encoding_method: one_hot_encoding
    random_seed: 42
    train_proportion: 0.87
  paths:
    data_dir_path: data/${data.name}/raw-data
    data_file_path: ${data.paths.data_dir_path}/Phishing_Legitimate_full.arff
    metadata_file_path: ${data.paths.data_dir_path}/phishing.metadata.csv
    constraints_dir_path: data/${data.name}/mined-constraints
    raw_dcs_out_path: ${data.paths.constraints_dir_path}/phishing-10cols__DC_threshold=0.01__fastadc_dcs.txt
    evaluated_dcs_out_path: ${data.paths.constraints_dir_path}/phishing-10cols__DC_threshold=0.01__fastadc_dcs__eval.csv
ml_model:
  model_type: kernel
  model_artifact_path: trained-models/kernel/${data.name}-laplacian-${ml_model.model_type}.pt
  perform_training: ${perform_training}
  perform_grid_search_hparams: ${perform_training_grid_search_hparams}
  default_hparams:
    kernel: laplacian
    L: 0.5
    reg: 0.001
    version: rfm
    iters: 5
    egop_samples: 20000
    egop_batch_size: 2500
attack:
  attack_name: cafa
  random_init: true
  random_seed: null
  max_iter: 250
  max_iter_tabpgd: 100
  eps: 0.03333333333333333
  step_size: 0.0003333333333333333
  perturb_categorical_each_steps: 10
constraints:
  constrainer_params:
    evaluated_dcs_out_path: ${data.paths.evaluated_dcs_out_path}
    n_dcs: 5000
    n_tuples: 1
    limit_cost_ball: true
    cost_ball_eps: 1.0
  projector_params:
    upper_projection_budget_bound: 1.0
  mining_params:
    perform_constraints_mining: ${perform_constraints_mining}
    perform_constraints_ranking: ${perform_constraints_ranking}
    raw_dcs_out_path: ${data.paths.raw_dcs_out_path}
    evaluated_dcs_out_path: ${data.paths.evaluated_dcs_out_path}
    approx_violation_threshold: 0.01
    path_to_fastadc_miner_jar: src/constraints/mining/resources/FastADC-1.0-SNAPSHOT.jar
    n_dcs_to_eval: 10000
    n_tuples_to_eval: 1000
    n_other_tuples_to_eval: 8000

[2026-04-09 16:00:59,017][src.models.utils][INFO] - Loading model from trained-models/kernel/phishing-laplacian-kernel.pt
[2026-04-09 16:00:59,166][art.estimators.classification.pytorch][INFO] - Inferred 0 hidden layers on PyTorch classifier.
[2026-04-09 16:00:59,454][__main__][INFO] - Initializing constraint set and projector for the attack.
[2026-04-09 16:01:29,534][__main__][INFO] - before-attack: {'is_misclassified_rate': 0.07230769230769231, 'is_comp_rate': 0.8530769230769231, 'is_mis_and_comp_rate': 0.06307692307692307, 'l0_costs_mean': 0.0, 'l0_costs_on_mis_mean': 0.0, 'l0_costs_on_mis_and_comp_mean': 0.0, 'stand_linf_costs_mean': 0.0, 'stand_linf_costs_on_mis_mean': 0.0, 'stand_linfcosts_costs_on_mis_and_comp_mean': 0.0}
[2026-04-09 16:01:29,534][__main__][INFO] - Executing CaFA attack.
[2026-04-09 16:12:47,356][__main__][INFO] - after-cafa: {'is_misclassified_rate': 0.9730769230769231, 'is_comp_rate': 0.5169230769230769, 'is_mis_and_comp_rate': 0.49538461538461537, 'l0_costs_mean': 4.023076923076923, 'l0_costs_on_mis_mean': 4.134387351778656, 'l0_costs_on_mis_and_comp_mean': 3.4580745341614905, 'stand_linf_costs_mean': 0.022628660011127837, 'stand_linf_costs_on_mis_mean': 0.023254749418550345, 'stand_linfcosts_costs_on_mis_and_comp_mean': 0.021259823903930754}
[2026-04-09 16:12:47,356][__main__][INFO] - Executing projection of the crafted samples onto the constrained space.
[2026-04-09 16:20:43,766][__main__][INFO] - after-projection: {'is_misclassified_rate': 0.6892307692307692, 'is_comp_rate': 0.9546153846153846, 'is_mis_and_comp_rate': 0.6761538461538461, 'l0_costs_mean': 6.380769230769231, 'l0_costs_on_mis_mean': 5.743303571428571, 'l0_costs_on_mis_and_comp_mean': 5.642775881683732, 'stand_linf_costs_mean': 0.31815876950752037, 'stand_linf_costs_on_mis_mean': 0.18494752688020247, 'stand_linfcosts_costs_on_mis_and_comp_mean': 0.1820120128911704}
[2026-04-09 16:20:43,767][__main__][INFO] - Evaluations: {'before-attack': {'is_misclassified_rate': 0.07230769230769231, 'is_comp_rate': 0.8530769230769231, 'is_mis_and_comp_rate': 0.06307692307692307, 'l0_costs_mean': 0.0, 'l0_costs_on_mis_mean': 0.0, 'l0_costs_on_mis_and_comp_mean': 0.0, 'stand_linf_costs_mean': 0.0, 'stand_linf_costs_on_mis_mean': 0.0, 'stand_linfcosts_costs_on_mis_and_comp_mean': 0.0}, 'after-cafa': {'is_misclassified_rate': 0.9730769230769231, 'is_comp_rate': 0.5169230769230769, 'is_mis_and_comp_rate': 0.49538461538461537, 'l0_costs_mean': 4.023076923076923, 'l0_costs_on_mis_mean': 4.134387351778656, 'l0_costs_on_mis_and_comp_mean': 3.4580745341614905, 'stand_linf_costs_mean': 0.022628660011127837, 'stand_linf_costs_on_mis_mean': 0.023254749418550345, 'stand_linfcosts_costs_on_mis_and_comp_mean': 0.021259823903930754}, 'after-cafa-projection': {'is_misclassified_rate': 0.6892307692307692, 'is_comp_rate': 0.9546153846153846, 'is_mis_and_comp_rate': 0.6761538461538461, 'l0_costs_mean': 6.380769230769231, 'l0_costs_on_mis_mean': 5.743303571428571, 'l0_costs_on_mis_and_comp_mean': 5.642775881683732, 'stand_linf_costs_mean': 0.31815876950752037, 'stand_linf_costs_on_mis_mean': 0.18494752688020247, 'stand_linfcosts_costs_on_mis_and_comp_mean': 0.1820120128911704}}
[2026-04-09 16:20:43,767][__main__][INFO] - Finished run. results saved in /users/student/rs/rahulky/robust-rfms/attack_tab/outputs/2026-04-09/16-00-58
