[2026-03-29 02:31:16,645][__main__][INFO] - Used config: n_samples_to_attack: 1500
data_split_to_attack: test
save_attack_artifacts: true
perform_training: true
perform_training_grid_search_hparams: true
perform_constraints_mining: false
perform_constraints_ranking: false
perform_constraints_soundness_evaluation: false
perform_attack: true
perform_projection: true
data:
  name: adult
  params:
    dataset_name: ${data.name}
    data_file_path: ${data.paths.data_file_path}
    metadata_file_path: ${data.paths.metadata_file_path}
    encoding_method: one_hot_encoding
    random_seed: 42
    train_proportion: 0.87
  paths:
    data_dir_path: data/${data.name}/raw-data
    data_file_path: ${data.paths.data_dir_path}/adult.data
    metadata_file_path: ${data.paths.data_dir_path}/adult.metadata.csv
    constraints_dir_path: data/${data.name}/mined-constraints
    raw_dcs_out_path: ${data.paths.constraints_dir_path}/adult-13cols__DC_threshold=0.01__fastadc_dcs.txt
    evaluated_dcs_out_path: ${data.paths.constraints_dir_path}/adult-13cols__DC_threshold=0.01__fastadc_dcs__eval.csv
ml_model:
  model_type: kernel
  model_artifact_path: trained-models/kernel/${data.name}-${ml_model.model_type}.pt
  perform_training: ${perform_training}
  perform_grid_search_hparams: ${perform_training_grid_search_hparams}
  default_hparams:
    kernel: laplacian
    L: 0.5
    reg: 0.001
    version: rfm
    iters: 5
    egop_samples: 20000
    egop_batch_size: 2500
attack:
  attack_name: cafa
  random_init: true
  random_seed: null
  max_iter: 250
  max_iter_tabpgd: 100
  eps: 0.03333333333333333
  step_size: 0.0003333333333333333
  perturb_categorical_each_steps: 10
constraints:
  constrainer_params:
    evaluated_dcs_out_path: ${data.paths.evaluated_dcs_out_path}
    n_dcs: 5000
    n_tuples: 1
    limit_cost_ball: true
    cost_ball_eps: 0.03333333333333333
  projector_params:
    upper_projection_budget_bound: 0.5
  mining_params:
    perform_constraints_mining: ${perform_constraints_mining}
    perform_constraints_ranking: ${perform_constraints_ranking}
    raw_dcs_out_path: ${data.paths.raw_dcs_out_path}
    evaluated_dcs_out_path: ${data.paths.evaluated_dcs_out_path}
    approx_violation_threshold: 0.01
    path_to_fastadc_miner_jar: src/constraints/mining/resources/FastADC-1.0-SNAPSHOT.jar
    n_dcs_to_eval: 10000
    n_tuples_to_eval: 1000
    n_other_tuples_to_eval: 8000

[2026-03-29 02:31:18,404][src.models.kernel][INFO] - Training kernel model: kernel=laplacian, L=0.05, reg=0.01, iters=5, n_train=24079, n_test=4249
[2026-03-29 02:33:54,266][src.models.kernel][INFO] - Round 0 Acc: 49.35
[2026-03-29 02:40:47,549][src.models.kernel][INFO] - Round 1 Acc: 79.95
[2026-03-29 02:44:04,025][src.models.kernel][INFO] - Round 2 Acc: 79.78
[2026-03-29 02:46:38,796][src.models.kernel][INFO] - Round 3 Acc: 79.78
[2026-03-29 02:49:08,037][src.models.kernel][INFO] - Round 4 Acc: 79.78
[2026-03-29 02:54:13,900][src.models.kernel][INFO] - Final Acc: 79.67
[2026-03-29 02:54:14,300][src.models.kernel][INFO] - Saved kernel artifact to outputs/adult-laplacian-rfm.pt
[2026-03-29 02:54:14,301][src.models.kernel][INFO] - kernel=laplacian L=0.05 reg=0.01 => score=79.9482
[2026-03-29 02:54:14,568][src.models.kernel][INFO] - Training kernel model: kernel=laplacian, L=0.05, reg=0.001, iters=5, n_train=24079, n_test=4249
[2026-03-29 02:57:22,061][src.models.kernel][INFO] - Round 0 Acc: 50.88
[2026-03-29 03:04:24,186][src.models.kernel][INFO] - Round 1 Acc: 57.73
[2026-03-29 03:09:59,012][src.models.kernel][INFO] - Round 2 Acc: 80.14
[2026-03-29 03:14:39,941][src.models.kernel][INFO] - Round 3 Acc: 80.02
[2026-03-29 03:22:10,648][src.models.kernel][INFO] - Round 4 Acc: 79.71
[2026-03-29 03:26:34,754][src.models.kernel][INFO] - Final Acc: 79.69
[2026-03-29 03:26:35,226][src.models.kernel][INFO] - Saved kernel artifact to outputs/adult-laplacian-rfm.pt
[2026-03-29 03:26:35,226][src.models.kernel][INFO] - kernel=laplacian L=0.05 reg=0.001 => score=80.1365
[2026-03-29 03:26:35,616][src.models.kernel][INFO] - Training kernel model: kernel=laplacian, L=0.05, reg=0.0001, iters=5, n_train=24079, n_test=4249
[2026-03-29 03:32:17,869][src.models.kernel][INFO] - Round 0 Acc: 50.22
[2026-03-29 03:38:53,093][src.models.kernel][INFO] - Round 1 Acc: 50.86
[2026-03-29 03:48:07,350][src.models.kernel][INFO] - Round 2 Acc: 75.10
[2026-03-29 03:55:08,500][src.models.kernel][INFO] - Round 3 Acc: 78.80
[2026-03-29 04:03:35,166][src.models.kernel][INFO] - Round 4 Acc: 79.31
[2026-03-29 04:09:01,071][src.models.kernel][INFO] - Final Acc: 79.55
[2026-03-29 04:09:01,518][src.models.kernel][INFO] - Saved kernel artifact to outputs/adult-laplacian-rfm.pt
[2026-03-29 04:09:01,518][src.models.kernel][INFO] - kernel=laplacian L=0.05 reg=0.0001 => score=79.5481
[2026-03-29 04:09:01,766][src.models.kernel][INFO] - Training kernel model: kernel=laplacian, L=0.125, reg=0.01, iters=5, n_train=24079, n_test=4249
[2026-03-29 04:12:57,818][src.models.kernel][INFO] - Round 0 Acc: 50.84
[2026-03-29 04:20:00,475][src.models.kernel][INFO] - Round 1 Acc: 79.57
[2026-03-29 04:23:48,209][src.models.kernel][INFO] - Round 2 Acc: 79.52
[2026-03-29 04:24:34,281][src.models.kernel][INFO] - Round 3 Acc: 79.45
[2026-03-29 04:28:25,305][src.models.kernel][INFO] - Round 4 Acc: 79.48
[2026-03-29 04:31:10,934][src.models.kernel][INFO] - Final Acc: 79.45
[2026-03-29 04:31:11,409][src.models.kernel][INFO] - Saved kernel artifact to outputs/adult-laplacian-rfm.pt
[2026-03-29 04:31:11,410][src.models.kernel][INFO] - kernel=laplacian L=0.125 reg=0.01 => score=79.5717
[2026-03-29 04:31:11,959][src.models.kernel][INFO] - Training kernel model: kernel=laplacian, L=0.125, reg=0.001, iters=5, n_train=24079, n_test=4249
[2026-03-29 04:31:47,531][src.models.kernel][INFO] - Round 0 Acc: 51.21
[2026-03-29 04:38:14,211][src.models.kernel][INFO] - Round 1 Acc: 79.78
[2026-03-29 04:38:51,725][src.models.kernel][INFO] - Round 2 Acc: 79.50
[2026-03-29 04:39:43,767][src.models.kernel][INFO] - Round 3 Acc: 79.64
[2026-03-29 04:48:55,656][src.models.kernel][INFO] - Round 4 Acc: 79.67
[2026-03-29 04:53:00,859][src.models.kernel][INFO] - Final Acc: 79.67
[2026-03-29 04:53:01,234][src.models.kernel][INFO] - Saved kernel artifact to outputs/adult-laplacian-rfm.pt
[2026-03-29 04:53:01,234][src.models.kernel][INFO] - kernel=laplacian L=0.125 reg=0.001 => score=79.7835
[2026-03-29 04:53:01,364][src.models.kernel][INFO] - Training kernel model: kernel=laplacian, L=0.125, reg=0.0001, iters=5, n_train=24079, n_test=4249
[2026-03-29 04:53:32,373][src.models.kernel][INFO] - Round 0 Acc: 50.86
[2026-03-29 04:59:55,387][src.models.kernel][INFO] - Round 1 Acc: 45.87
[2026-03-29 05:00:33,782][src.models.kernel][INFO] - Round 2 Acc: 80.30
[2026-03-29 05:07:06,915][src.models.kernel][INFO] - Round 3 Acc: 81.31
[2026-03-29 05:07:42,901][src.models.kernel][INFO] - Round 4 Acc: 81.45
[2026-03-29 05:10:04,055][src.models.kernel][INFO] - Final Acc: 81.60
[2026-03-29 05:10:04,451][src.models.kernel][INFO] - Saved kernel artifact to outputs/adult-laplacian-rfm.pt
[2026-03-29 05:10:04,452][src.models.kernel][INFO] - kernel=laplacian L=0.125 reg=0.0001 => score=81.5957
[2026-03-29 05:10:04,578][src.models.kernel][INFO] - Training kernel model: kernel=laplacian, L=0.25, reg=0.01, iters=5, n_train=24079, n_test=4249
[2026-03-29 05:10:27,788][src.models.kernel][INFO] - Round 0 Acc: 50.65
[2026-03-29 05:11:07,859][src.models.kernel][INFO] - Round 1 Acc: 79.76
[2026-03-29 05:11:36,561][src.models.kernel][INFO] - Round 2 Acc: 79.71
[2026-03-29 05:12:14,802][src.models.kernel][INFO] - Round 3 Acc: 79.41
[2026-03-29 05:12:41,639][src.models.kernel][INFO] - Round 4 Acc: 79.27
[2026-03-29 05:13:18,726][src.models.kernel][INFO] - Final Acc: 79.17
[2026-03-29 05:13:18,978][src.models.kernel][INFO] - Saved kernel artifact to outputs/adult-laplacian-rfm.pt
[2026-03-29 05:13:18,979][src.models.kernel][INFO] - kernel=laplacian L=0.25 reg=0.01 => score=79.7599
[2026-03-29 05:13:19,195][src.models.kernel][INFO] - Training kernel model: kernel=laplacian, L=0.25, reg=0.001, iters=5, n_train=24079, n_test=4249
[2026-03-29 05:13:44,185][src.models.kernel][INFO] - Round 0 Acc: 49.68
[2026-03-29 05:14:19,989][src.models.kernel][INFO] - Round 1 Acc: 79.92
[2026-03-29 05:14:58,463][src.models.kernel][INFO] - Round 2 Acc: 79.81
[2026-03-29 05:15:27,370][src.models.kernel][INFO] - Round 3 Acc: 79.83
[2026-03-29 05:16:05,070][src.models.kernel][INFO] - Round 4 Acc: 79.69
[2026-03-29 05:16:33,405][src.models.kernel][INFO] - Final Acc: 79.60
[2026-03-29 05:16:33,692][src.models.kernel][INFO] - Saved kernel artifact to outputs/adult-laplacian-rfm.pt
[2026-03-29 05:16:33,693][src.models.kernel][INFO] - kernel=laplacian L=0.25 reg=0.001 => score=79.9247
[2026-03-29 05:16:33,920][src.models.kernel][INFO] - Training kernel model: kernel=laplacian, L=0.25, reg=0.0001, iters=5, n_train=24079, n_test=4249
[2026-03-29 05:17:07,925][src.models.kernel][INFO] - Round 0 Acc: 50.74
[2026-03-29 05:17:36,585][src.models.kernel][INFO] - Round 1 Acc: 58.08
[2026-03-29 05:18:15,267][src.models.kernel][INFO] - Round 2 Acc: 79.45
[2026-03-29 05:18:41,664][src.models.kernel][INFO] - Round 3 Acc: 79.36
[2026-03-29 05:19:18,813][src.models.kernel][INFO] - Round 4 Acc: 79.74
[2026-03-29 05:19:51,322][src.models.kernel][INFO] - Final Acc: 79.45
[2026-03-29 05:19:52,030][src.models.kernel][INFO] - Saved kernel artifact to outputs/adult-laplacian-rfm.pt
[2026-03-29 05:19:52,030][src.models.kernel][INFO] - kernel=laplacian L=0.25 reg=0.0001 => score=79.7364
[2026-03-29 05:19:52,590][src.models.kernel][INFO] - Training kernel model: kernel=laplacian, L=0.5, reg=0.01, iters=5, n_train=24079, n_test=4249
[2026-03-29 05:20:18,913][src.models.kernel][INFO] - Round 0 Acc: 51.92
[2026-03-29 05:20:52,005][src.models.kernel][INFO] - Round 1 Acc: 79.69
[2026-03-29 05:21:24,890][src.models.kernel][INFO] - Round 2 Acc: 78.58
[2026-03-29 05:22:03,319][src.models.kernel][INFO] - Round 3 Acc: 78.51
[2026-03-29 05:22:31,789][src.models.kernel][INFO] - Round 4 Acc: 78.58
[2026-03-29 05:23:10,792][src.models.kernel][INFO] - Final Acc: 78.63
[2026-03-29 05:23:11,055][src.models.kernel][INFO] - Saved kernel artifact to outputs/adult-laplacian-rfm.pt
[2026-03-29 05:23:11,056][src.models.kernel][INFO] - kernel=laplacian L=0.5 reg=0.01 => score=79.6893
[2026-03-29 05:23:11,371][src.models.kernel][INFO] - Training kernel model: kernel=laplacian, L=0.5, reg=0.001, iters=5, n_train=24079, n_test=4249
[2026-03-29 05:23:32,799][src.models.kernel][INFO] - Round 0 Acc: 51.73
[2026-03-29 05:24:12,579][src.models.kernel][INFO] - Round 1 Acc: 79.50
[2026-03-29 05:24:38,801][src.models.kernel][INFO] - Round 2 Acc: 79.69
[2026-03-29 05:25:16,349][src.models.kernel][INFO] - Round 3 Acc: 79.60
[2026-03-29 05:25:51,112][src.models.kernel][INFO] - Round 4 Acc: 79.55
[2026-03-29 05:26:23,774][src.models.kernel][INFO] - Final Acc: 79.48
[2026-03-29 05:26:24,063][src.models.kernel][INFO] - Saved kernel artifact to outputs/adult-laplacian-rfm.pt
[2026-03-29 05:26:24,063][src.models.kernel][INFO] - kernel=laplacian L=0.5 reg=0.001 => score=79.6893
[2026-03-29 05:26:24,179][src.models.kernel][INFO] - Training kernel model: kernel=laplacian, L=0.5, reg=0.0001, iters=5, n_train=24079, n_test=4249
[2026-03-29 05:26:57,115][src.models.kernel][INFO] - Round 0 Acc: 51.47
[2026-03-29 05:27:27,076][src.models.kernel][INFO] - Round 1 Acc: 52.51
[2026-03-29 05:28:06,834][src.models.kernel][INFO] - Round 2 Acc: 80.07
[2026-03-29 05:28:35,651][src.models.kernel][INFO] - Round 3 Acc: 79.64
[2026-03-29 05:29:12,803][src.models.kernel][INFO] - Round 4 Acc: 79.41
[2026-03-29 05:29:40,275][src.models.kernel][INFO] - Final Acc: 79.20
[2026-03-29 05:29:40,550][src.models.kernel][INFO] - Saved kernel artifact to outputs/adult-laplacian-rfm.pt
[2026-03-29 05:29:40,550][src.models.kernel][INFO] - kernel=laplacian L=0.5 reg=0.0001 => score=80.0659
[2026-03-29 05:29:40,776][src.models.kernel][INFO] - Training kernel model: kernel=laplacian, L=1.0, reg=0.01, iters=5, n_train=24079, n_test=4249
[2026-03-29 05:30:13,345][src.models.kernel][INFO] - Round 0 Acc: 52.34
[2026-03-29 05:30:39,322][src.models.kernel][INFO] - Round 1 Acc: 79.74
[2026-03-29 05:31:17,337][src.models.kernel][INFO] - Round 2 Acc: 77.76
[2026-03-29 05:31:50,625][src.models.kernel][INFO] - Round 3 Acc: 76.63
[2026-03-29 05:32:23,685][src.models.kernel][INFO] - Round 4 Acc: 76.58
[2026-03-29 05:33:01,979][src.models.kernel][INFO] - Final Acc: 76.79
[2026-03-29 05:33:02,336][src.models.kernel][INFO] - Saved kernel artifact to outputs/adult-laplacian-rfm.pt
[2026-03-29 05:33:02,336][src.models.kernel][INFO] - kernel=laplacian L=1 reg=0.01 => score=79.7364
[2026-03-29 05:33:02,457][src.models.kernel][INFO] - Training kernel model: kernel=laplacian, L=1.0, reg=0.001, iters=5, n_train=24079, n_test=4249
[2026-03-29 05:33:24,180][src.models.kernel][INFO] - Round 0 Acc: 51.00
[2026-03-29 05:34:01,884][src.models.kernel][INFO] - Round 1 Acc: 79.52
[2026-03-29 05:34:31,496][src.models.kernel][INFO] - Round 2 Acc: 79.52
[2026-03-29 05:35:10,181][src.models.kernel][INFO] - Round 3 Acc: 79.52
[2026-03-29 05:35:38,513][src.models.kernel][INFO] - Round 4 Acc: 79.55
[2026-03-29 05:36:15,692][src.models.kernel][INFO] - Final Acc: 79.55
[2026-03-29 05:36:15,936][src.models.kernel][INFO] - Saved kernel artifact to outputs/adult-laplacian-rfm.pt
[2026-03-29 05:36:15,936][src.models.kernel][INFO] - kernel=laplacian L=1 reg=0.001 => score=79.5481
[2026-03-29 05:36:16,152][src.models.kernel][INFO] - Training kernel model: kernel=laplacian, L=1.0, reg=0.0001, iters=5, n_train=24079, n_test=4249
[2026-03-29 05:36:35,996][src.models.kernel][INFO] - Round 0 Acc: 49.75
[2026-03-29 05:37:12,799][src.models.kernel][INFO] - Round 1 Acc: 79.81
[2026-03-29 05:37:42,397][src.models.kernel][INFO] - Round 2 Acc: 79.48
[2026-03-29 05:38:17,764][src.models.kernel][INFO] - Round 3 Acc: 79.45
[2026-03-29 05:38:53,394][src.models.kernel][INFO] - Round 4 Acc: 79.38
[2026-03-29 05:39:23,270][src.models.kernel][INFO] - Final Acc: 79.31
[2026-03-29 05:39:23,576][src.models.kernel][INFO] - Saved kernel artifact to outputs/adult-laplacian-rfm.pt
[2026-03-29 05:39:23,576][src.models.kernel][INFO] - kernel=laplacian L=1 reg=0.0001 => score=79.8070
[2026-03-29 05:39:23,692][src.models.kernel][INFO] - Training kernel model: kernel=laplacian, L=2.0, reg=0.01, iters=5, n_train=24079, n_test=4249
[2026-03-29 05:39:55,122][src.models.kernel][INFO] - Round 0 Acc: 59.92
[2026-03-29 05:40:24,784][src.models.kernel][INFO] - Round 1 Acc: 76.58
[2026-03-29 05:41:02,174][src.models.kernel][INFO] - Round 2 Acc: 76.58
[2026-03-29 05:41:30,742][src.models.kernel][INFO] - Round 3 Acc: 76.58
[2026-03-29 05:42:08,087][src.models.kernel][INFO] - Round 4 Acc: 76.58
[2026-03-29 05:42:38,513][src.models.kernel][INFO] - Final Acc: 76.58
[2026-03-29 05:42:38,937][src.models.kernel][INFO] - Saved kernel artifact to outputs/adult-laplacian-rfm.pt
[2026-03-29 05:42:38,938][src.models.kernel][INFO] - kernel=laplacian L=2.0 reg=0.01 => score=76.5827
[2026-03-29 05:42:39,340][src.models.kernel][INFO] - Training kernel model: kernel=laplacian, L=2.0, reg=0.001, iters=5, n_train=24079, n_test=4249
[2026-03-29 05:43:04,764][src.models.kernel][INFO] - Round 0 Acc: 52.88
[2026-03-29 05:43:31,426][src.models.kernel][INFO] - Round 1 Acc: 79.83
[2026-03-29 05:44:08,967][src.models.kernel][INFO] - Round 2 Acc: 79.90
[2026-03-29 05:44:42,235][src.models.kernel][INFO] - Round 3 Acc: 79.81
[2026-03-29 05:45:14,982][src.models.kernel][INFO] - Round 4 Acc: 79.71
[2026-03-29 05:45:52,599][src.models.kernel][INFO] - Final Acc: 79.60
[2026-03-29 05:45:52,872][src.models.kernel][INFO] - Saved kernel artifact to outputs/adult-laplacian-rfm.pt
[2026-03-29 05:45:52,872][src.models.kernel][INFO] - kernel=laplacian L=2.0 reg=0.001 => score=79.9012
[2026-03-29 05:45:52,989][src.models.kernel][INFO] - Training kernel model: kernel=laplacian, L=2.0, reg=0.0001, iters=5, n_train=24079, n_test=4249
[2026-03-29 05:46:13,935][src.models.kernel][INFO] - Round 0 Acc: 49.89
[2026-03-29 05:46:53,237][src.models.kernel][INFO] - Round 1 Acc: 79.64
[2026-03-29 05:47:21,478][src.models.kernel][INFO] - Round 2 Acc: 79.52
[2026-03-29 05:47:58,353][src.models.kernel][INFO] - Round 3 Acc: 79.50
[2026-03-29 05:48:24,438][src.models.kernel][INFO] - Round 4 Acc: 79.57
[2026-03-29 05:49:01,893][src.models.kernel][INFO] - Final Acc: 79.50
[2026-03-29 05:49:02,149][src.models.kernel][INFO] - Saved kernel artifact to outputs/adult-laplacian-rfm.pt
[2026-03-29 05:49:02,149][src.models.kernel][INFO] - kernel=laplacian L=2.0 reg=0.0001 => score=79.6423
[2026-03-29 05:49:02,374][src.models.kernel][INFO] - Training kernel model: kernel=laplacian, L=4.0, reg=0.01, iters=5, n_train=24079, n_test=4249
[2026-03-29 05:49:23,750][src.models.kernel][INFO] - Round 0 Acc: 64.09
[2026-03-29 05:50:00,261][src.models.kernel][INFO] - Round 1 Acc: 76.58
[2026-03-29 05:50:31,531][src.models.kernel][INFO] - Round 2 Acc: 76.58
[2026-03-29 05:51:05,404][src.models.kernel][INFO] - Round 3 Acc: 76.58
[2026-03-29 05:51:42,754][src.models.kernel][INFO] - Round 4 Acc: 76.58
[2026-03-29 05:52:11,308][src.models.kernel][INFO] - Final Acc: 76.58
[2026-03-29 05:52:11,617][src.models.kernel][INFO] - Saved kernel artifact to outputs/adult-laplacian-rfm.pt
[2026-03-29 05:52:11,617][src.models.kernel][INFO] - kernel=laplacian L=4.0 reg=0.01 => score=76.5827
[2026-03-29 05:52:11,733][src.models.kernel][INFO] - Training kernel model: kernel=laplacian, L=4.0, reg=0.001, iters=5, n_train=24079, n_test=4249
[2026-03-29 05:52:44,911][src.models.kernel][INFO] - Round 0 Acc: 51.09
[2026-03-29 05:53:13,247][src.models.kernel][INFO] - Round 1 Acc: 79.74
[2026-03-29 05:53:50,064][src.models.kernel][INFO] - Round 2 Acc: 79.81
[2026-03-29 05:54:16,027][src.models.kernel][INFO] - Round 3 Acc: 78.54
[2026-03-29 05:54:53,237][src.models.kernel][INFO] - Round 4 Acc: 77.50
[2026-03-29 05:55:22,203][src.models.kernel][INFO] - Final Acc: 77.10
[2026-03-29 05:55:22,583][src.models.kernel][INFO] - Saved kernel artifact to outputs/adult-laplacian-rfm.pt
[2026-03-29 05:55:22,584][src.models.kernel][INFO] - kernel=laplacian L=4.0 reg=0.001 => score=79.8070
[2026-03-29 05:55:23,052][src.models.kernel][INFO] - Training kernel model: kernel=laplacian, L=4.0, reg=0.0001, iters=5, n_train=24079, n_test=4249
[2026-03-29 05:55:48,871][src.models.kernel][INFO] - Round 0 Acc: 49.78
[2026-03-29 05:56:16,012][src.models.kernel][INFO] - Round 1 Acc: 79.85
[2026-03-29 05:56:53,630][src.models.kernel][INFO] - Round 2 Acc: 79.29
[2026-03-29 05:57:24,484][src.models.kernel][INFO] - Round 3 Acc: 79.62
[2026-03-29 05:57:58,434][src.models.kernel][INFO] - Round 4 Acc: 79.76
[2026-03-29 05:58:36,059][src.models.kernel][INFO] - Final Acc: 79.76
[2026-03-29 05:58:36,439][src.models.kernel][INFO] - Saved kernel artifact to outputs/adult-laplacian-rfm.pt
[2026-03-29 05:58:36,440][src.models.kernel][INFO] - kernel=laplacian L=4.0 reg=0.0001 => score=79.8541
[2026-03-29 05:58:36,571][src.models.kernel][INFO] - Training kernel model: kernel=laplacian, L=6.0, reg=0.01, iters=5, n_train=24079, n_test=4249
[2026-03-29 05:58:58,193][src.models.kernel][INFO] - Round 0 Acc: 67.52
[2026-03-29 05:59:35,522][src.models.kernel][INFO] - Round 1 Acc: 76.58
[2026-03-29 06:00:02,014][src.models.kernel][INFO] - Round 2 Acc: 76.58
[2026-03-29 06:00:38,241][src.models.kernel][INFO] - Round 3 Acc: 76.58
[2026-03-29 06:01:08,109][src.models.kernel][INFO] - Round 4 Acc: 76.58
[2026-03-29 06:01:43,738][src.models.kernel][INFO] - Final Acc: 76.58
[2026-03-29 06:01:44,016][src.models.kernel][INFO] - Saved kernel artifact to outputs/adult-laplacian-rfm.pt
[2026-03-29 06:01:44,016][src.models.kernel][INFO] - kernel=laplacian L=6.0 reg=0.01 => score=76.5827
[2026-03-29 06:01:44,243][src.models.kernel][INFO] - Training kernel model: kernel=laplacian, L=6.0, reg=0.001, iters=5, n_train=24079, n_test=4249
[2026-03-29 06:02:13,024][src.models.kernel][INFO] - Round 0 Acc: 51.99
[2026-03-29 06:02:45,229][src.models.kernel][INFO] - Round 1 Acc: 79.67
[2026-03-29 06:03:22,900][src.models.kernel][INFO] - Round 2 Acc: 79.48
[2026-03-29 06:03:51,521][src.models.kernel][INFO] - Round 3 Acc: 79.38
[2026-03-29 06:04:27,834][src.models.kernel][INFO] - Round 4 Acc: 79.17
[2026-03-29 06:04:56,427][src.models.kernel][INFO] - Final Acc: 78.82
[2026-03-29 06:04:56,726][src.models.kernel][INFO] - Saved kernel artifact to outputs/adult-laplacian-rfm.pt
[2026-03-29 06:04:56,726][src.models.kernel][INFO] - kernel=laplacian L=6.0 reg=0.001 => score=79.6658
[2026-03-29 06:04:56,843][src.models.kernel][INFO] - Training kernel model: kernel=laplacian, L=6.0, reg=0.0001, iters=5, n_train=24079, n_test=4249
[2026-03-29 06:05:30,617][src.models.kernel][INFO] - Round 0 Acc: 51.52
[2026-03-29 06:05:56,280][src.models.kernel][INFO] - Round 1 Acc: 79.76
[2026-03-29 06:06:34,545][src.models.kernel][INFO] - Round 2 Acc: 79.69
[2026-03-29 06:07:09,309][src.models.kernel][INFO] - Round 3 Acc: 79.55
[2026-03-29 06:07:40,606][src.models.kernel][INFO] - Round 4 Acc: 79.69
[2026-03-29 06:08:18,592][src.models.kernel][INFO] - Final Acc: 79.83
[2026-03-29 06:08:18,871][src.models.kernel][INFO] - Saved kernel artifact to outputs/adult-laplacian-rfm.pt
[2026-03-29 06:08:18,871][src.models.kernel][INFO] - kernel=laplacian L=6.0 reg=0.0001 => score=79.8305
[2026-03-29 06:08:18,871][src.models.kernel][INFO] - Best kernel hyperparameters: {'kernel': 'laplacian', 'L': 0.125, 'reg': 0.0001, 'version': 'rfm', 'iters': 5}
[2026-03-29 06:08:19,096][src.models.kernel][INFO] - Training kernel model: kernel=laplacian, L=0.125, reg=0.0001, iters=5, n_train=24079, n_test=4249
[2026-03-29 06:08:41,314][src.models.kernel][INFO] - Round 0 Acc: 50.86
[2026-03-29 06:09:17,848][src.models.kernel][INFO] - Round 1 Acc: 70.32
[2026-03-29 06:09:46,831][src.models.kernel][INFO] - Round 2 Acc: 81.20
[2026-03-29 06:10:23,850][src.models.kernel][INFO] - Round 3 Acc: 81.53
[2026-03-29 06:10:52,510][src.models.kernel][INFO] - Round 4 Acc: 81.34
[2026-03-29 06:11:28,552][src.models.kernel][INFO] - Final Acc: 81.43
[2026-03-29 06:11:28,791][src.models.kernel][INFO] - Saved kernel artifact to trained-models/kernel/adult-laplacian-rfm.pt
[2026-03-29 06:11:28,792][src.models.utils][INFO] - Loading model from trained-models/kernel/adult-laplacian-rfm.pt
[2026-03-29 06:11:28,841][art.estimators.classification.pytorch][INFO] - Inferred 0 hidden layers on PyTorch classifier.
[2026-03-29 06:11:29,025][__main__][INFO] - Initializing constraint set and projector for the attack.
[2026-03-29 06:13:33,672][__main__][INFO] - before-attack: {'is_misclassified_rate': 0.192, 'is_comp_rate': 0.712, 'is_mis_and_comp_rate': 0.13733333333333334, 'l0_costs_mean': 0.0, 'l0_costs_on_mis_mean': 0.0, 'l0_costs_on_mis_and_comp_mean': 0.0, 'stand_linf_costs_mean': 0.0, 'stand_linf_costs_on_mis_mean': 0.0, 'stand_linfcosts_costs_on_mis_and_comp_mean': 0.0}
[2026-03-29 06:13:33,672][__main__][INFO] - Executing CaFA attack.
[2026-03-29 06:31:11,028][__main__][INFO] - after-cafa: {'is_misclassified_rate': 0.9993333333333333, 'is_comp_rate': 0.36, 'is_mis_and_comp_rate': 0.36, 'l0_costs_mean': 2.1866666666666665, 'l0_costs_on_mis_mean': 2.18812541694463, 'l0_costs_on_mis_and_comp_mean': 2.085185185185185, 'stand_linf_costs_mean': 0.02353973316957431, 'stand_linf_costs_on_mis_mean': 0.023555436794103712, 'stand_linfcosts_costs_on_mis_and_comp_mean': 0.024610599005004202}
[2026-03-29 06:31:11,029][__main__][INFO] - Executing projection of the crafted samples onto the constrained space.
[2026-03-29 06:59:36,846][__main__][INFO] - after-projection: {'is_misclassified_rate': 0.708, 'is_comp_rate': 0.724, 'is_mis_and_comp_rate': 0.432, 'l0_costs_mean': 3.2493333333333334, 'l0_costs_on_mis_mean': 2.5273069679849343, 'l0_costs_on_mis_and_comp_mean': 2.6651234567901234, 'stand_linf_costs_mean': 0.027776098083794318, 'stand_linf_costs_on_mis_mean': 0.025804037899850175, 'stand_linfcosts_costs_on_mis_and_comp_mean': 0.02765559984160777}
[2026-03-29 06:59:36,847][__main__][INFO] - Evaluations: {'before-attack': {'is_misclassified_rate': 0.192, 'is_comp_rate': 0.712, 'is_mis_and_comp_rate': 0.13733333333333334, 'l0_costs_mean': 0.0, 'l0_costs_on_mis_mean': 0.0, 'l0_costs_on_mis_and_comp_mean': 0.0, 'stand_linf_costs_mean': 0.0, 'stand_linf_costs_on_mis_mean': 0.0, 'stand_linfcosts_costs_on_mis_and_comp_mean': 0.0}, 'after-cafa': {'is_misclassified_rate': 0.9993333333333333, 'is_comp_rate': 0.36, 'is_mis_and_comp_rate': 0.36, 'l0_costs_mean': 2.1866666666666665, 'l0_costs_on_mis_mean': 2.18812541694463, 'l0_costs_on_mis_and_comp_mean': 2.085185185185185, 'stand_linf_costs_mean': 0.02353973316957431, 'stand_linf_costs_on_mis_mean': 0.023555436794103712, 'stand_linfcosts_costs_on_mis_and_comp_mean': 0.024610599005004202}, 'after-cafa-projection': {'is_misclassified_rate': 0.708, 'is_comp_rate': 0.724, 'is_mis_and_comp_rate': 0.432, 'l0_costs_mean': 3.2493333333333334, 'l0_costs_on_mis_mean': 2.5273069679849343, 'l0_costs_on_mis_and_comp_mean': 2.6651234567901234, 'stand_linf_costs_mean': 0.027776098083794318, 'stand_linf_costs_on_mis_mean': 0.025804037899850175, 'stand_linfcosts_costs_on_mis_and_comp_mean': 0.02765559984160777}}
[2026-03-29 06:59:36,847][__main__][INFO] - Finished run. results saved in /users/student/rs/rahulky/robust-rfms/attack_tab/outputs/2026-03-29/02-31-16
