[2026-03-29 01:56:46,440][__main__][INFO] - Used config: n_samples_to_attack: 1500
data_split_to_attack: test
save_attack_artifacts: true
perform_training: true
perform_training_grid_search_hparams: true
perform_constraints_mining: false
perform_constraints_ranking: false
perform_constraints_soundness_evaluation: false
perform_attack: true
perform_projection: true
data:
  name: phishing
  params:
    dataset_name: ${data.name}
    data_file_path: ${data.paths.data_file_path}
    metadata_file_path: ${data.paths.metadata_file_path}
    encoding_method: one_hot_encoding
    random_seed: 42
    train_proportion: 0.87
  paths:
    data_dir_path: data/${data.name}/raw-data
    data_file_path: ${data.paths.data_dir_path}/Phishing_Legitimate_full.arff
    metadata_file_path: ${data.paths.data_dir_path}/phishing.metadata.csv
    constraints_dir_path: data/${data.name}/mined-constraints
    raw_dcs_out_path: ${data.paths.constraints_dir_path}/phishing-10cols__DC_threshold=0.01__fastadc_dcs.txt
    evaluated_dcs_out_path: ${data.paths.constraints_dir_path}/phishing-10cols__DC_threshold=0.01__fastadc_dcs__eval.csv
ml_model:
  model_type: kernel
  model_artifact_path: trained-models/kernel/${data.name}-${ml_model.model_type}.pt
  perform_training: ${perform_training}
  perform_grid_search_hparams: ${perform_training_grid_search_hparams}
  default_hparams:
    kernel: laplacian
    L: 0.5
    reg: 0.001
    version: kernel
    iters: 0
    egop_samples: 20000
    egop_batch_size: 2500
attack:
  attack_name: cafa
  random_init: true
  random_seed: null
  max_iter: 250
  max_iter_tabpgd: 100
  eps: 0.03333333333333333
  step_size: 0.0003333333333333333
  perturb_categorical_each_steps: 10
constraints:
  constrainer_params:
    evaluated_dcs_out_path: ${data.paths.evaluated_dcs_out_path}
    n_dcs: 5000
    n_tuples: 1
    limit_cost_ball: true
    cost_ball_eps: 0.03333333333333333
  projector_params:
    upper_projection_budget_bound: 0.5
  mining_params:
    perform_constraints_mining: ${perform_constraints_mining}
    perform_constraints_ranking: ${perform_constraints_ranking}
    raw_dcs_out_path: ${data.paths.raw_dcs_out_path}
    evaluated_dcs_out_path: ${data.paths.evaluated_dcs_out_path}
    approx_violation_threshold: 0.01
    path_to_fastadc_miner_jar: src/constraints/mining/resources/FastADC-1.0-SNAPSHOT.jar
    n_dcs_to_eval: 10000
    n_tuples_to_eval: 1000
    n_other_tuples_to_eval: 8000

[2026-03-29 01:56:47,009][src.models.kernel][INFO] - Training kernel model: kernel=gaussian, L=0.05, reg=0.01, iters=0, n_train=7395, n_test=1305
[2026-03-29 02:00:52,480][src.models.kernel][INFO] - Final Acc: 81.23
[2026-03-29 02:00:52,545][src.models.kernel][INFO] - Saved kernel artifact to outputs/phishing-gaussian-kernel.pt
[2026-03-29 02:00:52,545][src.models.kernel][INFO] - kernel=gaussian L=0.05 reg=0.01 => score=81.2261
[2026-03-29 02:00:52,638][src.models.kernel][INFO] - Training kernel model: kernel=gaussian, L=0.05, reg=0.001, iters=0, n_train=7395, n_test=1305
[2026-03-29 02:05:49,787][src.models.kernel][INFO] - Final Acc: 56.63
[2026-03-29 02:05:49,863][src.models.kernel][INFO] - Saved kernel artifact to outputs/phishing-gaussian-kernel.pt
[2026-03-29 02:05:49,866][src.models.kernel][INFO] - kernel=gaussian L=0.05 reg=0.001 => score=56.6284
[2026-03-29 02:05:49,952][src.models.kernel][INFO] - Training kernel model: kernel=gaussian, L=0.05, reg=0.0001, iters=0, n_train=7395, n_test=1305
[2026-03-29 02:10:46,253][src.models.kernel][INFO] - Final Acc: 51.65
[2026-03-29 02:10:46,296][src.models.kernel][INFO] - Saved kernel artifact to outputs/phishing-gaussian-kernel.pt
[2026-03-29 02:10:46,296][src.models.kernel][INFO] - kernel=gaussian L=0.05 reg=0.0001 => score=51.6475
[2026-03-29 02:10:46,521][src.models.kernel][INFO] - Training kernel model: kernel=gaussian, L=0.125, reg=0.01, iters=0, n_train=7395, n_test=1305
[2026-03-29 02:11:25,307][src.models.kernel][INFO] - Final Acc: 91.80
[2026-03-29 02:11:25,342][src.models.kernel][INFO] - Saved kernel artifact to outputs/phishing-gaussian-kernel.pt
[2026-03-29 02:11:25,342][src.models.kernel][INFO] - kernel=gaussian L=0.125 reg=0.01 => score=91.8008
[2026-03-29 02:11:25,393][src.models.kernel][INFO] - Training kernel model: kernel=gaussian, L=0.125, reg=0.001, iters=0, n_train=7395, n_test=1305
[2026-03-29 02:11:27,997][src.models.kernel][INFO] - Final Acc: 72.49
[2026-03-29 02:11:28,023][src.models.kernel][INFO] - Saved kernel artifact to outputs/phishing-gaussian-kernel.pt
[2026-03-29 02:11:28,023][src.models.kernel][INFO] - kernel=gaussian L=0.125 reg=0.001 => score=72.4904
[2026-03-29 02:11:28,067][src.models.kernel][INFO] - Training kernel model: kernel=gaussian, L=0.125, reg=0.0001, iters=0, n_train=7395, n_test=1305
[2026-03-29 02:11:29,980][src.models.kernel][INFO] - Final Acc: 54.41
[2026-03-29 02:11:30,012][src.models.kernel][INFO] - Saved kernel artifact to outputs/phishing-gaussian-kernel.pt
[2026-03-29 02:11:30,012][src.models.kernel][INFO] - kernel=gaussian L=0.125 reg=0.0001 => score=54.4061
[2026-03-29 02:11:30,070][src.models.kernel][INFO] - Training kernel model: kernel=gaussian, L=0.25, reg=0.01, iters=0, n_train=7395, n_test=1305
[2026-03-29 02:11:31,882][src.models.kernel][INFO] - Final Acc: 91.34
[2026-03-29 02:11:31,907][src.models.kernel][INFO] - Saved kernel artifact to outputs/phishing-gaussian-kernel.pt
[2026-03-29 02:11:31,907][src.models.kernel][INFO] - kernel=gaussian L=0.25 reg=0.01 => score=91.3410
[2026-03-29 02:11:31,950][src.models.kernel][INFO] - Training kernel model: kernel=gaussian, L=0.25, reg=0.001, iters=0, n_train=7395, n_test=1305
[2026-03-29 02:11:33,687][src.models.kernel][INFO] - Final Acc: 91.26
[2026-03-29 02:11:33,711][src.models.kernel][INFO] - Saved kernel artifact to outputs/phishing-gaussian-kernel.pt
[2026-03-29 02:11:33,711][src.models.kernel][INFO] - kernel=gaussian L=0.25 reg=0.001 => score=91.2644
[2026-03-29 02:11:33,770][src.models.kernel][INFO] - Training kernel model: kernel=gaussian, L=0.25, reg=0.0001, iters=0, n_train=7395, n_test=1305
[2026-03-29 02:11:35,630][src.models.kernel][INFO] - Final Acc: 47.74
[2026-03-29 02:11:35,661][src.models.kernel][INFO] - Saved kernel artifact to outputs/phishing-gaussian-kernel.pt
[2026-03-29 02:11:35,661][src.models.kernel][INFO] - kernel=gaussian L=0.25 reg=0.0001 => score=47.7395
[2026-03-29 02:11:35,705][src.models.kernel][INFO] - Training kernel model: kernel=gaussian, L=0.5, reg=0.01, iters=0, n_train=7395, n_test=1305
[2026-03-29 02:11:37,556][src.models.kernel][INFO] - Final Acc: 91.19
[2026-03-29 02:11:37,586][src.models.kernel][INFO] - Saved kernel artifact to outputs/phishing-gaussian-kernel.pt
[2026-03-29 02:11:37,586][src.models.kernel][INFO] - kernel=gaussian L=0.5 reg=0.01 => score=91.1877
[2026-03-29 02:11:37,644][src.models.kernel][INFO] - Training kernel model: kernel=gaussian, L=0.5, reg=0.001, iters=0, n_train=7395, n_test=1305
[2026-03-29 02:15:12,941][src.models.kernel][INFO] - Final Acc: 91.26
[2026-03-29 02:15:13,027][src.models.kernel][INFO] - Saved kernel artifact to outputs/phishing-gaussian-kernel.pt
[2026-03-29 02:15:13,027][src.models.kernel][INFO] - kernel=gaussian L=0.5 reg=0.001 => score=91.2644
[2026-03-29 02:15:13,114][src.models.kernel][INFO] - Training kernel model: kernel=gaussian, L=0.5, reg=0.0001, iters=0, n_train=7395, n_test=1305
[2026-03-29 02:18:54,687][src.models.kernel][INFO] - Final Acc: 54.10
[2026-03-29 02:18:54,768][src.models.kernel][INFO] - Saved kernel artifact to outputs/phishing-gaussian-kernel.pt
[2026-03-29 02:18:54,768][src.models.kernel][INFO] - kernel=gaussian L=0.5 reg=0.0001 => score=54.0996
[2026-03-29 02:18:55,046][src.models.kernel][INFO] - Training kernel model: kernel=gaussian, L=1.0, reg=0.01, iters=0, n_train=7395, n_test=1305
[2026-03-29 02:21:34,456][src.models.kernel][INFO] - Final Acc: 90.19
[2026-03-29 02:21:34,563][src.models.kernel][INFO] - Saved kernel artifact to outputs/phishing-gaussian-kernel.pt
[2026-03-29 02:21:34,563][src.models.kernel][INFO] - kernel=gaussian L=1 reg=0.01 => score=90.1916
[2026-03-29 02:21:34,626][src.models.kernel][INFO] - Training kernel model: kernel=gaussian, L=1.0, reg=0.001, iters=0, n_train=7395, n_test=1305
[2026-03-29 02:26:00,060][src.models.kernel][INFO] - Final Acc: 90.88
[2026-03-29 02:26:00,186][src.models.kernel][INFO] - Saved kernel artifact to outputs/phishing-gaussian-kernel.pt
[2026-03-29 02:26:00,190][src.models.kernel][INFO] - kernel=gaussian L=1 reg=0.001 => score=90.8812
[2026-03-29 02:26:00,287][src.models.kernel][INFO] - Training kernel model: kernel=gaussian, L=1.0, reg=0.0001, iters=0, n_train=7395, n_test=1305
[2026-03-29 02:29:24,279][src.models.kernel][INFO] - Final Acc: 91.11
[2026-03-29 02:29:24,316][src.models.kernel][INFO] - Saved kernel artifact to outputs/phishing-gaussian-kernel.pt
[2026-03-29 02:29:24,382][src.models.kernel][INFO] - kernel=gaussian L=1 reg=0.0001 => score=91.1111
[2026-03-29 02:29:24,448][src.models.kernel][INFO] - Training kernel model: kernel=gaussian, L=2.0, reg=0.01, iters=0, n_train=7395, n_test=1305
[2026-03-29 02:31:34,457][src.models.kernel][INFO] - Final Acc: 89.96
[2026-03-29 02:31:34,565][src.models.kernel][INFO] - Saved kernel artifact to outputs/phishing-gaussian-kernel.pt
[2026-03-29 02:31:34,566][src.models.kernel][INFO] - kernel=gaussian L=2.0 reg=0.01 => score=89.9617
[2026-03-29 02:31:34,672][src.models.kernel][INFO] - Training kernel model: kernel=gaussian, L=2.0, reg=0.001, iters=0, n_train=7395, n_test=1305
[2026-03-29 02:33:47,690][src.models.kernel][INFO] - Final Acc: 90.42
[2026-03-29 02:33:47,772][src.models.kernel][INFO] - Saved kernel artifact to outputs/phishing-gaussian-kernel.pt
[2026-03-29 02:33:47,773][src.models.kernel][INFO] - kernel=gaussian L=2.0 reg=0.001 => score=90.4215
[2026-03-29 02:33:47,888][src.models.kernel][INFO] - Training kernel model: kernel=gaussian, L=2.0, reg=0.0001, iters=0, n_train=7395, n_test=1305
[2026-03-29 02:35:26,479][src.models.kernel][INFO] - Final Acc: 90.88
[2026-03-29 02:35:26,539][src.models.kernel][INFO] - Saved kernel artifact to outputs/phishing-gaussian-kernel.pt
[2026-03-29 02:35:26,539][src.models.kernel][INFO] - kernel=gaussian L=2.0 reg=0.0001 => score=90.8812
[2026-03-29 02:35:26,606][src.models.kernel][INFO] - Training kernel model: kernel=gaussian, L=4.0, reg=0.01, iters=0, n_train=7395, n_test=1305
[2026-03-29 02:37:51,126][src.models.kernel][INFO] - Final Acc: 89.35
[2026-03-29 02:37:51,164][src.models.kernel][INFO] - Saved kernel artifact to outputs/phishing-gaussian-kernel.pt
[2026-03-29 02:37:51,165][src.models.kernel][INFO] - kernel=gaussian L=4.0 reg=0.01 => score=89.3487
[2026-03-29 02:37:51,235][src.models.kernel][INFO] - Training kernel model: kernel=gaussian, L=4.0, reg=0.001, iters=0, n_train=7395, n_test=1305
[2026-03-29 02:39:02,074][src.models.kernel][INFO] - Final Acc: 90.19
[2026-03-29 02:39:02,211][src.models.kernel][INFO] - Saved kernel artifact to outputs/phishing-gaussian-kernel.pt
[2026-03-29 02:39:02,215][src.models.kernel][INFO] - kernel=gaussian L=4.0 reg=0.001 => score=90.1916
[2026-03-29 02:39:02,303][src.models.kernel][INFO] - Training kernel model: kernel=gaussian, L=4.0, reg=0.0001, iters=0, n_train=7395, n_test=1305
[2026-03-29 02:42:53,131][src.models.kernel][INFO] - Final Acc: 90.73
[2026-03-29 02:42:53,259][src.models.kernel][INFO] - Saved kernel artifact to outputs/phishing-gaussian-kernel.pt
[2026-03-29 02:42:53,259][src.models.kernel][INFO] - kernel=gaussian L=4.0 reg=0.0001 => score=90.7280
[2026-03-29 02:42:53,495][src.models.kernel][INFO] - Training kernel model: kernel=gaussian, L=6.0, reg=0.01, iters=0, n_train=7395, n_test=1305
[2026-03-29 02:45:06,223][src.models.kernel][INFO] - Final Acc: 88.74
[2026-03-29 02:45:06,290][src.models.kernel][INFO] - Saved kernel artifact to outputs/phishing-gaussian-kernel.pt
[2026-03-29 02:45:06,321][src.models.kernel][INFO] - kernel=gaussian L=6.0 reg=0.01 => score=88.7356
[2026-03-29 02:45:06,422][src.models.kernel][INFO] - Training kernel model: kernel=gaussian, L=6.0, reg=0.001, iters=0, n_train=7395, n_test=1305
[2026-03-29 02:46:41,108][src.models.kernel][INFO] - Final Acc: 90.04
[2026-03-29 02:46:41,219][src.models.kernel][INFO] - Saved kernel artifact to outputs/phishing-gaussian-kernel.pt
[2026-03-29 02:46:41,219][src.models.kernel][INFO] - kernel=gaussian L=6.0 reg=0.001 => score=90.0383
[2026-03-29 02:46:41,318][src.models.kernel][INFO] - Training kernel model: kernel=gaussian, L=6.0, reg=0.0001, iters=0, n_train=7395, n_test=1305
[2026-03-29 02:46:56,997][src.models.kernel][INFO] - Final Acc: 90.65
[2026-03-29 02:46:57,039][src.models.kernel][INFO] - Saved kernel artifact to outputs/phishing-gaussian-kernel.pt
[2026-03-29 02:46:57,040][src.models.kernel][INFO] - kernel=gaussian L=6.0 reg=0.0001 => score=90.6513
[2026-03-29 02:46:57,040][src.models.kernel][INFO] - Best kernel hyperparameters: {'kernel': 'gaussian', 'L': 0.125, 'reg': 0.01, 'version': 'kernel', 'iters': 0}
[2026-03-29 02:46:57,095][src.models.kernel][INFO] - Training kernel model: kernel=gaussian, L=0.125, reg=0.01, iters=0, n_train=7395, n_test=1305
[2026-03-29 02:47:55,109][src.models.kernel][INFO] - Final Acc: 91.80
[2026-03-29 02:47:55,213][src.models.kernel][INFO] - Saved kernel artifact to trained-models/kernel/phishing-gaussian-kernel.pt
[2026-03-29 02:47:55,213][src.models.utils][INFO] - Loading model from trained-models/kernel/phishing-gaussian-kernel.pt
[2026-03-29 02:47:55,376][art.estimators.classification.pytorch][INFO] - Inferred 0 hidden layers on PyTorch classifier.
[2026-03-29 02:47:55,773][__main__][INFO] - Initializing constraint set and projector for the attack.
[2026-03-29 02:48:47,475][__main__][INFO] - before-attack: {'is_misclassified_rate': 0.08076923076923077, 'is_comp_rate': 0.8530769230769231, 'is_mis_and_comp_rate': 0.07076923076923076, 'l0_costs_mean': 0.0, 'l0_costs_on_mis_mean': 0.0, 'l0_costs_on_mis_and_comp_mean': 0.0, 'stand_linf_costs_mean': 0.0, 'stand_linf_costs_on_mis_mean': 0.0, 'stand_linfcosts_costs_on_mis_and_comp_mean': 0.0}
[2026-03-29 02:48:47,475][__main__][INFO] - Executing CaFA attack.
[2026-03-29 02:55:34,461][__main__][INFO] - after-cafa: {'is_misclassified_rate': 0.9938461538461538, 'is_comp_rate': 0.49, 'is_mis_and_comp_rate': 0.4869230769230769, 'l0_costs_mean': 3.9692307692307693, 'l0_costs_on_mis_mean': 3.9938080495356036, 'l0_costs_on_mis_and_comp_mean': 3.5845181674565563, 'stand_linf_costs_mean': 0.024756444533539146, 'stand_linf_costs_on_mis_mean': 0.024909735211765396, 'stand_linfcosts_costs_on_mis_and_comp_mean': 0.024919759690609836}
[2026-03-29 02:55:34,461][__main__][INFO] - Executing projection of the crafted samples onto the constrained space.
[2026-03-29 03:13:21,796][__main__][INFO] - after-projection: {'is_misclassified_rate': 0.7876923076923077, 'is_comp_rate': 0.7423076923076923, 'is_mis_and_comp_rate': 0.5869230769230769, 'l0_costs_mean': 4.190769230769231, 'l0_costs_on_mis_mean': 4.33984375, 'l0_costs_on_mis_and_comp_mean': 4.104849279161206, 'stand_linf_costs_mean': 0.03411332281484818, 'stand_linf_costs_on_mis_mean': 0.030146639479658538, 'stand_linfcosts_costs_on_mis_and_comp_mean': 0.028784990440729106}
[2026-03-29 03:13:21,796][__main__][INFO] - Evaluations: {'before-attack': {'is_misclassified_rate': 0.08076923076923077, 'is_comp_rate': 0.8530769230769231, 'is_mis_and_comp_rate': 0.07076923076923076, 'l0_costs_mean': 0.0, 'l0_costs_on_mis_mean': 0.0, 'l0_costs_on_mis_and_comp_mean': 0.0, 'stand_linf_costs_mean': 0.0, 'stand_linf_costs_on_mis_mean': 0.0, 'stand_linfcosts_costs_on_mis_and_comp_mean': 0.0}, 'after-cafa': {'is_misclassified_rate': 0.9938461538461538, 'is_comp_rate': 0.49, 'is_mis_and_comp_rate': 0.4869230769230769, 'l0_costs_mean': 3.9692307692307693, 'l0_costs_on_mis_mean': 3.9938080495356036, 'l0_costs_on_mis_and_comp_mean': 3.5845181674565563, 'stand_linf_costs_mean': 0.024756444533539146, 'stand_linf_costs_on_mis_mean': 0.024909735211765396, 'stand_linfcosts_costs_on_mis_and_comp_mean': 0.024919759690609836}, 'after-cafa-projection': {'is_misclassified_rate': 0.7876923076923077, 'is_comp_rate': 0.7423076923076923, 'is_mis_and_comp_rate': 0.5869230769230769, 'l0_costs_mean': 4.190769230769231, 'l0_costs_on_mis_mean': 4.33984375, 'l0_costs_on_mis_and_comp_mean': 4.104849279161206, 'stand_linf_costs_mean': 0.03411332281484818, 'stand_linf_costs_on_mis_mean': 0.030146639479658538, 'stand_linfcosts_costs_on_mis_and_comp_mean': 0.028784990440729106}}
[2026-03-29 03:13:21,797][__main__][INFO] - Finished run. results saved in /users/student/rs/rahulky/robust-rfms/attack_tab/outputs/2026-03-29/01-56-46
