[2026-03-29 16:10:03,466][__main__][INFO] - Used config: n_samples_to_attack: 1500
data_split_to_attack: test
save_attack_artifacts: true
perform_training: true
perform_training_grid_search_hparams: true
perform_constraints_mining: false
perform_constraints_ranking: false
perform_constraints_soundness_evaluation: false
perform_attack: true
perform_projection: true
data:
  name: phishing
  params:
    dataset_name: ${data.name}
    data_file_path: ${data.paths.data_file_path}
    metadata_file_path: ${data.paths.metadata_file_path}
    encoding_method: one_hot_encoding
    random_seed: 42
    train_proportion: 0.87
  paths:
    data_dir_path: data/${data.name}/raw-data
    data_file_path: ${data.paths.data_dir_path}/Phishing_Legitimate_full.arff
    metadata_file_path: ${data.paths.data_dir_path}/phishing.metadata.csv
    constraints_dir_path: data/${data.name}/mined-constraints
    raw_dcs_out_path: ${data.paths.constraints_dir_path}/phishing-10cols__DC_threshold=0.01__fastadc_dcs.txt
    evaluated_dcs_out_path: ${data.paths.constraints_dir_path}/phishing-10cols__DC_threshold=0.01__fastadc_dcs__eval.csv
ml_model:
  model_type: kernel
  model_artifact_path: trained-models/kernel/${data.name}-${ml_model.model_type}.pt
  perform_training: ${perform_training}
  perform_grid_search_hparams: ${perform_training_grid_search_hparams}
  default_hparams:
    kernel: laplacian
    L: 0.5
    reg: 0.001
    version: rfm
    iters: 5
    egop_samples: 20000
    egop_batch_size: 2500
attack:
  attack_name: cafa
  random_init: true
  random_seed: null
  max_iter: 250
  max_iter_tabpgd: 100
  eps: 0.03333333333333333
  step_size: 0.0003333333333333333
  perturb_categorical_each_steps: 10
constraints:
  constrainer_params:
    evaluated_dcs_out_path: ${data.paths.evaluated_dcs_out_path}
    n_dcs: 5000
    n_tuples: 1
    limit_cost_ball: true
    cost_ball_eps: 0.03333333333333333
  projector_params:
    upper_projection_budget_bound: 0.5
  mining_params:
    perform_constraints_mining: ${perform_constraints_mining}
    perform_constraints_ranking: ${perform_constraints_ranking}
    raw_dcs_out_path: ${data.paths.raw_dcs_out_path}
    evaluated_dcs_out_path: ${data.paths.evaluated_dcs_out_path}
    approx_violation_threshold: 0.01
    path_to_fastadc_miner_jar: src/constraints/mining/resources/FastADC-1.0-SNAPSHOT.jar
    n_dcs_to_eval: 10000
    n_tuples_to_eval: 1000
    n_other_tuples_to_eval: 8000

[2026-03-29 16:10:04,109][src.models.kernel][INFO] - Training kernel model: kernel=gaussian, L=0.05, reg=0.01, iters=5, n_train=7395, n_test=1305
[2026-03-29 16:10:10,093][src.models.kernel][INFO] - Round 0 Acc: 81.23
[2026-03-29 16:10:15,245][src.models.kernel][INFO] - Round 1 Acc: 93.56
[2026-03-29 16:10:17,894][src.models.kernel][INFO] - Round 2 Acc: 93.79
[2026-03-29 16:10:20,181][src.models.kernel][INFO] - Round 3 Acc: 93.49
[2026-03-29 16:10:22,480][src.models.kernel][INFO] - Round 4 Acc: 93.64
[2026-03-29 16:10:24,798][src.models.kernel][INFO] - Final Acc: 93.64
[2026-03-29 16:10:24,821][src.models.kernel][INFO] - Saved kernel artifact to outputs/phishing-gaussian-rfm.pt
[2026-03-29 16:10:24,821][src.models.kernel][INFO] - kernel=gaussian L=0.05 reg=0.01 => score=93.7931
[2026-03-29 16:10:24,860][src.models.kernel][INFO] - Training kernel model: kernel=gaussian, L=0.05, reg=0.001, iters=5, n_train=7395, n_test=1305
[2026-03-29 16:10:26,770][src.models.kernel][INFO] - Round 0 Acc: 56.63
[2026-03-29 16:11:14,505][src.models.kernel][INFO] - Round 1 Acc: 89.89
[2026-03-29 16:11:24,254][src.models.kernel][INFO] - Round 2 Acc: 94.25
[2026-03-29 16:11:37,013][src.models.kernel][INFO] - Round 3 Acc: 95.33
[2026-03-29 16:11:43,300][src.models.kernel][INFO] - Round 4 Acc: 95.40
[2026-03-29 16:11:45,792][src.models.kernel][INFO] - Final Acc: 95.10
[2026-03-29 16:11:45,821][src.models.kernel][INFO] - Saved kernel artifact to outputs/phishing-gaussian-rfm.pt
[2026-03-29 16:11:45,821][src.models.kernel][INFO] - kernel=gaussian L=0.05 reg=0.001 => score=95.4023
[2026-03-29 16:11:45,879][src.models.kernel][INFO] - Training kernel model: kernel=gaussian, L=0.05, reg=0.0001, iters=5, n_train=7395, n_test=1305
[2026-03-29 16:11:48,082][src.models.kernel][INFO] - Round 0 Acc: 51.65
[2026-03-29 16:11:55,366][src.models.kernel][INFO] - Round 1 Acc: 88.28
[2026-03-29 16:12:03,353][src.models.kernel][INFO] - Round 2 Acc: 89.89
[2026-03-29 16:12:06,053][src.models.kernel][INFO] - Round 3 Acc: 92.26
[2026-03-29 16:12:09,057][src.models.kernel][INFO] - Round 4 Acc: 92.95
[2026-03-29 16:12:12,052][src.models.kernel][INFO] - Final Acc: 94.79
[2026-03-29 16:12:12,091][src.models.kernel][INFO] - Saved kernel artifact to outputs/phishing-gaussian-rfm.pt
[2026-03-29 16:12:12,092][src.models.kernel][INFO] - kernel=gaussian L=0.05 reg=0.0001 => score=94.7893
[2026-03-29 16:12:12,438][src.models.kernel][INFO] - Training kernel model: kernel=gaussian, L=0.125, reg=0.01, iters=5, n_train=7395, n_test=1305
[2026-03-29 16:12:14,240][src.models.kernel][INFO] - Round 0 Acc: 91.80
[2026-03-29 16:12:16,530][src.models.kernel][INFO] - Round 1 Acc: 92.11
[2026-03-29 16:12:18,780][src.models.kernel][INFO] - Round 2 Acc: 91.42
[2026-03-29 16:12:21,085][src.models.kernel][INFO] - Round 3 Acc: 90.57
[2026-03-29 16:16:00,685][src.models.kernel][INFO] - Round 4 Acc: 90.65
[2026-03-29 16:16:05,451][src.models.kernel][INFO] - Final Acc: 90.19
[2026-03-29 16:16:05,509][src.models.kernel][INFO] - Saved kernel artifact to outputs/phishing-gaussian-rfm.pt
[2026-03-29 16:16:05,510][src.models.kernel][INFO] - kernel=gaussian L=0.125 reg=0.01 => score=92.1073
[2026-03-29 16:16:05,565][src.models.kernel][INFO] - Training kernel model: kernel=gaussian, L=0.125, reg=0.001, iters=5, n_train=7395, n_test=1305
[2026-03-29 16:16:08,437][src.models.kernel][INFO] - Round 0 Acc: 72.49
[2026-03-29 16:16:12,698][src.models.kernel][INFO] - Round 1 Acc: 92.72
[2026-03-29 16:16:16,404][src.models.kernel][INFO] - Round 2 Acc: 92.57
[2026-03-29 16:16:19,696][src.models.kernel][INFO] - Round 3 Acc: 92.03
[2026-03-29 16:16:21,964][src.models.kernel][INFO] - Round 4 Acc: 91.95
[2026-03-29 16:16:24,263][src.models.kernel][INFO] - Final Acc: 91.95
[2026-03-29 16:16:24,294][src.models.kernel][INFO] - Saved kernel artifact to outputs/phishing-gaussian-rfm.pt
[2026-03-29 16:16:24,294][src.models.kernel][INFO] - kernel=gaussian L=0.125 reg=0.001 => score=92.7203
[2026-03-29 16:16:24,354][src.models.kernel][INFO] - Training kernel model: kernel=gaussian, L=0.125, reg=0.0001, iters=5, n_train=7395, n_test=1305
[2026-03-29 16:16:26,442][src.models.kernel][INFO] - Round 0 Acc: 54.41
[2026-03-29 16:16:33,317][src.models.kernel][INFO] - Round 1 Acc: 90.80
[2026-03-29 16:16:37,932][src.models.kernel][INFO] - Round 2 Acc: 94.79
[2026-03-29 16:16:40,669][src.models.kernel][INFO] - Round 3 Acc: 94.10
[2026-03-29 16:16:43,625][src.models.kernel][INFO] - Round 4 Acc: 93.87
[2026-03-29 16:16:52,556][src.models.kernel][INFO] - Final Acc: 93.87
[2026-03-29 16:16:52,592][src.models.kernel][INFO] - Saved kernel artifact to outputs/phishing-gaussian-rfm.pt
[2026-03-29 16:16:52,592][src.models.kernel][INFO] - kernel=gaussian L=0.125 reg=0.0001 => score=94.7893
[2026-03-29 16:16:52,658][src.models.kernel][INFO] - Training kernel model: kernel=gaussian, L=0.25, reg=0.01, iters=5, n_train=7395, n_test=1305
[2026-03-29 16:16:59,643][src.models.kernel][INFO] - Round 0 Acc: 91.34
[2026-03-29 16:21:07,423][src.models.kernel][INFO] - Round 1 Acc: 89.66
[2026-03-29 16:21:10,333][src.models.kernel][INFO] - Round 2 Acc: 89.20
[2026-03-29 16:21:14,471][src.models.kernel][INFO] - Round 3 Acc: 88.97
[2026-03-29 16:21:18,813][src.models.kernel][INFO] - Round 4 Acc: 88.97
[2026-03-29 16:21:22,309][src.models.kernel][INFO] - Final Acc: 88.89
[2026-03-29 16:21:22,338][src.models.kernel][INFO] - Saved kernel artifact to outputs/phishing-gaussian-rfm.pt
[2026-03-29 16:21:22,338][src.models.kernel][INFO] - kernel=gaussian L=0.25 reg=0.01 => score=91.3410
[2026-03-29 16:21:22,376][src.models.kernel][INFO] - Training kernel model: kernel=gaussian, L=0.25, reg=0.001, iters=5, n_train=7395, n_test=1305
[2026-03-29 16:21:24,340][src.models.kernel][INFO] - Round 0 Acc: 91.26
[2026-03-29 16:21:26,703][src.models.kernel][INFO] - Round 1 Acc: 91.95
[2026-03-29 16:21:29,019][src.models.kernel][INFO] - Round 2 Acc: 90.80
[2026-03-29 16:21:35,136][src.models.kernel][INFO] - Round 3 Acc: 90.34
[2026-03-29 16:21:42,005][src.models.kernel][INFO] - Round 4 Acc: 90.27
[2026-03-29 16:21:44,654][src.models.kernel][INFO] - Final Acc: 90.19
[2026-03-29 16:21:44,701][src.models.kernel][INFO] - Saved kernel artifact to outputs/phishing-gaussian-rfm.pt
[2026-03-29 16:21:44,702][src.models.kernel][INFO] - kernel=gaussian L=0.25 reg=0.001 => score=91.9540
[2026-03-29 16:21:44,792][src.models.kernel][INFO] - Training kernel model: kernel=gaussian, L=0.25, reg=0.0001, iters=5, n_train=7395, n_test=1305
[2026-03-29 16:21:46,623][src.models.kernel][INFO] - Round 0 Acc: 47.74
[2026-03-29 16:21:55,527][src.models.kernel][INFO] - Round 1 Acc: 93.56
[2026-03-29 16:24:24,130][src.models.kernel][INFO] - Round 2 Acc: 93.79
[2026-03-29 16:24:33,516][src.models.kernel][INFO] - Round 3 Acc: 92.41
[2026-03-29 16:24:36,908][src.models.kernel][INFO] - Round 4 Acc: 92.03
[2026-03-29 16:24:40,947][src.models.kernel][INFO] - Final Acc: 92.18
[2026-03-29 16:24:41,041][src.models.kernel][INFO] - Saved kernel artifact to outputs/phishing-gaussian-rfm.pt
[2026-03-29 16:24:41,041][src.models.kernel][INFO] - kernel=gaussian L=0.25 reg=0.0001 => score=93.7931
[2026-03-29 16:24:41,086][src.models.kernel][INFO] - Training kernel model: kernel=gaussian, L=0.5, reg=0.01, iters=5, n_train=7395, n_test=1305
[2026-03-29 16:24:44,083][src.models.kernel][INFO] - Round 0 Acc: 91.19
[2026-03-29 16:24:47,009][src.models.kernel][INFO] - Round 1 Acc: 91.03
[2026-03-29 16:24:49,417][src.models.kernel][INFO] - Round 2 Acc: 90.19
[2026-03-29 16:24:51,692][src.models.kernel][INFO] - Round 3 Acc: 90.19
[2026-03-29 16:24:54,054][src.models.kernel][INFO] - Round 4 Acc: 90.27
[2026-03-29 16:25:01,382][src.models.kernel][INFO] - Final Acc: 90.19
[2026-03-29 16:25:01,435][src.models.kernel][INFO] - Saved kernel artifact to outputs/phishing-gaussian-rfm.pt
[2026-03-29 16:25:01,435][src.models.kernel][INFO] - kernel=gaussian L=0.5 reg=0.01 => score=91.1877
[2026-03-29 16:25:01,527][src.models.kernel][INFO] - Training kernel model: kernel=gaussian, L=0.5, reg=0.001, iters=5, n_train=7395, n_test=1305
[2026-03-29 16:25:07,852][src.models.kernel][INFO] - Round 0 Acc: 91.26
[2026-03-29 16:25:13,784][src.models.kernel][INFO] - Round 1 Acc: 89.96
[2026-03-29 16:25:25,193][src.models.kernel][INFO] - Round 2 Acc: 88.97
[2026-03-29 16:25:34,984][src.models.kernel][INFO] - Round 3 Acc: 88.81
[2026-03-29 16:25:38,651][src.models.kernel][INFO] - Round 4 Acc: 88.81
[2026-03-29 16:25:47,399][src.models.kernel][INFO] - Final Acc: 89.12
[2026-03-29 16:25:47,460][src.models.kernel][INFO] - Saved kernel artifact to outputs/phishing-gaussian-rfm.pt
[2026-03-29 16:25:47,460][src.models.kernel][INFO] - kernel=gaussian L=0.5 reg=0.001 => score=91.2644
[2026-03-29 16:25:47,563][src.models.kernel][INFO] - Training kernel model: kernel=gaussian, L=0.5, reg=0.0001, iters=5, n_train=7395, n_test=1305
[2026-03-29 16:25:52,007][src.models.kernel][INFO] - Round 0 Acc: 54.10
[2026-03-29 16:25:54,597][src.models.kernel][INFO] - Round 1 Acc: 91.49
[2026-03-29 16:25:57,476][src.models.kernel][INFO] - Round 2 Acc: 90.65
[2026-03-29 16:26:00,429][src.models.kernel][INFO] - Round 3 Acc: 90.34
[2026-03-29 16:26:02,910][src.models.kernel][INFO] - Round 4 Acc: 90.04
[2026-03-29 16:26:05,190][src.models.kernel][INFO] - Final Acc: 89.89
[2026-03-29 16:26:05,214][src.models.kernel][INFO] - Saved kernel artifact to outputs/phishing-gaussian-rfm.pt
[2026-03-29 16:26:05,214][src.models.kernel][INFO] - kernel=gaussian L=0.5 reg=0.0001 => score=91.4943
[2026-03-29 16:26:05,361][src.models.kernel][INFO] - Training kernel model: kernel=gaussian, L=1.0, reg=0.01, iters=5, n_train=7395, n_test=1305
[2026-03-29 16:26:07,655][src.models.kernel][INFO] - Round 0 Acc: 90.19
[2026-03-29 16:28:01,175][src.models.kernel][INFO] - Round 1 Acc: 88.28
[2026-03-29 16:32:22,878][src.models.kernel][INFO] - Round 2 Acc: 88.20
[2026-03-29 16:32:28,422][src.models.kernel][INFO] - Round 3 Acc: 88.20
[2026-03-29 16:32:32,358][src.models.kernel][INFO] - Round 4 Acc: 88.20
[2026-03-29 16:32:36,433][src.models.kernel][INFO] - Final Acc: 88.20
[2026-03-29 16:32:36,482][src.models.kernel][INFO] - Saved kernel artifact to outputs/phishing-gaussian-rfm.pt
[2026-03-29 16:32:36,482][src.models.kernel][INFO] - kernel=gaussian L=1 reg=0.01 => score=90.1916
[2026-03-29 16:32:36,524][src.models.kernel][INFO] - Training kernel model: kernel=gaussian, L=1.0, reg=0.001, iters=5, n_train=7395, n_test=1305
[2026-03-29 16:32:39,106][src.models.kernel][INFO] - Round 0 Acc: 90.88
[2026-03-29 16:32:42,218][src.models.kernel][INFO] - Round 1 Acc: 90.04
[2026-03-29 16:32:44,503][src.models.kernel][INFO] - Round 2 Acc: 90.19
[2026-03-29 16:32:46,800][src.models.kernel][INFO] - Round 3 Acc: 90.19
[2026-03-29 16:32:49,977][src.models.kernel][INFO] - Round 4 Acc: 90.19
[2026-03-29 16:32:56,813][src.models.kernel][INFO] - Final Acc: 90.11
[2026-03-29 16:32:56,849][src.models.kernel][INFO] - Saved kernel artifact to outputs/phishing-gaussian-rfm.pt
[2026-03-29 16:32:56,850][src.models.kernel][INFO] - kernel=gaussian L=1 reg=0.001 => score=90.8812
[2026-03-29 16:32:56,917][src.models.kernel][INFO] - Training kernel model: kernel=gaussian, L=1.0, reg=0.0001, iters=5, n_train=7395, n_test=1305
[2026-03-29 16:33:01,228][src.models.kernel][INFO] - Round 0 Acc: 91.11
[2026-03-29 16:33:03,892][src.models.kernel][INFO] - Round 1 Acc: 89.89
[2026-03-29 16:33:10,077][src.models.kernel][INFO] - Round 2 Acc: 88.74
[2026-03-29 16:33:19,119][src.models.kernel][INFO] - Round 3 Acc: 88.51
[2026-03-29 16:33:26,708][src.models.kernel][INFO] - Round 4 Acc: 87.89
[2026-03-29 16:37:12,138][src.models.kernel][INFO] - Final Acc: 88.12
[2026-03-29 16:37:12,170][src.models.kernel][INFO] - Saved kernel artifact to outputs/phishing-gaussian-rfm.pt
[2026-03-29 16:37:12,170][src.models.kernel][INFO] - kernel=gaussian L=1 reg=0.0001 => score=91.1111
[2026-03-29 16:37:12,239][src.models.kernel][INFO] - Training kernel model: kernel=gaussian, L=2.0, reg=0.01, iters=5, n_train=7395, n_test=1305
[2026-03-29 16:37:14,885][src.models.kernel][INFO] - Round 0 Acc: 89.96
[2026-03-29 16:37:17,992][src.models.kernel][INFO] - Round 1 Acc: 86.05
[2026-03-29 16:37:20,925][src.models.kernel][INFO] - Round 2 Acc: 86.05
[2026-03-29 16:37:24,381][src.models.kernel][INFO] - Round 3 Acc: 86.05
[2026-03-29 16:37:26,756][src.models.kernel][INFO] - Round 4 Acc: 86.05
[2026-03-29 16:37:32,867][src.models.kernel][INFO] - Final Acc: 85.98
[2026-03-29 16:37:32,915][src.models.kernel][INFO] - Saved kernel artifact to outputs/phishing-gaussian-rfm.pt
[2026-03-29 16:37:32,915][src.models.kernel][INFO] - kernel=gaussian L=2.0 reg=0.01 => score=89.9617
[2026-03-29 16:37:33,005][src.models.kernel][INFO] - Training kernel model: kernel=gaussian, L=2.0, reg=0.001, iters=5, n_train=7395, n_test=1305
[2026-03-29 16:37:37,958][src.models.kernel][INFO] - Round 0 Acc: 90.42
[2026-03-29 16:37:41,041][src.models.kernel][INFO] - Round 1 Acc: 89.43
[2026-03-29 16:37:43,986][src.models.kernel][INFO] - Round 2 Acc: 89.20
[2026-03-29 16:37:47,099][src.models.kernel][INFO] - Round 3 Acc: 89.27
[2026-03-29 16:37:49,748][src.models.kernel][INFO] - Round 4 Acc: 89.27
[2026-03-29 16:37:55,601][src.models.kernel][INFO] - Final Acc: 89.20
[2026-03-29 16:37:55,648][src.models.kernel][INFO] - Saved kernel artifact to outputs/phishing-gaussian-rfm.pt
[2026-03-29 16:37:55,648][src.models.kernel][INFO] - kernel=gaussian L=2.0 reg=0.001 => score=90.4215
[2026-03-29 16:37:55,716][src.models.kernel][INFO] - Training kernel model: kernel=gaussian, L=2.0, reg=0.0001, iters=5, n_train=7395, n_test=1305
[2026-03-29 16:38:02,377][src.models.kernel][INFO] - Round 0 Acc: 90.88
[2026-03-29 16:42:42,734][src.models.kernel][INFO] - Round 1 Acc: 89.73
[2026-03-29 16:42:46,794][src.models.kernel][INFO] - Round 2 Acc: 89.58
[2026-03-29 16:42:50,575][src.models.kernel][INFO] - Round 3 Acc: 89.35
[2026-03-29 16:42:54,385][src.models.kernel][INFO] - Round 4 Acc: 89.58
[2026-03-29 16:42:57,902][src.models.kernel][INFO] - Final Acc: 89.73
[2026-03-29 16:42:57,939][src.models.kernel][INFO] - Saved kernel artifact to outputs/phishing-gaussian-rfm.pt
[2026-03-29 16:42:57,939][src.models.kernel][INFO] - kernel=gaussian L=2.0 reg=0.0001 => score=90.8812
[2026-03-29 16:42:57,999][src.models.kernel][INFO] - Training kernel model: kernel=gaussian, L=4.0, reg=0.01, iters=5, n_train=7395, n_test=1305
[2026-03-29 16:43:00,416][src.models.kernel][INFO] - Round 0 Acc: 89.35
[2026-03-29 16:43:02,699][src.models.kernel][INFO] - Round 1 Acc: 86.05
[2026-03-29 16:43:05,008][src.models.kernel][INFO] - Round 2 Acc: 86.05
[2026-03-29 16:43:07,837][src.models.kernel][INFO] - Round 3 Acc: 86.05
[2026-03-29 16:43:16,130][src.models.kernel][INFO] - Round 4 Acc: 86.21
[2026-03-29 16:43:19,945][src.models.kernel][INFO] - Final Acc: 86.21
[2026-03-29 16:43:19,968][src.models.kernel][INFO] - Saved kernel artifact to outputs/phishing-gaussian-rfm.pt
[2026-03-29 16:43:19,968][src.models.kernel][INFO] - kernel=gaussian L=4.0 reg=0.01 => score=89.3487
[2026-03-29 16:43:20,006][src.models.kernel][INFO] - Training kernel model: kernel=gaussian, L=4.0, reg=0.001, iters=5, n_train=7395, n_test=1305
[2026-03-29 16:43:22,258][src.models.kernel][INFO] - Round 0 Acc: 90.19
[2026-03-29 16:43:32,573][src.models.kernel][INFO] - Round 1 Acc: 86.36
[2026-03-29 16:43:39,482][src.models.kernel][INFO] - Round 2 Acc: 86.21
[2026-03-29 16:46:45,280][src.models.kernel][INFO] - Round 3 Acc: 86.28
[2026-03-29 16:46:50,485][src.models.kernel][INFO] - Round 4 Acc: 86.28
[2026-03-29 16:46:54,469][src.models.kernel][INFO] - Final Acc: 86.28
[2026-03-29 16:46:54,529][src.models.kernel][INFO] - Saved kernel artifact to outputs/phishing-gaussian-rfm.pt
[2026-03-29 16:46:54,529][src.models.kernel][INFO] - kernel=gaussian L=4.0 reg=0.001 => score=90.1916
[2026-03-29 16:46:54,588][src.models.kernel][INFO] - Training kernel model: kernel=gaussian, L=4.0, reg=0.0001, iters=5, n_train=7395, n_test=1305
[2026-03-29 16:46:57,448][src.models.kernel][INFO] - Round 0 Acc: 90.73
[2026-03-29 16:47:00,976][src.models.kernel][INFO] - Round 1 Acc: 89.20
[2026-03-29 16:47:03,734][src.models.kernel][INFO] - Round 2 Acc: 89.35
[2026-03-29 16:47:06,653][src.models.kernel][INFO] - Round 3 Acc: 89.43
[2026-03-29 16:47:08,928][src.models.kernel][INFO] - Round 4 Acc: 89.58
[2026-03-29 16:47:11,226][src.models.kernel][INFO] - Final Acc: 89.73
[2026-03-29 16:47:11,257][src.models.kernel][INFO] - Saved kernel artifact to outputs/phishing-gaussian-rfm.pt
[2026-03-29 16:47:11,257][src.models.kernel][INFO] - kernel=gaussian L=4.0 reg=0.0001 => score=90.7280
[2026-03-29 16:47:11,417][src.models.kernel][INFO] - Training kernel model: kernel=gaussian, L=6.0, reg=0.01, iters=5, n_train=7395, n_test=1305
[2026-03-29 16:47:16,369][src.models.kernel][INFO] - Round 0 Acc: 88.74
[2026-03-29 16:47:24,277][src.models.kernel][INFO] - Round 1 Acc: 86.21
[2026-03-29 16:47:26,925][src.models.kernel][INFO] - Round 2 Acc: 86.21
[2026-03-29 16:47:29,815][src.models.kernel][INFO] - Round 3 Acc: 86.21
[2026-03-29 16:47:37,852][src.models.kernel][INFO] - Round 4 Acc: 87.13
[2026-03-29 16:47:45,838][src.models.kernel][INFO] - Final Acc: 49.96
[2026-03-29 16:47:45,872][src.models.kernel][INFO] - Saved kernel artifact to outputs/phishing-gaussian-rfm.pt
[2026-03-29 16:47:45,872][src.models.kernel][INFO] - kernel=gaussian L=6.0 reg=0.01 => score=88.7356
[2026-03-29 16:47:45,966][src.models.kernel][INFO] - Training kernel model: kernel=gaussian, L=6.0, reg=0.001, iters=5, n_train=7395, n_test=1305
[2026-03-29 16:49:14,932][src.models.kernel][INFO] - Round 0 Acc: 90.04
[2026-03-29 16:53:13,925][src.models.kernel][INFO] - Round 1 Acc: 85.75
[2026-03-29 16:53:17,029][src.models.kernel][INFO] - Round 2 Acc: 85.75
[2026-03-29 16:53:19,978][src.models.kernel][INFO] - Round 3 Acc: 85.75
[2026-03-29 16:53:22,875][src.models.kernel][INFO] - Round 4 Acc: 85.67
[2026-03-29 16:53:26,219][src.models.kernel][INFO] - Final Acc: 85.59
[2026-03-29 16:53:26,247][src.models.kernel][INFO] - Saved kernel artifact to outputs/phishing-gaussian-rfm.pt
[2026-03-29 16:53:26,247][src.models.kernel][INFO] - kernel=gaussian L=6.0 reg=0.001 => score=90.0383
[2026-03-29 16:53:26,284][src.models.kernel][INFO] - Training kernel model: kernel=gaussian, L=6.0, reg=0.0001, iters=5, n_train=7395, n_test=1305
[2026-03-29 16:53:28,152][src.models.kernel][INFO] - Round 0 Acc: 90.65
[2026-03-29 16:53:33,427][src.models.kernel][INFO] - Round 1 Acc: 88.66
[2026-03-29 16:53:40,607][src.models.kernel][INFO] - Round 2 Acc: 88.35
[2026-03-29 16:53:43,291][src.models.kernel][INFO] - Round 3 Acc: 88.35
[2026-03-29 16:53:46,101][src.models.kernel][INFO] - Round 4 Acc: 88.43
[2026-03-29 16:53:49,371][src.models.kernel][INFO] - Final Acc: 88.28
[2026-03-29 16:53:49,398][src.models.kernel][INFO] - Saved kernel artifact to outputs/phishing-gaussian-rfm.pt
[2026-03-29 16:53:49,398][src.models.kernel][INFO] - kernel=gaussian L=6.0 reg=0.0001 => score=90.6513
[2026-03-29 16:53:49,398][src.models.kernel][INFO] - Best kernel hyperparameters: {'kernel': 'gaussian', 'L': 0.05, 'reg': 0.001, 'version': 'rfm', 'iters': 5}
[2026-03-29 16:53:49,437][src.models.kernel][INFO] - Training kernel model: kernel=gaussian, L=0.05, reg=0.001, iters=5, n_train=7395, n_test=1305
[2026-03-29 16:53:51,378][src.models.kernel][INFO] - Round 0 Acc: 56.63
[2026-03-29 16:53:55,893][src.models.kernel][INFO] - Round 1 Acc: 89.89
[2026-03-29 16:54:03,510][src.models.kernel][INFO] - Round 2 Acc: 94.25
[2026-03-29 16:57:53,192][src.models.kernel][INFO] - Round 3 Acc: 95.33
[2026-03-29 16:57:58,670][src.models.kernel][INFO] - Round 4 Acc: 95.40
[2026-03-29 16:58:02,708][src.models.kernel][INFO] - Final Acc: 95.10
[2026-03-29 16:58:02,753][src.models.kernel][INFO] - Saved kernel artifact to trained-models/kernel/phishing-gaussian-rfm.pt
[2026-03-29 16:58:02,753][src.models.utils][INFO] - Loading model from trained-models/kernel/phishing-gaussian-rfm.pt
[2026-03-29 16:58:02,829][art.estimators.classification.pytorch][INFO] - Inferred 0 hidden layers on PyTorch classifier.
[2026-03-29 16:58:03,122][__main__][INFO] - Initializing constraint set and projector for the attack.
[2026-03-29 16:58:44,516][__main__][INFO] - before-attack: {'is_misclassified_rate': 0.05076923076923077, 'is_comp_rate': 0.8530769230769231, 'is_mis_and_comp_rate': 0.04384615384615385, 'l0_costs_mean': 0.0, 'l0_costs_on_mis_mean': 0.0, 'l0_costs_on_mis_and_comp_mean': 0.0, 'stand_linf_costs_mean': 0.0, 'stand_linf_costs_on_mis_mean': 0.0, 'stand_linfcosts_costs_on_mis_and_comp_mean': 0.0}
[2026-03-29 16:58:44,516][__main__][INFO] - Executing CaFA attack.
[2026-03-29 17:05:30,329][__main__][INFO] - after-cafa: {'is_misclassified_rate': 0.9476923076923077, 'is_comp_rate': 0.5215384615384615, 'is_mis_and_comp_rate': 0.47923076923076924, 'l0_costs_mean': 3.88, 'l0_costs_on_mis_mean': 4.0941558441558445, 'l0_costs_on_mis_and_comp_mean': 3.6179775280898876, 'stand_linf_costs_mean': 0.02391758373657271, 'stand_linf_costs_on_mis_mean': 0.025237710111643285, 'stand_linfcosts_costs_on_mis_and_comp_mean': 0.02403954893962866}
[2026-03-29 17:05:30,329][__main__][INFO] - Executing projection of the crafted samples onto the constrained space.
[2026-03-29 17:22:00,369][__main__][INFO] - after-projection: {'is_misclassified_rate': 0.7715384615384615, 'is_comp_rate': 0.786923076923077, 'is_mis_and_comp_rate': 0.6061538461538462, 'l0_costs_mean': 4.141538461538461, 'l0_costs_on_mis_mean': 4.454636091724826, 'l0_costs_on_mis_and_comp_mean': 4.187817258883249, 'stand_linf_costs_mean': 0.034960907972060716, 'stand_linf_costs_on_mis_mean': 0.02991813585718956, 'stand_linfcosts_costs_on_mis_and_comp_mean': 0.02710785016457069}
[2026-03-29 17:22:00,369][__main__][INFO] - Evaluations: {'before-attack': {'is_misclassified_rate': 0.05076923076923077, 'is_comp_rate': 0.8530769230769231, 'is_mis_and_comp_rate': 0.04384615384615385, 'l0_costs_mean': 0.0, 'l0_costs_on_mis_mean': 0.0, 'l0_costs_on_mis_and_comp_mean': 0.0, 'stand_linf_costs_mean': 0.0, 'stand_linf_costs_on_mis_mean': 0.0, 'stand_linfcosts_costs_on_mis_and_comp_mean': 0.0}, 'after-cafa': {'is_misclassified_rate': 0.9476923076923077, 'is_comp_rate': 0.5215384615384615, 'is_mis_and_comp_rate': 0.47923076923076924, 'l0_costs_mean': 3.88, 'l0_costs_on_mis_mean': 4.0941558441558445, 'l0_costs_on_mis_and_comp_mean': 3.6179775280898876, 'stand_linf_costs_mean': 0.02391758373657271, 'stand_linf_costs_on_mis_mean': 0.025237710111643285, 'stand_linfcosts_costs_on_mis_and_comp_mean': 0.02403954893962866}, 'after-cafa-projection': {'is_misclassified_rate': 0.7715384615384615, 'is_comp_rate': 0.786923076923077, 'is_mis_and_comp_rate': 0.6061538461538462, 'l0_costs_mean': 4.141538461538461, 'l0_costs_on_mis_mean': 4.454636091724826, 'l0_costs_on_mis_and_comp_mean': 4.187817258883249, 'stand_linf_costs_mean': 0.034960907972060716, 'stand_linf_costs_on_mis_mean': 0.02991813585718956, 'stand_linfcosts_costs_on_mis_and_comp_mean': 0.02710785016457069}}
[2026-03-29 17:22:00,369][__main__][INFO] - Finished run. results saved in /users/student/rs/rahulky/robust-rfms/attack_tab/outputs/2026-03-29/16-10-03
