[2026-03-29 16:09:11,759][__main__][INFO] - Used config: n_samples_to_attack: 1500
data_split_to_attack: test
save_attack_artifacts: true
perform_training: true
perform_training_grid_search_hparams: true
perform_constraints_mining: false
perform_constraints_ranking: false
perform_constraints_soundness_evaluation: false
perform_attack: true
perform_projection: true
data:
  name: bank
  params:
    dataset_name: ${data.name}
    data_file_path: ${data.paths.data_file_path}
    metadata_file_path: ${data.paths.metadata_file_path}
    encoding_method: one_hot_encoding
    random_seed: 42
    train_proportion: 0.87
  paths:
    data_dir_path: data/${data.name}/raw-data
    data_file_path: ${data.paths.data_dir_path}/bank-full.csv
    metadata_file_path: ${data.paths.data_dir_path}/bank.metadata.csv
    constraints_dir_path: data/${data.name}/mined-constraints
    raw_dcs_out_path: ${data.paths.constraints_dir_path}/bank-11cols__DC_threshold=0.01__fastadc_dcs.txt
    evaluated_dcs_out_path: ${data.paths.constraints_dir_path}/bank-11cols__DC_threshold=0.01__fastadc_dcs__eval.csv
ml_model:
  model_type: kernel
  model_artifact_path: trained-models/kernel/${data.name}-${ml_model.model_type}.pt
  perform_training: ${perform_training}
  perform_grid_search_hparams: ${perform_training_grid_search_hparams}
  default_hparams:
    kernel: laplacian
    L: 0.5
    reg: 0.001
    version: rfm
    iters: 5
    egop_samples: 20000
    egop_batch_size: 2500
attack:
  attack_name: cafa
  random_init: true
  random_seed: null
  max_iter: 250
  max_iter_tabpgd: 100
  eps: 0.03333333333333333
  step_size: 0.0003333333333333333
  perturb_categorical_each_steps: 10
constraints:
  constrainer_params:
    evaluated_dcs_out_path: ${data.paths.evaluated_dcs_out_path}
    n_dcs: 5000
    n_tuples: 1
    limit_cost_ball: true
    cost_ball_eps: 0.03333333333333333
  projector_params:
    upper_projection_budget_bound: 0.5
  mining_params:
    perform_constraints_mining: ${perform_constraints_mining}
    perform_constraints_ranking: ${perform_constraints_ranking}
    raw_dcs_out_path: ${data.paths.raw_dcs_out_path}
    evaluated_dcs_out_path: ${data.paths.evaluated_dcs_out_path}
    approx_violation_threshold: 0.01
    path_to_fastadc_miner_jar: src/constraints/mining/resources/FastADC-1.0-SNAPSHOT.jar
    n_dcs_to_eval: 10000
    n_tuples_to_eval: 1000
    n_other_tuples_to_eval: 8000

[2026-03-29 16:09:13,608][src.models.kernel][INFO] - Training kernel model: kernel=gaussian, L=0.05, reg=0.01, iters=5, n_train=33434, n_test=5899
[2026-03-29 16:09:58,035][src.models.kernel][INFO] - Round 0 Acc: 88.98
[2026-03-29 16:11:45,794][src.models.kernel][INFO] - Round 1 Acc: 89.85
[2026-03-29 16:16:07,236][src.models.kernel][INFO] - Round 2 Acc: 89.76
[2026-03-29 16:21:10,392][src.models.kernel][INFO] - Round 3 Acc: 89.78
[2026-03-29 16:24:32,981][src.models.kernel][INFO] - Round 4 Acc: 89.73
[2026-03-29 16:25:40,440][src.models.kernel][INFO] - Final Acc: 89.74
[2026-03-29 16:25:41,219][src.models.kernel][INFO] - Saved kernel artifact to outputs/bank-gaussian-rfm.pt
[2026-03-29 16:25:41,220][src.models.kernel][INFO] - kernel=gaussian L=0.05 reg=0.01 => score=89.8457
[2026-03-29 16:25:41,593][src.models.kernel][INFO] - Training kernel model: kernel=gaussian, L=0.05, reg=0.001, iters=5, n_train=33434, n_test=5899
[2026-03-29 16:32:29,848][src.models.kernel][INFO] - Round 0 Acc: 73.50
[2026-03-29 16:37:15,046][src.models.kernel][INFO] - Round 1 Acc: 90.54
[2026-03-29 16:42:47,667][src.models.kernel][INFO] - Round 2 Acc: 89.74
[2026-03-29 16:46:53,350][src.models.kernel][INFO] - Round 3 Acc: 89.73
[2026-03-29 16:53:16,867][src.models.kernel][INFO] - Round 4 Acc: 89.73
[2026-03-29 16:58:00,216][src.models.kernel][INFO] - Final Acc: 89.74
[2026-03-29 16:58:00,911][src.models.kernel][INFO] - Saved kernel artifact to outputs/bank-gaussian-rfm.pt
[2026-03-29 16:58:00,912][src.models.kernel][INFO] - kernel=gaussian L=0.05 reg=0.001 => score=90.5408
[2026-03-29 16:58:01,510][src.models.kernel][INFO] - Training kernel model: kernel=gaussian, L=0.05, reg=0.0001, iters=5, n_train=33434, n_test=5899
[2026-03-29 16:58:47,189][src.models.kernel][INFO] - Round 0 Acc: 50.40
[2026-03-29 16:59:46,368][src.models.kernel][INFO] - Round 1 Acc: 85.49
[2026-03-29 17:00:43,281][src.models.kernel][INFO] - Round 2 Acc: 89.90
[2026-03-29 17:01:42,340][src.models.kernel][INFO] - Round 3 Acc: 89.78
[2026-03-29 17:02:44,291][src.models.kernel][INFO] - Round 4 Acc: 89.78
[2026-03-29 17:03:45,826][src.models.kernel][INFO] - Final Acc: 89.81
[2026-03-29 17:03:46,421][src.models.kernel][INFO] - Saved kernel artifact to outputs/bank-gaussian-rfm.pt
[2026-03-29 17:03:46,422][src.models.kernel][INFO] - kernel=gaussian L=0.05 reg=0.0001 => score=89.8966
[2026-03-29 17:03:46,743][src.models.kernel][INFO] - Training kernel model: kernel=gaussian, L=0.125, reg=0.01, iters=5, n_train=33434, n_test=5899
[2026-03-29 17:04:31,893][src.models.kernel][INFO] - Round 0 Acc: 90.25
[2026-03-29 17:05:30,016][src.models.kernel][INFO] - Round 1 Acc: 89.57
[2026-03-29 17:06:28,383][src.models.kernel][INFO] - Round 2 Acc: 89.47
[2026-03-29 17:07:30,056][src.models.kernel][INFO] - Round 3 Acc: 89.46
[2026-03-29 17:08:34,414][src.models.kernel][INFO] - Round 4 Acc: 89.51
[2026-03-29 17:09:35,381][src.models.kernel][INFO] - Final Acc: 89.49
[2026-03-29 17:09:35,865][src.models.kernel][INFO] - Saved kernel artifact to outputs/bank-gaussian-rfm.pt
[2026-03-29 17:09:35,865][src.models.kernel][INFO] - kernel=gaussian L=0.125 reg=0.01 => score=90.2526
[2026-03-29 17:09:36,033][src.models.kernel][INFO] - Training kernel model: kernel=gaussian, L=0.125, reg=0.001, iters=5, n_train=33434, n_test=5899
[2026-03-29 17:10:22,038][src.models.kernel][INFO] - Round 0 Acc: 73.81
[2026-03-29 17:11:17,120][src.models.kernel][INFO] - Round 1 Acc: 89.88
[2026-03-29 17:12:15,655][src.models.kernel][INFO] - Round 2 Acc: 89.71
[2026-03-29 17:13:13,606][src.models.kernel][INFO] - Round 3 Acc: 89.63
[2026-03-29 17:14:14,956][src.models.kernel][INFO] - Round 4 Acc: 89.68
[2026-03-29 17:15:12,605][src.models.kernel][INFO] - Final Acc: 89.68
[2026-03-29 17:15:13,333][src.models.kernel][INFO] - Saved kernel artifact to outputs/bank-gaussian-rfm.pt
[2026-03-29 17:15:13,334][src.models.kernel][INFO] - kernel=gaussian L=0.125 reg=0.001 => score=89.8796
[2026-03-29 17:15:13,994][src.models.kernel][INFO] - Training kernel model: kernel=gaussian, L=0.125, reg=0.0001, iters=5, n_train=33434, n_test=5899
[2026-03-29 17:16:01,267][src.models.kernel][INFO] - Round 0 Acc: 51.64
[2026-03-29 17:16:59,370][src.models.kernel][INFO] - Round 1 Acc: 66.76
[2026-03-29 17:17:58,310][src.models.kernel][INFO] - Round 2 Acc: 90.41
[2026-03-29 17:19:00,727][src.models.kernel][INFO] - Round 3 Acc: 89.78
[2026-03-29 17:20:00,336][src.models.kernel][INFO] - Round 4 Acc: 89.76
[2026-03-29 17:21:02,944][src.models.kernel][INFO] - Final Acc: 89.79
[2026-03-29 17:21:03,522][src.models.kernel][INFO] - Saved kernel artifact to outputs/bank-gaussian-rfm.pt
[2026-03-29 17:21:03,522][src.models.kernel][INFO] - kernel=gaussian L=0.125 reg=0.0001 => score=90.4052
[2026-03-29 17:21:03,855][src.models.kernel][INFO] - Training kernel model: kernel=gaussian, L=0.25, reg=0.01, iters=5, n_train=33434, n_test=5899
[2026-03-29 17:21:49,100][src.models.kernel][INFO] - Round 0 Acc: 90.64
[2026-03-29 17:22:46,411][src.models.kernel][INFO] - Round 1 Acc: 89.12
[2026-03-29 17:23:40,851][src.models.kernel][INFO] - Round 2 Acc: 88.76
[2026-03-29 17:24:38,520][src.models.kernel][INFO] - Round 3 Acc: 88.76
[2026-03-29 17:25:34,815][src.models.kernel][INFO] - Round 4 Acc: 88.76
[2026-03-29 17:26:34,255][src.models.kernel][INFO] - Final Acc: 88.76
[2026-03-29 17:26:34,849][src.models.kernel][INFO] - Saved kernel artifact to outputs/bank-gaussian-rfm.pt
[2026-03-29 17:26:34,849][src.models.kernel][INFO] - kernel=gaussian L=0.25 reg=0.01 => score=90.6425
[2026-03-29 17:26:35,148][src.models.kernel][INFO] - Training kernel model: kernel=gaussian, L=0.25, reg=0.001, iters=5, n_train=33434, n_test=5899
[2026-03-29 17:27:19,716][src.models.kernel][INFO] - Round 0 Acc: 90.90
[2026-03-29 17:28:16,624][src.models.kernel][INFO] - Round 1 Acc: 89.64
[2026-03-29 17:29:13,550][src.models.kernel][INFO] - Round 2 Acc: 89.59
[2026-03-29 17:30:11,242][src.models.kernel][INFO] - Round 3 Acc: 89.64
[2026-03-29 17:31:09,343][src.models.kernel][INFO] - Round 4 Acc: 89.68
[2026-03-29 17:32:07,827][src.models.kernel][INFO] - Final Acc: 89.69
[2026-03-29 17:32:08,409][src.models.kernel][INFO] - Saved kernel artifact to outputs/bank-gaussian-rfm.pt
[2026-03-29 17:32:08,410][src.models.kernel][INFO] - kernel=gaussian L=0.25 reg=0.001 => score=90.8968
[2026-03-29 17:32:08,626][src.models.kernel][INFO] - Training kernel model: kernel=gaussian, L=0.25, reg=0.0001, iters=5, n_train=33434, n_test=5899
[2026-03-29 17:32:53,774][src.models.kernel][INFO] - Round 0 Acc: 51.96
[2026-03-29 17:33:50,000][src.models.kernel][INFO] - Round 1 Acc: 90.61
[2026-03-29 17:34:45,600][src.models.kernel][INFO] - Round 2 Acc: 89.69
[2026-03-29 17:35:43,505][src.models.kernel][INFO] - Round 3 Acc: 89.69
[2026-03-29 17:36:44,918][src.models.kernel][INFO] - Round 4 Acc: 89.73
[2026-03-29 17:37:44,833][src.models.kernel][INFO] - Final Acc: 89.68
[2026-03-29 17:37:45,431][src.models.kernel][INFO] - Saved kernel artifact to outputs/bank-gaussian-rfm.pt
[2026-03-29 17:37:45,432][src.models.kernel][INFO] - kernel=gaussian L=0.25 reg=0.0001 => score=90.6086
[2026-03-29 17:37:45,761][src.models.kernel][INFO] - Training kernel model: kernel=gaussian, L=0.5, reg=0.01, iters=5, n_train=33434, n_test=5899
[2026-03-29 17:38:38,220][src.models.kernel][INFO] - Round 0 Acc: 90.56
[2026-03-29 17:39:31,874][src.models.kernel][INFO] - Round 1 Acc: 88.76
[2026-03-29 17:40:34,311][src.models.kernel][INFO] - Round 2 Acc: 88.76
[2026-03-29 17:41:33,169][src.models.kernel][INFO] - Round 3 Acc: 88.76
[2026-03-29 17:42:27,094][src.models.kernel][INFO] - Round 4 Acc: 88.76
[2026-03-29 17:43:31,267][src.models.kernel][INFO] - Final Acc: 88.76
[2026-03-29 17:43:31,850][src.models.kernel][INFO] - Saved kernel artifact to outputs/bank-gaussian-rfm.pt
[2026-03-29 17:43:31,851][src.models.kernel][INFO] - kernel=gaussian L=0.5 reg=0.01 => score=90.5577
[2026-03-29 17:43:32,185][src.models.kernel][INFO] - Training kernel model: kernel=gaussian, L=0.5, reg=0.001, iters=5, n_train=33434, n_test=5899
[2026-03-29 17:44:21,595][src.models.kernel][INFO] - Round 0 Acc: 90.76
[2026-03-29 17:45:16,685][src.models.kernel][INFO] - Round 1 Acc: 89.47
[2026-03-29 17:46:20,308][src.models.kernel][INFO] - Round 2 Acc: 89.30
[2026-03-29 17:47:14,123][src.models.kernel][INFO] - Round 3 Acc: 89.13
[2026-03-29 17:48:09,785][src.models.kernel][INFO] - Round 4 Acc: 89.15
[2026-03-29 17:49:07,687][src.models.kernel][INFO] - Final Acc: 89.10
[2026-03-29 17:49:08,349][src.models.kernel][INFO] - Saved kernel artifact to outputs/bank-gaussian-rfm.pt
[2026-03-29 17:49:08,350][src.models.kernel][INFO] - kernel=gaussian L=0.5 reg=0.001 => score=90.7611
[2026-03-29 17:49:08,701][src.models.kernel][INFO] - Training kernel model: kernel=gaussian, L=0.5, reg=0.0001, iters=5, n_train=33434, n_test=5899
[2026-03-29 17:49:59,563][src.models.kernel][INFO] - Round 0 Acc: 74.91
[2026-03-29 17:50:59,520][src.models.kernel][INFO] - Round 1 Acc: 89.64
[2026-03-29 17:51:59,779][src.models.kernel][INFO] - Round 2 Acc: 89.81
[2026-03-29 17:52:58,876][src.models.kernel][INFO] - Round 3 Acc: 89.79
[2026-03-29 17:54:00,329][src.models.kernel][INFO] - Round 4 Acc: 89.71
[2026-03-29 17:55:04,603][src.models.kernel][INFO] - Final Acc: 89.71
[2026-03-29 17:55:05,012][src.models.kernel][INFO] - Saved kernel artifact to outputs/bank-gaussian-rfm.pt
[2026-03-29 17:55:05,012][src.models.kernel][INFO] - kernel=gaussian L=0.5 reg=0.0001 => score=89.8118
[2026-03-29 17:55:05,291][src.models.kernel][INFO] - Training kernel model: kernel=gaussian, L=1.0, reg=0.01, iters=5, n_train=33434, n_test=5899
[2026-03-29 17:55:59,543][src.models.kernel][INFO] - Round 0 Acc: 90.25
[2026-03-29 17:57:01,573][src.models.kernel][INFO] - Round 1 Acc: 88.76
[2026-03-29 17:58:02,640][src.models.kernel][INFO] - Round 2 Acc: 88.76
[2026-03-29 17:59:02,217][src.models.kernel][INFO] - Round 3 Acc: 88.76
[2026-03-29 18:00:02,803][src.models.kernel][INFO] - Round 4 Acc: 88.76
[2026-03-29 18:01:02,214][src.models.kernel][INFO] - Final Acc: 88.76
[2026-03-29 18:01:02,659][src.models.kernel][INFO] - Saved kernel artifact to outputs/bank-gaussian-rfm.pt
[2026-03-29 18:01:02,659][src.models.kernel][INFO] - kernel=gaussian L=1 reg=0.01 => score=90.2526
[2026-03-29 18:01:02,939][src.models.kernel][INFO] - Training kernel model: kernel=gaussian, L=1.0, reg=0.001, iters=5, n_train=33434, n_test=5899
[2026-03-29 18:01:42,284][src.models.kernel][INFO] - Round 0 Acc: 90.57
[2026-03-29 18:02:27,092][src.models.kernel][INFO] - Round 1 Acc: 88.83
[2026-03-29 18:03:12,414][src.models.kernel][INFO] - Round 2 Acc: 88.76
[2026-03-29 18:03:57,455][src.models.kernel][INFO] - Round 3 Acc: 88.76
[2026-03-29 18:04:42,464][src.models.kernel][INFO] - Round 4 Acc: 88.76
[2026-03-29 18:05:27,385][src.models.kernel][INFO] - Final Acc: 88.76
[2026-03-29 18:05:27,818][src.models.kernel][INFO] - Saved kernel artifact to outputs/bank-gaussian-rfm.pt
[2026-03-29 18:05:27,818][src.models.kernel][INFO] - kernel=gaussian L=1 reg=0.001 => score=90.5747
[2026-03-29 18:05:27,993][src.models.kernel][INFO] - Training kernel model: kernel=gaussian, L=1.0, reg=0.0001, iters=5, n_train=33434, n_test=5899
[2026-03-29 18:06:07,213][src.models.kernel][INFO] - Round 0 Acc: 89.91
[2026-03-29 18:06:52,438][src.models.kernel][INFO] - Round 1 Acc: 89.66
[2026-03-29 18:07:37,664][src.models.kernel][INFO] - Round 2 Acc: 86.71
[2026-03-29 18:08:23,518][src.models.kernel][INFO] - Round 3 Acc: 73.67
[2026-03-29 18:09:08,575][src.models.kernel][INFO] - Round 4 Acc: 89.25
[2026-03-29 18:09:53,768][src.models.kernel][INFO] - Final Acc: 87.95
[2026-03-29 18:09:54,197][src.models.kernel][INFO] - Saved kernel artifact to outputs/bank-gaussian-rfm.pt
[2026-03-29 18:09:54,197][src.models.kernel][INFO] - kernel=gaussian L=1 reg=0.0001 => score=89.9135
[2026-03-29 18:09:54,485][src.models.kernel][INFO] - Training kernel model: kernel=gaussian, L=2.0, reg=0.01, iters=5, n_train=33434, n_test=5899
[2026-03-29 18:10:33,694][src.models.kernel][INFO] - Round 0 Acc: 89.78
[2026-03-29 18:11:18,683][src.models.kernel][INFO] - Round 1 Acc: 88.76
[2026-03-29 18:12:03,733][src.models.kernel][INFO] - Round 2 Acc: 88.76
[2026-03-29 18:12:49,150][src.models.kernel][INFO] - Round 3 Acc: 88.76
[2026-03-29 18:13:34,185][src.models.kernel][INFO] - Round 4 Acc: 88.76
[2026-03-29 18:14:19,708][src.models.kernel][INFO] - Final Acc: 88.76
[2026-03-29 18:14:20,151][src.models.kernel][INFO] - Saved kernel artifact to outputs/bank-gaussian-rfm.pt
[2026-03-29 18:14:20,151][src.models.kernel][INFO] - kernel=gaussian L=2.0 reg=0.01 => score=89.7779
[2026-03-29 18:14:20,423][src.models.kernel][INFO] - Training kernel model: kernel=gaussian, L=2.0, reg=0.001, iters=5, n_train=33434, n_test=5899
[2026-03-29 18:14:59,559][src.models.kernel][INFO] - Round 0 Acc: 90.42
[2026-03-29 18:15:44,971][src.models.kernel][INFO] - Round 1 Acc: 88.76
[2026-03-29 18:16:29,930][src.models.kernel][INFO] - Round 2 Acc: 88.76
[2026-03-29 18:17:15,224][src.models.kernel][INFO] - Round 3 Acc: 88.76
[2026-03-29 18:18:00,066][src.models.kernel][INFO] - Round 4 Acc: 88.76
[2026-03-29 18:18:45,036][src.models.kernel][INFO] - Final Acc: 88.76
[2026-03-29 18:18:45,446][src.models.kernel][INFO] - Saved kernel artifact to outputs/bank-gaussian-rfm.pt
[2026-03-29 18:18:45,447][src.models.kernel][INFO] - kernel=gaussian L=2.0 reg=0.001 => score=90.4221
[2026-03-29 18:18:45,728][src.models.kernel][INFO] - Training kernel model: kernel=gaussian, L=2.0, reg=0.0001, iters=5, n_train=33434, n_test=5899
[2026-03-29 18:19:25,750][src.models.kernel][INFO] - Round 0 Acc: 90.49
[2026-03-29 18:20:10,810][src.models.kernel][INFO] - Round 1 Acc: 89.27
[2026-03-29 18:20:55,647][src.models.kernel][INFO] - Round 2 Acc: 89.54
[2026-03-29 18:21:40,800][src.models.kernel][INFO] - Round 3 Acc: 83.47
[2026-03-29 18:22:25,470][src.models.kernel][INFO] - Round 4 Acc: 88.74
[2026-03-29 18:23:10,350][src.models.kernel][INFO] - Final Acc: 88.78
[2026-03-29 18:23:10,769][src.models.kernel][INFO] - Saved kernel artifact to outputs/bank-gaussian-rfm.pt
[2026-03-29 18:23:10,769][src.models.kernel][INFO] - kernel=gaussian L=2.0 reg=0.0001 => score=90.4899
[2026-03-29 18:23:10,937][src.models.kernel][INFO] - Training kernel model: kernel=gaussian, L=4.0, reg=0.01, iters=5, n_train=33434, n_test=5899
[2026-03-29 18:23:50,682][src.models.kernel][INFO] - Round 0 Acc: 89.52
[2026-03-29 18:24:35,428][src.models.kernel][INFO] - Round 1 Acc: 88.76
[2026-03-29 18:25:20,318][src.models.kernel][INFO] - Round 2 Acc: 88.76
[2026-03-29 18:26:05,389][src.models.kernel][INFO] - Round 3 Acc: 88.76
[2026-03-29 18:26:50,423][src.models.kernel][INFO] - Round 4 Acc: 88.76
[2026-03-29 18:27:35,727][src.models.kernel][INFO] - Final Acc: 88.76
[2026-03-29 18:27:36,140][src.models.kernel][INFO] - Saved kernel artifact to outputs/bank-gaussian-rfm.pt
[2026-03-29 18:27:36,140][src.models.kernel][INFO] - kernel=gaussian L=4.0 reg=0.01 => score=89.5236
[2026-03-29 18:27:36,410][src.models.kernel][INFO] - Training kernel model: kernel=gaussian, L=4.0, reg=0.001, iters=5, n_train=33434, n_test=5899
[2026-03-29 18:28:16,893][src.models.kernel][INFO] - Round 0 Acc: 89.63
[2026-03-29 18:29:01,685][src.models.kernel][INFO] - Round 1 Acc: 88.76
[2026-03-29 18:29:46,942][src.models.kernel][INFO] - Round 2 Acc: 88.76
[2026-03-29 18:30:32,753][src.models.kernel][INFO] - Round 3 Acc: 88.76
[2026-03-29 18:31:18,413][src.models.kernel][INFO] - Round 4 Acc: 88.76
[2026-03-29 18:32:03,609][src.models.kernel][INFO] - Final Acc: 88.76
[2026-03-29 18:32:04,019][src.models.kernel][INFO] - Saved kernel artifact to outputs/bank-gaussian-rfm.pt
[2026-03-29 18:32:04,019][src.models.kernel][INFO] - kernel=gaussian L=4.0 reg=0.001 => score=89.6254
[2026-03-29 18:32:04,299][src.models.kernel][INFO] - Training kernel model: kernel=gaussian, L=4.0, reg=0.0001, iters=5, n_train=33434, n_test=5899
[2026-03-29 18:32:44,825][src.models.kernel][INFO] - Round 0 Acc: 90.35
[2026-03-29 18:33:30,118][src.models.kernel][INFO] - Round 1 Acc: 56.33
[2026-03-29 18:34:15,102][src.models.kernel][INFO] - Round 2 Acc: 89.34
[2026-03-29 18:35:00,314][src.models.kernel][INFO] - Round 3 Acc: 88.78
[2026-03-29 18:35:45,241][src.models.kernel][INFO] - Round 4 Acc: 88.76
[2026-03-29 18:36:30,256][src.models.kernel][INFO] - Final Acc: 88.76
[2026-03-29 18:36:30,663][src.models.kernel][INFO] - Saved kernel artifact to outputs/bank-gaussian-rfm.pt
[2026-03-29 18:36:30,663][src.models.kernel][INFO] - kernel=gaussian L=4.0 reg=0.0001 => score=90.3543
[2026-03-29 18:36:30,830][src.models.kernel][INFO] - Training kernel model: kernel=gaussian, L=6.0, reg=0.01, iters=5, n_train=33434, n_test=5899
[2026-03-29 18:37:11,159][src.models.kernel][INFO] - Round 0 Acc: 89.47
[2026-03-29 18:37:56,068][src.models.kernel][INFO] - Round 1 Acc: 88.76
[2026-03-29 18:38:40,886][src.models.kernel][INFO] - Round 2 Acc: 88.76
[2026-03-29 18:39:26,057][src.models.kernel][INFO] - Round 3 Acc: 88.76
[2026-03-29 18:40:11,232][src.models.kernel][INFO] - Round 4 Acc: 88.76
[2026-03-29 18:40:54,175][src.models.kernel][INFO] - Final Acc: 88.76
[2026-03-29 18:40:54,584][src.models.kernel][INFO] - Saved kernel artifact to outputs/bank-gaussian-rfm.pt
[2026-03-29 18:40:54,584][src.models.kernel][INFO] - kernel=gaussian L=6.0 reg=0.01 => score=89.4728
[2026-03-29 18:40:54,860][src.models.kernel][INFO] - Training kernel model: kernel=gaussian, L=6.0, reg=0.001, iters=5, n_train=33434, n_test=5899
[2026-03-29 18:41:34,527][src.models.kernel][INFO] - Round 0 Acc: 89.59
[2026-03-29 18:42:19,272][src.models.kernel][INFO] - Round 1 Acc: 88.76
[2026-03-29 18:43:04,559][src.models.kernel][INFO] - Round 2 Acc: 88.76
[2026-03-29 18:43:50,380][src.models.kernel][INFO] - Round 3 Acc: 88.76
[2026-03-29 18:44:35,441][src.models.kernel][INFO] - Round 4 Acc: 88.76
[2026-03-29 18:45:20,687][src.models.kernel][INFO] - Final Acc: 88.76
[2026-03-29 18:45:21,101][src.models.kernel][INFO] - Saved kernel artifact to outputs/bank-gaussian-rfm.pt
[2026-03-29 18:45:21,101][src.models.kernel][INFO] - kernel=gaussian L=6.0 reg=0.001 => score=89.5915
[2026-03-29 18:45:21,381][src.models.kernel][INFO] - Training kernel model: kernel=gaussian, L=6.0, reg=0.0001, iters=5, n_train=33434, n_test=5899
[2026-03-29 18:46:01,557][src.models.kernel][INFO] - Round 0 Acc: 89.93
[2026-03-29 18:46:46,355][src.models.kernel][INFO] - Round 1 Acc: 88.76
[2026-03-29 18:47:31,768][src.models.kernel][INFO] - Round 2 Acc: 88.76
[2026-03-29 18:48:17,087][src.models.kernel][INFO] - Round 3 Acc: 88.76
[2026-03-29 18:49:02,548][src.models.kernel][INFO] - Round 4 Acc: 88.76
[2026-03-29 18:49:48,403][src.models.kernel][INFO] - Final Acc: 88.76
[2026-03-29 18:49:48,840][src.models.kernel][INFO] - Saved kernel artifact to outputs/bank-gaussian-rfm.pt
[2026-03-29 18:49:48,840][src.models.kernel][INFO] - kernel=gaussian L=6.0 reg=0.0001 => score=89.9305
[2026-03-29 18:49:48,840][src.models.kernel][INFO] - Best kernel hyperparameters: {'kernel': 'gaussian', 'L': 0.25, 'reg': 0.001, 'version': 'rfm', 'iters': 5}
[2026-03-29 18:49:49,008][src.models.kernel][INFO] - Training kernel model: kernel=gaussian, L=0.25, reg=0.001, iters=5, n_train=33434, n_test=5899
[2026-03-29 18:50:27,655][src.models.kernel][INFO] - Round 0 Acc: 90.90
[2026-03-29 18:51:13,125][src.models.kernel][INFO] - Round 1 Acc: 89.68
[2026-03-29 18:51:58,924][src.models.kernel][INFO] - Round 2 Acc: 89.64
[2026-03-29 18:52:45,159][src.models.kernel][INFO] - Round 3 Acc: 89.61
[2026-03-29 18:53:31,201][src.models.kernel][INFO] - Round 4 Acc: 89.64
[2026-03-29 18:54:17,316][src.models.kernel][INFO] - Final Acc: 89.64
[2026-03-29 18:54:17,737][src.models.kernel][INFO] - Saved kernel artifact to trained-models/kernel/bank-gaussian-rfm.pt
[2026-03-29 18:54:17,737][src.models.utils][INFO] - Loading model from trained-models/kernel/bank-gaussian-rfm.pt
[2026-03-29 18:54:17,783][art.estimators.classification.pytorch][INFO] - Inferred 0 hidden layers on PyTorch classifier.
[2026-03-29 18:54:17,974][__main__][INFO] - Initializing constraint set and projector for the attack.
[2026-03-29 18:54:55,995][__main__][INFO] - before-attack: {'is_misclassified_rate': 0.10466666666666667, 'is_comp_rate': 0.796, 'is_mis_and_comp_rate': 0.074, 'l0_costs_mean': 0.0, 'l0_costs_on_mis_mean': 0.0, 'l0_costs_on_mis_and_comp_mean': 0.0, 'stand_linf_costs_mean': 0.0, 'stand_linf_costs_on_mis_mean': 0.0, 'stand_linfcosts_costs_on_mis_and_comp_mean': 0.0}
[2026-03-29 18:54:55,995][__main__][INFO] - Executing CaFA attack.
[2026-03-29 19:14:41,033][__main__][INFO] - after-cafa: {'is_misclassified_rate': 0.33866666666666667, 'is_comp_rate': 0.638, 'is_mis_and_comp_rate': 0.052, 'l0_costs_mean': 2.002, 'l0_costs_on_mis_mean': 5.911417322834645, 'l0_costs_on_mis_and_comp_mean': 3.3461538461538463, 'stand_linf_costs_mean': 0.009331085893997695, 'stand_linf_costs_on_mis_mean': 0.027552418978339648, 'stand_linfcosts_costs_on_mis_and_comp_mean': 0.024552475237358085}
[2026-03-29 19:14:41,034][__main__][INFO] - Executing projection of the crafted samples onto the constrained space.
[2026-03-29 19:28:55,314][__main__][INFO] - after-projection: {'is_misclassified_rate': 0.2653333333333333, 'is_comp_rate': 0.838, 'is_mis_and_comp_rate': 0.12066666666666667, 'l0_costs_mean': 2.424, 'l0_costs_on_mis_mean': 6.14321608040201, 'l0_costs_on_mis_and_comp_mean': 5.082872928176796, 'stand_linf_costs_mean': 0.010665094919602495, 'stand_linf_costs_on_mis_mean': 0.027831239214706146, 'stand_linfcosts_costs_on_mis_and_comp_mean': 0.026938186463700744}
[2026-03-29 19:28:55,314][__main__][INFO] - Evaluations: {'before-attack': {'is_misclassified_rate': 0.10466666666666667, 'is_comp_rate': 0.796, 'is_mis_and_comp_rate': 0.074, 'l0_costs_mean': 0.0, 'l0_costs_on_mis_mean': 0.0, 'l0_costs_on_mis_and_comp_mean': 0.0, 'stand_linf_costs_mean': 0.0, 'stand_linf_costs_on_mis_mean': 0.0, 'stand_linfcosts_costs_on_mis_and_comp_mean': 0.0}, 'after-cafa': {'is_misclassified_rate': 0.33866666666666667, 'is_comp_rate': 0.638, 'is_mis_and_comp_rate': 0.052, 'l0_costs_mean': 2.002, 'l0_costs_on_mis_mean': 5.911417322834645, 'l0_costs_on_mis_and_comp_mean': 3.3461538461538463, 'stand_linf_costs_mean': 0.009331085893997695, 'stand_linf_costs_on_mis_mean': 0.027552418978339648, 'stand_linfcosts_costs_on_mis_and_comp_mean': 0.024552475237358085}, 'after-cafa-projection': {'is_misclassified_rate': 0.2653333333333333, 'is_comp_rate': 0.838, 'is_mis_and_comp_rate': 0.12066666666666667, 'l0_costs_mean': 2.424, 'l0_costs_on_mis_mean': 6.14321608040201, 'l0_costs_on_mis_and_comp_mean': 5.082872928176796, 'stand_linf_costs_mean': 0.010665094919602495, 'stand_linf_costs_on_mis_mean': 0.027831239214706146, 'stand_linfcosts_costs_on_mis_and_comp_mean': 0.026938186463700744}}
[2026-03-29 19:28:55,314][__main__][INFO] - Finished run. results saved in /users/student/rs/rahulky/robust-rfms/attack_tab/outputs/2026-03-29/16-09-11
