[2026-05-05 07:22:45,939][__main__][INFO] - Used config: n_samples_to_attack: 1500
data_split_to_attack: test
save_attack_artifacts: true
perform_training: false
perform_training_grid_search_hparams: false
perform_constraints_mining: false
perform_constraints_ranking: false
perform_constraints_soundness_evaluation: false
perform_attack: true
perform_projection: true
data:
  name: adult
  params:
    dataset_name: ${data.name}
    data_file_path: ${data.paths.data_file_path}
    metadata_file_path: ${data.paths.metadata_file_path}
    encoding_method: one_hot_encoding
    random_seed: 42
    train_proportion: 0.87
  paths:
    data_dir_path: data/${data.name}/raw-data
    data_file_path: ${data.paths.data_dir_path}/adult.data
    metadata_file_path: ${data.paths.data_dir_path}/adult.metadata.csv
    constraints_dir_path: data/${data.name}/mined-constraints
    raw_dcs_out_path: ${data.paths.constraints_dir_path}/adult-13cols__DC_threshold=0.01__fastadc_dcs.txt
    evaluated_dcs_out_path: ${data.paths.constraints_dir_path}/adult-13cols__DC_threshold=0.01__fastadc_dcs__eval.csv
ml_model:
  model_type: kernel
  model_artifact_path: trained-models/kernel/${data.name}-laplacian-${ml_model.model_type}.pt
  perform_training: ${perform_training}
  perform_grid_search_hparams: ${perform_training_grid_search_hparams}
  default_hparams:
    kernel: laplacian
    L: 0.5
    reg: 0.001
    version: rfm
    iters: 5
    egop_samples: 20000
    egop_batch_size: 2500
attack:
  attack_name: cafa
  random_init: true
  random_seed: null
  max_iter: 250
  max_iter_tabpgd: 100
  eps: 1
  step_size: 0.01
  perturb_categorical_each_steps: 10
constraints:
  constrainer_params:
    evaluated_dcs_out_path: ${data.paths.evaluated_dcs_out_path}
    n_dcs: 5000
    n_tuples: 1
    limit_cost_ball: true
    cost_ball_eps: 1.0
  projector_params:
    upper_projection_budget_bound: 1.0
  mining_params:
    perform_constraints_mining: ${perform_constraints_mining}
    perform_constraints_ranking: ${perform_constraints_ranking}
    raw_dcs_out_path: ${data.paths.raw_dcs_out_path}
    evaluated_dcs_out_path: ${data.paths.evaluated_dcs_out_path}
    approx_violation_threshold: 0.01
    path_to_fastadc_miner_jar: src/constraints/mining/resources/FastADC-1.0-SNAPSHOT.jar
    n_dcs_to_eval: 10000
    n_tuples_to_eval: 1000
    n_other_tuples_to_eval: 8000

[2026-05-05 07:22:46,534][src.models.utils][INFO] - Loading model from trained-models/kernel/adult-laplacian-kernel.pt
[2026-05-05 07:22:47,062][art.estimators.classification.pytorch][INFO] - Inferred 0 hidden layers on PyTorch classifier.
[2026-05-05 07:22:47,271][__main__][INFO] - Initializing constraint set and projector for the attack.
[2026-05-05 07:28:23,595][__main__][INFO] - before-attack: {'is_misclassified_rate': 0.276, 'is_comp_rate': 1.0, 'is_mis_and_comp_rate': 0.276, 'l0_costs_mean': 0.0, 'l0_costs_on_mis_mean': 0.0, 'l0_costs_on_mis_and_comp_mean': 0.0, 'stand_linf_costs_mean': 0.0, 'stand_linf_costs_on_mis_mean': 0.0, 'stand_linfcosts_costs_on_mis_and_comp_mean': 0.0}
[2026-05-05 07:28:23,596][__main__][INFO] - Executing CaFA attack.
[2026-05-05 07:40:46,874][__main__][INFO] - after-cafa: {'is_misclassified_rate': 1.0, 'is_comp_rate': 0.5833333333333334, 'is_mis_and_comp_rate': 0.5833333333333334, 'l0_costs_mean': 1.5493333333333332, 'l0_costs_on_mis_mean': 1.5493333333333332, 'l0_costs_on_mis_and_comp_mean': 0.9725714285714285, 'stand_linf_costs_mean': 0.3355791082006455, 'stand_linf_costs_on_mis_mean': 0.3355791082006455, 'stand_linfcosts_costs_on_mis_and_comp_mean': 0.1992699943936034}
[2026-05-05 07:40:46,876][__main__][INFO] - Executing projection of the crafted samples onto the constrained space.
[2026-05-05 07:51:06,852][__main__][INFO] - after-projection: {'is_misclassified_rate': 0.6953333333333334, 'is_comp_rate': 1.0, 'is_mis_and_comp_rate': 0.6953333333333334, 'l0_costs_mean': 6.911333333333333, 'l0_costs_on_mis_mean': 3.193672099712368, 'l0_costs_on_mis_and_comp_mean': 3.193672099712368, 'stand_linf_costs_mean': 0.24374160126081373, 'stand_linf_costs_on_mis_mean': 0.2144531184922273, 'stand_linfcosts_costs_on_mis_and_comp_mean': 0.2144531184922273}
[2026-05-05 07:51:06,854][__main__][INFO] - Evaluations: {'before-attack-test': {'is_misclassified_rate': 0.297556142668428, 'is_comp_rate': 1.0, 'is_mis_and_comp_rate': 0.297556142668428, 'l0_costs_mean': 0.0, 'l0_costs_on_mis_mean': 0.0, 'l0_costs_on_mis_and_comp_mean': 0.0, 'stand_linf_costs_mean': 0.0, 'stand_linf_costs_on_mis_mean': 0.0, 'stand_linfcosts_costs_on_mis_and_comp_mean': 0.0}, 'before-attack': {'is_misclassified_rate': 0.276, 'is_comp_rate': 1.0, 'is_mis_and_comp_rate': 0.276, 'l0_costs_mean': 0.0, 'l0_costs_on_mis_mean': 0.0, 'l0_costs_on_mis_and_comp_mean': 0.0, 'stand_linf_costs_mean': 0.0, 'stand_linf_costs_on_mis_mean': 0.0, 'stand_linfcosts_costs_on_mis_and_comp_mean': 0.0}, 'after-cafa': {'is_misclassified_rate': 1.0, 'is_comp_rate': 0.5833333333333334, 'is_mis_and_comp_rate': 0.5833333333333334, 'l0_costs_mean': 1.5493333333333332, 'l0_costs_on_mis_mean': 1.5493333333333332, 'l0_costs_on_mis_and_comp_mean': 0.9725714285714285, 'stand_linf_costs_mean': 0.3355791082006455, 'stand_linf_costs_on_mis_mean': 0.3355791082006455, 'stand_linfcosts_costs_on_mis_and_comp_mean': 0.1992699943936034}, 'after-cafa-projection': {'is_misclassified_rate': 0.6953333333333334, 'is_comp_rate': 1.0, 'is_mis_and_comp_rate': 0.6953333333333334, 'l0_costs_mean': 6.911333333333333, 'l0_costs_on_mis_mean': 3.193672099712368, 'l0_costs_on_mis_and_comp_mean': 3.193672099712368, 'stand_linf_costs_mean': 0.24374160126081373, 'stand_linf_costs_on_mis_mean': 0.2144531184922273, 'stand_linfcosts_costs_on_mis_and_comp_mean': 0.2144531184922273}}
[2026-05-05 07:51:06,857][__main__][INFO] - Finished run. results saved in /janaki/backup/users/student/rs/rahulky/water/attack_tab/outputs/2026-05-05/07-22-45
